###############################################################################
#
# IAR ELF Linker V8.40.1.212/W32 for ARM                  15/Dec/2019  23:00:14
# Copyright 2007-2019 IAR Systems AB.
#
#    Output file  =
#        D:\GMY0\A_competition\Smart_Car\Smart_Car\RT1064\IAR\program\nor_sdram_zf_dtcm\Exe\RT106X.out
#    Map file     =
#        D:\GMY0\A_competition\Smart_Car\Smart_Car\RT1064\IAR\program\nor_sdram_zf_dtcm\List\RT106X.map
#    Command line =
#        -f C:\Users\23837\AppData\Local\Temp\EW61FC.tmp
#        (D:\GMY0\A_competition\Smart_Car\Smart_Car\RT1064\IAR\program\nor_sdram_zf_dtcm\Obj\board.o
#        D:\GMY0\A_competition\Smart_Car\Smart_Car\RT1064\IAR\program\nor_sdram_zf_dtcm\Obj\clock_config.o
#        D:\GMY0\A_competition\Smart_Car\Smart_Car\RT1064\IAR\program\nor_sdram_zf_dtcm\Obj\common.o
#        D:\GMY0\A_competition\Smart_Car\Smart_Car\RT1064\IAR\program\nor_sdram_zf_dtcm\Obj\control.o
#        D:\GMY0\A_competition\Smart_Car\Smart_Car\RT1064\IAR\program\nor_sdram_zf_dtcm\Obj\Data_Send.o
#        D:\GMY0\A_competition\Smart_Car\Smart_Car\RT1064\IAR\program\nor_sdram_zf_dtcm\Obj\diff.o
#        D:\GMY0\A_competition\Smart_Car\Smart_Car\RT1064\IAR\program\nor_sdram_zf_dtcm\Obj\evkmimxrt1064_flexspi_nor_config.o
#        D:\GMY0\A_competition\Smart_Car\Smart_Car\RT1064\IAR\program\nor_sdram_zf_dtcm\Obj\evkmimxrt1064_sdram_ini_dcd.o
#        D:\GMY0\A_competition\Smart_Car\Smart_Car\RT1064\IAR\program\nor_sdram_zf_dtcm\Obj\fsl_adc.o
#        D:\GMY0\A_competition\Smart_Car\Smart_Car\RT1064\IAR\program\nor_sdram_zf_dtcm\Obj\fsl_adc_etc.o
#        D:\GMY0\A_competition\Smart_Car\Smart_Car\RT1064\IAR\program\nor_sdram_zf_dtcm\Obj\fsl_aipstz.o
#        D:\GMY0\A_competition\Smart_Car\Smart_Car\RT1064\IAR\program\nor_sdram_zf_dtcm\Obj\fsl_aoi.o
#        D:\GMY0\A_competition\Smart_Car\Smart_Car\RT1064\IAR\program\nor_sdram_zf_dtcm\Obj\fsl_assert.o
#        D:\GMY0\A_competition\Smart_Car\Smart_Car\RT1064\IAR\program\nor_sdram_zf_dtcm\Obj\fsl_bee.o
#        D:\GMY0\A_competition\Smart_Car\Smart_Car\RT1064\IAR\program\nor_sdram_zf_dtcm\Obj\fsl_cache.o
#        D:\GMY0\A_competition\Smart_Car\Smart_Car\RT1064\IAR\program\nor_sdram_zf_dtcm\Obj\fsl_clock.o
#        D:\GMY0\A_competition\Smart_Car\Smart_Car\RT1064\IAR\program\nor_sdram_zf_dtcm\Obj\fsl_cmp.o
#        D:\GMY0\A_competition\Smart_Car\Smart_Car\RT1064\IAR\program\nor_sdram_zf_dtcm\Obj\fsl_common.o
#        D:\GMY0\A_competition\Smart_Car\Smart_Car\RT1064\IAR\program\nor_sdram_zf_dtcm\Obj\fsl_csi.o
#        D:\GMY0\A_competition\Smart_Car\Smart_Car\RT1064\IAR\program\nor_sdram_zf_dtcm\Obj\fsl_dcdc.o
#        D:\GMY0\A_competition\Smart_Car\Smart_Car\RT1064\IAR\program\nor_sdram_zf_dtcm\Obj\fsl_dcp.o
#        D:\GMY0\A_competition\Smart_Car\Smart_Car\RT1064\IAR\program\nor_sdram_zf_dtcm\Obj\fsl_debug_console.o
#        D:\GMY0\A_competition\Smart_Car\Smart_Car\RT1064\IAR\program\nor_sdram_zf_dtcm\Obj\fsl_dmamux.o
#        D:\GMY0\A_competition\Smart_Car\Smart_Car\RT1064\IAR\program\nor_sdram_zf_dtcm\Obj\fsl_edma.o
#        D:\GMY0\A_competition\Smart_Car\Smart_Car\RT1064\IAR\program\nor_sdram_zf_dtcm\Obj\fsl_elcdif.o
#        D:\GMY0\A_competition\Smart_Car\Smart_Car\RT1064\IAR\program\nor_sdram_zf_dtcm\Obj\fsl_enc.o
#        D:\GMY0\A_competition\Smart_Car\Smart_Car\RT1064\IAR\program\nor_sdram_zf_dtcm\Obj\fsl_enet.o
#        D:\GMY0\A_competition\Smart_Car\Smart_Car\RT1064\IAR\program\nor_sdram_zf_dtcm\Obj\fsl_ewm.o
#        D:\GMY0\A_competition\Smart_Car\Smart_Car\RT1064\IAR\program\nor_sdram_zf_dtcm\Obj\fsl_flexcan.o
#        D:\GMY0\A_competition\Smart_Car\Smart_Car\RT1064\IAR\program\nor_sdram_zf_dtcm\Obj\fsl_flexio.o
#        D:\GMY0\A_competition\Smart_Car\Smart_Car\RT1064\IAR\program\nor_sdram_zf_dtcm\Obj\fsl_flexio_camera.o
#        D:\GMY0\A_competition\Smart_Car\Smart_Car\RT1064\IAR\program\nor_sdram_zf_dtcm\Obj\fsl_flexio_i2c_master.o
#        D:\GMY0\A_competition\Smart_Car\Smart_Car\RT1064\IAR\program\nor_sdram_zf_dtcm\Obj\fsl_flexio_i2s.o
#        D:\GMY0\A_competition\Smart_Car\Smart_Car\RT1064\IAR\program\nor_sdram_zf_dtcm\Obj\fsl_flexio_i2s_edma.o
#        D:\GMY0\A_competition\Smart_Car\Smart_Car\RT1064\IAR\program\nor_sdram_zf_dtcm\Obj\fsl_flexio_spi.o
#        D:\GMY0\A_competition\Smart_Car\Smart_Car\RT1064\IAR\program\nor_sdram_zf_dtcm\Obj\fsl_flexio_spi_edma.o
#        D:\GMY0\A_competition\Smart_Car\Smart_Car\RT1064\IAR\program\nor_sdram_zf_dtcm\Obj\fsl_flexio_uart.o
#        D:\GMY0\A_competition\Smart_Car\Smart_Car\RT1064\IAR\program\nor_sdram_zf_dtcm\Obj\fsl_flexio_uart_edma.o
#        D:\GMY0\A_competition\Smart_Car\Smart_Car\RT1064\IAR\program\nor_sdram_zf_dtcm\Obj\fsl_flexram.o
#        D:\GMY0\A_competition\Smart_Car\Smart_Car\RT1064\IAR\program\nor_sdram_zf_dtcm\Obj\fsl_flexspi.o
#        D:\GMY0\A_competition\Smart_Car\Smart_Car\RT1064\IAR\program\nor_sdram_zf_dtcm\Obj\fsl_flexspi_nor_boot.o
#        D:\GMY0\A_competition\Smart_Car\Smart_Car\RT1064\IAR\program\nor_sdram_zf_dtcm\Obj\fsl_gpc.o
#        D:\GMY0\A_competition\Smart_Car\Smart_Car\RT1064\IAR\program\nor_sdram_zf_dtcm\Obj\fsl_gpio.o
#        D:\GMY0\A_competition\Smart_Car\Smart_Car\RT1064\IAR\program\nor_sdram_zf_dtcm\Obj\fsl_gpt.o
#        D:\GMY0\A_competition\Smart_Car\Smart_Car\RT1064\IAR\program\nor_sdram_zf_dtcm\Obj\fsl_kpp.o
#        D:\GMY0\A_competition\Smart_Car\Smart_Car\RT1064\IAR\program\nor_sdram_zf_dtcm\Obj\fsl_lpi2c.o
#        D:\GMY0\A_competition\Smart_Car\Smart_Car\RT1064\IAR\program\nor_sdram_zf_dtcm\Obj\fsl_lpi2c_edma.o
#        D:\GMY0\A_competition\Smart_Car\Smart_Car\RT1064\IAR\program\nor_sdram_zf_dtcm\Obj\fsl_lpspi.o
#        D:\GMY0\A_competition\Smart_Car\Smart_Car\RT1064\IAR\program\nor_sdram_zf_dtcm\Obj\fsl_lpspi_edma.o
#        D:\GMY0\A_competition\Smart_Car\Smart_Car\RT1064\IAR\program\nor_sdram_zf_dtcm\Obj\fsl_lpuart.o
#        D:\GMY0\A_competition\Smart_Car\Smart_Car\RT1064\IAR\program\nor_sdram_zf_dtcm\Obj\fsl_lpuart_edma.o
#        D:\GMY0\A_competition\Smart_Car\Smart_Car\RT1064\IAR\program\nor_sdram_zf_dtcm\Obj\fsl_notifier.o
#        D:\GMY0\A_competition\Smart_Car\Smart_Car\RT1064\IAR\program\nor_sdram_zf_dtcm\Obj\fsl_ocotp.o
#        D:\GMY0\A_competition\Smart_Car\Smart_Car\RT1064\IAR\program\nor_sdram_zf_dtcm\Obj\fsl_pit.o
#        D:\GMY0\A_competition\Smart_Car\Smart_Car\RT1064\IAR\program\nor_sdram_zf_dtcm\Obj\fsl_pmu.o
#        D:\GMY0\A_competition\Smart_Car\Smart_Car\RT1064\IAR\program\nor_sdram_zf_dtcm\Obj\fsl_pwm.o
#        D:\GMY0\A_competition\Smart_Car\Smart_Car\RT1064\IAR\program\nor_sdram_zf_dtcm\Obj\fsl_pxp.o
#        D:\GMY0\A_competition\Smart_Car\Smart_Car\RT1064\IAR\program\nor_sdram_zf_dtcm\Obj\fsl_qtmr.o
#        D:\GMY0\A_competition\Smart_Car\Smart_Car\RT1064\IAR\program\nor_sdram_zf_dtcm\Obj\fsl_rtwdog.o
#        D:\GMY0\A_competition\Smart_Car\Smart_Car\RT1064\IAR\program\nor_sdram_zf_dtcm\Obj\fsl_sai.o
#        D:\GMY0\A_competition\Smart_Car\Smart_Car\RT1064\IAR\program\nor_sdram_zf_dtcm\Obj\fsl_sai_edma.o
#        D:\GMY0\A_competition\Smart_Car\Smart_Car\RT1064\IAR\program\nor_sdram_zf_dtcm\Obj\fsl_sbrk.o
#        D:\GMY0\A_competition\Smart_Car\Smart_Car\RT1064\IAR\program\nor_sdram_zf_dtcm\Obj\fsl_semc.o
#        D:\GMY0\A_competition\Smart_Car\Smart_Car\RT1064\IAR\program\nor_sdram_zf_dtcm\Obj\fsl_shell.o
#        D:\GMY0\A_competition\Smart_Car\Smart_Car\RT1064\IAR\program\nor_sdram_zf_dtcm\Obj\fsl_snvs_hp.o
#        D:\GMY0\A_competition\Smart_Car\Smart_Car\RT1064\IAR\program\nor_sdram_zf_dtcm\Obj\fsl_snvs_lp.o
#        D:\GMY0\A_competition\Smart_Car\Smart_Car\RT1064\IAR\program\nor_sdram_zf_dtcm\Obj\fsl_spdif.o
#        D:\GMY0\A_competition\Smart_Car\Smart_Car\RT1064\IAR\program\nor_sdram_zf_dtcm\Obj\fsl_spdif_edma.o
#        D:\GMY0\A_competition\Smart_Car\Smart_Car\RT1064\IAR\program\nor_sdram_zf_dtcm\Obj\fsl_src.o
#        D:\GMY0\A_competition\Smart_Car\Smart_Car\RT1064\IAR\program\nor_sdram_zf_dtcm\Obj\fsl_str.o
#        D:\GMY0\A_competition\Smart_Car\Smart_Car\RT1064\IAR\program\nor_sdram_zf_dtcm\Obj\fsl_tempmon.o
#        D:\GMY0\A_competition\Smart_Car\Smart_Car\RT1064\IAR\program\nor_sdram_zf_dtcm\Obj\fsl_trng.o
#        D:\GMY0\A_competition\Smart_Car\Smart_Car\RT1064\IAR\program\nor_sdram_zf_dtcm\Obj\fsl_tsc.o
#        D:\GMY0\A_competition\Smart_Car\Smart_Car\RT1064\IAR\program\nor_sdram_zf_dtcm\Obj\fsl_usdhc.o
#        D:\GMY0\A_competition\Smart_Car\Smart_Car\RT1064\IAR\program\nor_sdram_zf_dtcm\Obj\fsl_wdog.o
#        D:\GMY0\A_competition\Smart_Car\Smart_Car\RT1064\IAR\program\nor_sdram_zf_dtcm\Obj\fsl_xbara.o
#        D:\GMY0\A_competition\Smart_Car\Smart_Car\RT1064\IAR\program\nor_sdram_zf_dtcm\Obj\fsl_xbarb.o
#        D:\GMY0\A_competition\Smart_Car\Smart_Car\RT1064\IAR\program\nor_sdram_zf_dtcm\Obj\function.o
#        D:\GMY0\A_competition\Smart_Car\Smart_Car\RT1064\IAR\program\nor_sdram_zf_dtcm\Obj\generic_list.o
#        D:\GMY0\A_competition\Smart_Car\Smart_Car\RT1064\IAR\program\nor_sdram_zf_dtcm\Obj\isr.o
#        D:\GMY0\A_competition\Smart_Car\Smart_Car\RT1064\IAR\program\nor_sdram_zf_dtcm\Obj\lpuart_adapter.o
#        D:\GMY0\A_competition\Smart_Car\Smart_Car\RT1064\IAR\program\nor_sdram_zf_dtcm\Obj\main.o
#        D:\GMY0\A_competition\Smart_Car\Smart_Car\RT1064\IAR\program\nor_sdram_zf_dtcm\Obj\pin_mux.o
#        D:\GMY0\A_competition\Smart_Car\Smart_Car\RT1064\IAR\program\nor_sdram_zf_dtcm\Obj\pwm_me.o
#        D:\GMY0\A_competition\Smart_Car\Smart_Car\RT1064\IAR\program\nor_sdram_zf_dtcm\Obj\qtimer.o
#        D:\GMY0\A_competition\Smart_Car\Smart_Car\RT1064\IAR\program\nor_sdram_zf_dtcm\Obj\search.o
#        D:\GMY0\A_competition\Smart_Car\Smart_Car\RT1064\IAR\program\nor_sdram_zf_dtcm\Obj\SEEKFREE_18TFT.o
#        D:\GMY0\A_competition\Smart_Car\Smart_Car\RT1064\IAR\program\nor_sdram_zf_dtcm\Obj\SEEKFREE_FONT.o
#        D:\GMY0\A_competition\Smart_Car\Smart_Car\RT1064\IAR\program\nor_sdram_zf_dtcm\Obj\SEEKFREE_FUN.o
#        D:\GMY0\A_competition\Smart_Car\Smart_Car\RT1064\IAR\program\nor_sdram_zf_dtcm\Obj\SEEKFREE_ICM20602.o
#        D:\GMY0\A_competition\Smart_Car\Smart_Car\RT1064\IAR\program\nor_sdram_zf_dtcm\Obj\SEEKFREE_IIC.o
#        D:\GMY0\A_competition\Smart_Car\Smart_Car\RT1064\IAR\program\nor_sdram_zf_dtcm\Obj\SEEKFREE_IPS114_SPI.o
#        D:\GMY0\A_competition\Smart_Car\Smart_Car\RT1064\IAR\program\nor_sdram_zf_dtcm\Obj\SEEKFREE_IPS200_PARALLEL8.o
#        D:\GMY0\A_competition\Smart_Car\Smart_Car\RT1064\IAR\program\nor_sdram_zf_dtcm\Obj\SEEKFREE_L3G4200D.o
#        D:\GMY0\A_competition\Smart_Car\Smart_Car\RT1064\IAR\program\nor_sdram_zf_dtcm\Obj\SEEKFREE_MMA8451.o
#        D:\GMY0\A_competition\Smart_Car\Smart_Car\RT1064\IAR\program\nor_sdram_zf_dtcm\Obj\SEEKFREE_MPU6050.o
#        D:\GMY0\A_competition\Smart_Car\Smart_Car\RT1064\IAR\program\nor_sdram_zf_dtcm\Obj\SEEKFREE_MT9V03X.o
#        D:\GMY0\A_competition\Smart_Car\Smart_Car\RT1064\IAR\program\nor_sdram_zf_dtcm\Obj\SEEKFREE_MT9V03X_CSI.o
#        D:\GMY0\A_competition\Smart_Car\Smart_Car\RT1064\IAR\program\nor_sdram_zf_dtcm\Obj\SEEKFREE_MT9V03X_CSI_ME.o
#        D:\GMY0\A_competition\Smart_Car\Smart_Car\RT1064\IAR\program\nor_sdram_zf_dtcm\Obj\SEEKFREE_NRF24L01.o
#        D:\GMY0\A_competition\Smart_Car\Smart_Car\RT1064\IAR\program\nor_sdram_zf_dtcm\Obj\SEEKFREE_OLED.o
#        D:\GMY0\A_competition\Smart_Car\Smart_Car\RT1064\IAR\program\nor_sdram_zf_dtcm\Obj\SEEKFREE_PRINTF.o
#        D:\GMY0\A_competition\Smart_Car\Smart_Car\RT1064\IAR\program\nor_sdram_zf_dtcm\Obj\SEEKFREE_SCC8660.o
#        D:\GMY0\A_competition\Smart_Car\Smart_Car\RT1064\IAR\program\nor_sdram_zf_dtcm\Obj\SEEKFREE_SCC8660_CSI.o
#        D:\GMY0\A_competition\Smart_Car\Smart_Car\RT1064\IAR\program\nor_sdram_zf_dtcm\Obj\SEEKFREE_VIRSCO.o
#        D:\GMY0\A_competition\Smart_Car\Smart_Car\RT1064\IAR\program\nor_sdram_zf_dtcm\Obj\SEEKFREE_W25QXXJV.o
#        D:\GMY0\A_competition\Smart_Car\Smart_Car\RT1064\IAR\program\nor_sdram_zf_dtcm\Obj\SEEKFREE_WIRELESS.o
#        D:\GMY0\A_competition\Smart_Car\Smart_Car\RT1064\IAR\program\nor_sdram_zf_dtcm\Obj\serial_manager.o
#        D:\GMY0\A_competition\Smart_Car\Smart_Car\RT1064\IAR\program\nor_sdram_zf_dtcm\Obj\serial_port_uart.o
#        D:\GMY0\A_competition\Smart_Car\Smart_Car\RT1064\IAR\program\nor_sdram_zf_dtcm\Obj\speed.o
#        D:\GMY0\A_competition\Smart_Car\Smart_Car\RT1064\IAR\program\nor_sdram_zf_dtcm\Obj\startup_MIMXRT1064.o
#        D:\GMY0\A_competition\Smart_Car\Smart_Car\RT1064\IAR\program\nor_sdram_zf_dtcm\Obj\system_MIMXRT1064.o
#        D:\GMY0\A_competition\Smart_Car\Smart_Car\RT1064\IAR\program\nor_sdram_zf_dtcm\Obj\usb_device_cdc_acm.o
#        D:\GMY0\A_competition\Smart_Car\Smart_Car\RT1064\IAR\program\nor_sdram_zf_dtcm\Obj\usb_device_ch9.o
#        D:\GMY0\A_competition\Smart_Car\Smart_Car\RT1064\IAR\program\nor_sdram_zf_dtcm\Obj\usb_device_class.o
#        D:\GMY0\A_competition\Smart_Car\Smart_Car\RT1064\IAR\program\nor_sdram_zf_dtcm\Obj\usb_device_dci.o
#        D:\GMY0\A_competition\Smart_Car\Smart_Car\RT1064\IAR\program\nor_sdram_zf_dtcm\Obj\usb_device_descriptor.o
#        D:\GMY0\A_competition\Smart_Car\Smart_Car\RT1064\IAR\program\nor_sdram_zf_dtcm\Obj\usb_device_ehci.o
#        D:\GMY0\A_competition\Smart_Car\Smart_Car\RT1064\IAR\program\nor_sdram_zf_dtcm\Obj\usb_osa_bm.o
#        D:\GMY0\A_competition\Smart_Car\Smart_Car\RT1064\IAR\program\nor_sdram_zf_dtcm\Obj\usb_phy.o
#        D:\GMY0\A_competition\Smart_Car\Smart_Car\RT1064\IAR\program\nor_sdram_zf_dtcm\Obj\zf_adc.o
#        D:\GMY0\A_competition\Smart_Car\Smart_Car\RT1064\IAR\program\nor_sdram_zf_dtcm\Obj\zf_camera.o
#        D:\GMY0\A_competition\Smart_Car\Smart_Car\RT1064\IAR\program\nor_sdram_zf_dtcm\Obj\zf_csi.o
#        D:\GMY0\A_competition\Smart_Car\Smart_Car\RT1064\IAR\program\nor_sdram_zf_dtcm\Obj\zf_flash.o
#        D:\GMY0\A_competition\Smart_Car\Smart_Car\RT1064\IAR\program\nor_sdram_zf_dtcm\Obj\zf_gpio.o
#        D:\GMY0\A_competition\Smart_Car\Smart_Car\RT1064\IAR\program\nor_sdram_zf_dtcm\Obj\zf_iic.o
#        D:\GMY0\A_competition\Smart_Car\Smart_Car\RT1064\IAR\program\nor_sdram_zf_dtcm\Obj\zf_iomuxc.o
#        D:\GMY0\A_competition\Smart_Car\Smart_Car\RT1064\IAR\program\nor_sdram_zf_dtcm\Obj\zf_pit.o
#        D:\GMY0\A_competition\Smart_Car\Smart_Car\RT1064\IAR\program\nor_sdram_zf_dtcm\Obj\zf_pwm.o
#        D:\GMY0\A_competition\Smart_Car\Smart_Car\RT1064\IAR\program\nor_sdram_zf_dtcm\Obj\zf_qtimer.o
#        D:\GMY0\A_competition\Smart_Car\Smart_Car\RT1064\IAR\program\nor_sdram_zf_dtcm\Obj\zf_rom_api.o
#        D:\GMY0\A_competition\Smart_Car\Smart_Car\RT1064\IAR\program\nor_sdram_zf_dtcm\Obj\zf_spi.o
#        D:\GMY0\A_competition\Smart_Car\Smart_Car\RT1064\IAR\program\nor_sdram_zf_dtcm\Obj\zf_systick.o
#        D:\GMY0\A_competition\Smart_Car\Smart_Car\RT1064\IAR\program\nor_sdram_zf_dtcm\Obj\zf_uart.o
#        D:\GMY0\A_competition\Smart_Car\Smart_Car\RT1064\IAR\program\nor_sdram_zf_dtcm\Obj\zf_usb_cdc.o
#        D:\GMY0\A_competition\Smart_Car\Smart_Car\RT1064\IAR\program\nor_sdram_zf_dtcm\Obj\zf_vector.o
#        --no_out_extension -o
#        D:\GMY0\A_competition\Smart_Car\Smart_Car\RT1064\IAR\program\nor_sdram_zf_dtcm\Exe\RT106X.out
#        --map
#        D:\GMY0\A_competition\Smart_Car\Smart_Car\RT1064\IAR\program\nor_sdram_zf_dtcm\List\RT106X.map
#        --config
#        D:\GMY0\A_competition\Smart_Car\Smart_Car\RT1064\IAR\program\..\..\IAR\icf\MIMXRT1064xxxxx_flexspi_nor.icf
#        --semihosting --entry __iar_program_start --vfe --text_out locale)
#
###############################################################################

*******************************************************************************
*** RUNTIME MODEL ATTRIBUTES
***

CppFlavor       = *
__Heap_Handler  = DLMalloc
__SystemLibrary = DLib
__dlib_version  = 6


*******************************************************************************
*** HEAP SELECTION
***

The advanced heap was selected because the application calls memory
allocation functions outside of system library functions, and there
are calls to deallocation functions in the application.


*******************************************************************************
*** PLACEMENT SUMMARY
***

"A0":  place at address 0x7000'2000 { ro section .intvec };
"A2":  place at address 0x7000'0000 { section .boot_hdr.conf };
"A3":  place at address 0x7000'1000 { section .boot_hdr.ivt };
"A4":  place at address 0x7000'1020 { ro section .boot_hdr.boot_data };
"A5":  place at address 0x7000'1030 { ro section .boot_hdr.dcd_data };
"P1":  place in [from 0x7000'2000 to 0x7000'23ff] |
                [from 0x7000'2400 to 0x703f'ffff] { ro };
define block RW { first rw, section m_usb_dma_init_data };
"P2":  place in [from 0x8000'0000 to 0x8000'03ff] |
                [from 0x8000'0400 to 0x81df'ffff] { block RW };
define block SDRAM_VAR
   with alignment = 8 { section SDRAM_CACHE, section SDRAM_CACHE.init };
"P11": place in [from 0x8000'0000 to 0x8000'03ff] |
                [from 0x8000'0400 to 0x81df'ffff] { block SDRAM_VAR };
define block ZI
   with alignment = 32 { first zi, section m_usb_dma_noninit_data };
"P3":  place in [from 0x2000'0000 to 0x2006'efff] { block ZI };
"P4":  place in [from 0x2000'0000 to 0x2006'efff] { section .data };
"P5":  place in [from 0x2000'0000 to 0x2006'efff] { section .textrw };
define block DTCM_VAR
   with alignment = 8 { section NonCacheable, section NonCacheable.init };
"P9":  place in [from 0x2000'0000 to 0x2006'efff] { block DTCM_VAR };
define block CSTACK with size = 4K, alignment = 8 { };
"P7":  place in [from 0x2006'f000 to 0x2006'ffff] { block CSTACK };
initialize by copy { rw, section .textrw };
initialize by copy { ro }
   except {
      ro section .intvec, ro object system_MIMXRT1064.o,
      ro object startup_MIMXRT1064.o, section .boot_hdr.conf,
      section .boot_hdr.ivt, section .boot_hdr.boot_data,
      section .boot_hdr.dcd_data };
keep {
   section .boot_hdr.conf, section .boot_hdr.ivt, section .boot_hdr.boot_data,
   section .boot_hdr.dcd_data };

No sections matched the following patterns:

  section .intvec_RAM              in "A1"
  section ITCM_NonCacheable        in block ITCM_VAR
  section ITCM_NonCacheable.init   in block ITCM_VAR
  section NonCacheable             in block DTCM_VAR
  section NonCacheable.init        in block DTCM_VAR
  section OCRAM_CACHE              in block OCRAM_VAR
  section OCRAM_CACHE.init         in block OCRAM_VAR
  section SDRAM_CACHE              in block SDRAM_VAR
  section SDRAM_CACHE.init         in block SDRAM_VAR
  section SDRAM_NonCacheable       in block SDRAM_NCACHE_VAR
  section SDRAM_NonCacheable.init  in block SDRAM_NCACHE_VAR
  section m_usb_dma_init_data      in block RW
  section m_usb_dma_noninit_data   in block ZI


  Section              Kind         Address      Size  Object
  -------              ----         -------      ----  ------
"P3-P5|P9", part 1 of 2:                        0x2d2
  P3-P5|P9 s0                   0x2000'0000     0x2d2  <Init block>
    .data              inited   0x2000'0000      0xf0  search.o [1]
    .textrw            inited   0x2000'00f0      0x4c  SEEKFREE_MT9V03X_CSI_ME.o [1]
    .data              inited   0x2000'013c      0x3c  control.o [1]
    .data              inited   0x2000'0178      0x3c  control.o [1]
    .data              inited   0x2000'01b4      0x3c  control.o [1]
    .data              inited   0x2000'01f0      0x28  zf_gpio.o [1]
    .data              inited   0x2000'0218      0x24  SEEKFREE_MT9V03X_CSI.o [1]
    .data              inited   0x2000'023c      0x24  zf_uart.o [1]
    .data              inited   0x2000'0260      0x20  SEEKFREE_MT9V03X_CSI.o [1]
    .data              inited   0x2000'0280      0x14  zf_pwm.o [1]
    .data              inited   0x2000'0294      0x14  zf_qtimer.o [1]
    .data              inited   0x2000'02a8       0x4  control.o [1]
    .data              inited   0x2000'02ac       0x4  control.o [1]
    .data              inited   0x2000'02b0       0x4  control.o [1]
    .data              inited   0x2000'02b4       0x4  control.o [1]
    .data              inited   0x2000'02b8       0x4  search.o [1]
    .data              inited   0x2000'02bc       0x4  search.o [1]
    .data              inited   0x2000'02c0       0x4  SEEKFREE_MT9V03X_CSI_ME.o [1]
    .data              inited   0x2000'02c4       0x4  speed.o [1]
    .data              inited   0x2000'02c8       0x4  speed.o [1]
    .data              inited   0x2000'02cc       0x4  system_MIMXRT1064.o [1]
    .data              inited   0x2000'02d0       0x1  search.o [1]
    .data              inited   0x2000'02d1       0x1  search.o [1]
                              - 0x2000'02d2     0x2d2

"P3-P5|P9", part 2 of 2:                     0x1'5240
  ZI                            0x2000'02e0  0x1'5240  <Block>
    .bss               zero     0x2000'02e0      0x1c  control.o [1]
    .bss               zero     0x2000'02fc      0x1c  control.o [1]
    .bss               zero     0x2000'0318      0x1c  control.o [1]
    .bss               zero     0x2000'0334      0x1c  control.o [1]
    .bss               zero     0x2000'0350       0x4  control.o [1]
    .bss               zero     0x2000'0354       0x4  control.o [1]
    .bss               zero     0x2000'0358       0x2  control.o [1]
    .bss               zero     0x2000'035a       0x2  control.o [1]
    .bss               zero     0x2000'035c       0x4  control.o [1]
    .bss               zero     0x2000'0360       0x4  control.o [1]
    .bss               zero     0x2000'0364       0x4  control.o [1]
    .bss               zero     0x2000'0368       0x4  control.o [1]
    .bss               zero     0x2000'036c       0x4  control.o [1]
    .bss               zero     0x2000'0370       0x4  control.o [1]
    .bss               zero     0x2000'0374       0x4  control.o [1]
    .bss               zero     0x2000'0378       0x4  control.o [1]
    .bss               zero     0x2000'037c       0x4  control.o [1]
    .bss               zero     0x2000'0380       0x4  control.o [1]
    .bss               zero     0x2000'0384       0x4  control.o [1]
    .bss               zero     0x2000'0388       0x4  control.o [1]
    .bss               zero     0x2000'038c       0x4  control.o [1]
    .bss               zero     0x2000'0390       0x4  control.o [1]
    .bss               zero     0x2000'0394       0x4  control.o [1]
    .bss               zero     0x2000'0398       0x4  control.o [1]
    .bss               zero     0x2000'039c       0x4  control.o [1]
    .bss               zero     0x2000'03a0       0x4  control.o [1]
    .bss               zero     0x2000'03a4       0x4  control.o [1]
    .bss               zero     0x2000'03a8       0x4  control.o [1]
    .bss               zero     0x2000'03ac       0x4  control.o [1]
    .bss               zero     0x2000'03b0       0x4  control.o [1]
    .bss               zero     0x2000'03b4       0x4  control.o [1]
    .bss               zero     0x2000'03b8       0x4  control.o [1]
    .bss               zero     0x2000'03bc       0x4  control.o [1]
    .bss               zero     0x2000'03c0       0x4  control.o [1]
    .bss               zero     0x2000'03c4       0x4  control.o [1]
    .bss               zero     0x2000'03c8       0x4  control.o [1]
    .bss               zero     0x2000'03cc     0x4b0  Data_Send.o [1]
    .bss               zero     0x2000'087c       0x4  Data_Send.o [1]
    .bss               zero     0x2000'0880       0x1  Data_Send.o [1]
    .bss               zero     0x2000'0884       0x4  Data_Send.o [1]
    .bss               zero     0x2000'0888      0x50  Data_Send.o [1]
    .bss               zero     0x2000'08d8       0x1  diff.o [1]
    .bss               zero     0x2000'08dc       0x4  fsl_clock.o [1]
    .bss               zero     0x2000'08e0       0x4  fsl_clock.o [1]
    .bss               zero     0x2000'08e4       0x4  fsl_csi.o [1]
    .bss               zero     0x2000'08e8       0x4  fsl_csi.o [1]
    .bss               zero     0x2000'08ec      0x1c  fsl_debug_console.o [1]
    .bss               zero     0x2000'0908       0x4  fsl_debug_console.o [1]
    .bss               zero     0x2000'090c      0x80  fsl_edma.o [1]
    .bss               zero     0x2000'098c       0x8  fsl_enet.o [1]
    .bss               zero     0x2000'0994       0x4  fsl_enet.o [1]
    .bss               zero     0x2000'0998       0x4  fsl_enet.o [1]
    .bss               zero     0x2000'099c       0x4  fsl_enet.o [1]
    .bss               zero     0x2000'09a0       0x4  fsl_enet.o [1]
    .bss               zero     0x2000'09a4      0x10  fsl_flexcan.o [1]
    .bss               zero     0x2000'09b4       0x4  fsl_flexcan.o [1]
    .bss               zero     0x2000'09b8       0x8  fsl_flexio.o [1]
    .bss               zero     0x2000'09c0       0x8  fsl_flexio.o [1]
    .bss               zero     0x2000'09c8       0x8  fsl_flexio.o [1]
    .bss               zero     0x2000'09d0       0x4  fsl_lpi2c.o [1]
    .bss               zero     0x2000'09d4      0x14  fsl_lpi2c.o [1]
    .bss               zero     0x2000'09e8       0x4  fsl_lpi2c.o [1]
    .bss               zero     0x2000'09ec      0x14  fsl_lpi2c.o [1]
    .bss               zero     0x2000'0a00      0x14  fsl_lpspi.o [1]
    .bss               zero     0x2000'0a14       0x4  fsl_lpspi.o [1]
    .bss               zero     0x2000'0a18       0x4  fsl_lpspi.o [1]
    .bss               zero     0x2000'0a1c      0x24  fsl_lpuart.o [1]
    .bss               zero     0x2000'0a40       0x4  fsl_lpuart.o [1]
    .bss               zero     0x2000'0a44      0x20  fsl_sai.o [1]
    .bss               zero     0x2000'0a64       0x4  fsl_sai.o [1]
    .bss               zero     0x2000'0a68       0x4  fsl_sai.o [1]
    .bss               zero     0x2000'0a6c       0x8  fsl_spdif.o [1]
    .bss               zero     0x2000'0a74       0x4  fsl_spdif.o [1]
    .bss               zero     0x2000'0a78       0x4  fsl_spdif.o [1]
    .bss               zero     0x2000'0a7c       0xc  fsl_usdhc.o [1]
    .bss               zero     0x2000'0a88       0x4  fsl_usdhc.o [1]
    .bss               zero     0x2000'0a8c      0xf0  search.o [1]
    .bss               zero     0x2000'0b7c      0xf0  search.o [1]
    .bss               zero     0x2000'0c6c      0xf0  search.o [1]
    .bss               zero     0x2000'0d5c      0xf0  search.o [1]
    .bss               zero     0x2000'0e4c      0xf0  search.o [1]
    .bss               zero     0x2000'0f3c       0x4  search.o [1]
    .bss               zero     0x2000'0f40      0x10  search.o [1]
    .bss               zero     0x2000'0f50       0x4  search.o [1]
    .bss               zero     0x2000'0f54      0xf0  search.o [1]
    .bss               zero     0x2000'1044       0x4  search.o [1]
    .bss               zero     0x2000'1048       0x4  search.o [1]
    .bss               zero     0x2000'104c       0x4  search.o [1]
    .bss               zero     0x2000'1050       0x4  search.o [1]
    .bss               zero     0x2000'1054       0x4  search.o [1]
    .bss               zero     0x2000'1058       0x4  search.o [1]
    .bss               zero     0x2000'105c       0x4  search.o [1]
    .bss               zero     0x2000'1060       0x4  search.o [1]
    .bss               zero     0x2000'1064      0x10  search.o [1]
    .bss               zero     0x2000'1074      0x10  search.o [1]
    .bss               zero     0x2000'1084       0x4  search.o [1]
    .bss               zero     0x2000'1088       0x4  search.o [1]
    .bss               zero     0x2000'108c       0x4  search.o [1]
    .bss               zero     0x2000'1090       0x4  search.o [1]
    .bss               zero     0x2000'1094       0x4  search.o [1]
    .bss               zero     0x2000'1098       0x4  search.o [1]
    .bss               zero     0x2000'109c       0x4  search.o [1]
    .bss               zero     0x2000'10a0       0x4  search.o [1]
    .bss               zero     0x2000'10a4       0x4  search.o [1]
    .bss               zero     0x2000'10a8       0x4  search.o [1]
    .bss               zero     0x2000'10ac       0x4  search.o [1]
    .bss               zero     0x2000'10b0       0x4  search.o [1]
    .bss               zero     0x2000'10b4       0x4  search.o [1]
    .bss               zero     0x2000'10b8       0x4  search.o [1]
    .bss               zero     0x2000'10bc       0x4  search.o [1]
    .bss               zero     0x2000'10c0      0xf0  search.o [1]
    .bss               zero     0x2000'11b0      0xf0  search.o [1]
    .bss               zero     0x2000'12a0       0x4  search.o [1]
    .bss               zero     0x2000'12a4       0x4  search.o [1]
    .bss               zero     0x2000'12a8       0x4  search.o [1]
    .bss               zero     0x2000'12ac       0x4  search.o [1]
    .bss               zero     0x2000'12b0       0x4  search.o [1]
    .bss               zero     0x2000'12b4       0x4  search.o [1]
    .bss               zero     0x2000'12b8       0x4  search.o [1]
    .bss               zero     0x2000'12bc       0x4  search.o [1]
    .bss               zero     0x2000'12c0       0x4  search.o [1]
    .bss               zero     0x2000'12c4       0x4  search.o [1]
    .bss               zero     0x2000'12c8       0x4  search.o [1]
    .bss               zero     0x2000'12cc       0x4  search.o [1]
    .bss               zero     0x2000'12d0       0x4  search.o [1]
    .bss               zero     0x2000'12d4       0x4  search.o [1]
    .bss               zero     0x2000'12d8       0x4  search.o [1]
    .bss               zero     0x2000'12dc       0x4  search.o [1]
    .bss               zero     0x2000'12e0       0x2  SEEKFREE_ICM20602.o [1]
    .bss               zero     0x2000'12e4    0x5820  SEEKFREE_MT9V03X.o [1]
    .bss               zero     0x2000'6b04       0x4  SEEKFREE_MT9V03X.o [1]
    .bss               zero     0x2000'6b08       0x1  SEEKFREE_MT9V03X.o [1]
    .bss               zero     0x2000'6b09       0x1  SEEKFREE_MT9V03X.o [1]
    .bss               zero     0x2000'6b40    0x5820  SEEKFREE_MT9V03X_CSI.o [1]
    .bss               zero     0x2000'c380    0x5820  SEEKFREE_MT9V03X_CSI.o [1]
    .bss               zero     0x2001'1ba0       0x4  SEEKFREE_MT9V03X_CSI.o [1]
    .bss               zero     0x2001'1ba4       0x1  SEEKFREE_MT9V03X_CSI.o [1]
    .bss               zero     0x2001'1ba8       0x8  SEEKFREE_MT9V03X_CSI.o [1]
    .bss               zero     0x2001'1bb0      0x30  SEEKFREE_MT9V03X_CSI.o [1]
    .bss               zero     0x2001'1be0       0x1  SEEKFREE_MT9V03X_CSI.o [1]
    .bss               zero     0x2001'1be4    0x12c0  SEEKFREE_MT9V03X_CSI_ME.o [1]
    .bss               zero     0x2001'2ea4    0x2580  SEEKFREE_MT9V03X_CSI_ME.o [1]
    .bss               zero     0x2001'5424      0x78  SEEKFREE_MT9V03X_CSI_ME.o [1]
    .bss               zero     0x2001'549c       0x4  SEEKFREE_MT9V03X_CSI_ME.o [1]
    .bss               zero     0x2001'54a0       0x4  SEEKFREE_MT9V03X_CSI_ME.o [1]
    .bss               zero     0x2001'54a4       0x4  SEEKFREE_MT9V03X_CSI_ME.o [1]
    .bss               zero     0x2001'54a8       0x4  speed.o [1]
    .bss               zero     0x2001'54ac       0x4  speed.o [1]
    .bss               zero     0x2001'54b0      0x18  speed.o [1]
    .bss               zero     0x2001'54c8       0x8  speed.o [1]
    .bss               zero     0x2001'54d0       0x4  speed.o [1]
    .bss               zero     0x2001'54d4      0x1c  zf_camera.o [1]
    .bss               zero     0x2001'54f0      0x1c  zf_csi.o [1]
    .bss               zero     0x2001'550c       0x4  zf_csi.o [1]
    .bss               zero     0x2001'5510      0x10  zf_usb_cdc.o [1]
                              - 0x2001'5520  0x1'5240

"P7":                                          0x1000
  CSTACK                        0x2006'f000    0x1000  <Block>
    CSTACK             uninit   0x2006'f000    0x1000  <Block tail>
                              - 0x2007'0000    0x1000

"A2":                                           0x200
  .boot_hdr.conf       const    0x7000'0000     0x200  evkmimxrt1064_flexspi_nor_config.o [1]
                              - 0x7000'0200     0x200

"A3":                                            0x20
  .boot_hdr.ivt        const    0x7000'1000      0x20  fsl_flexspi_nor_boot.o [1]
                              - 0x7000'1020      0x20

"A4":                                            0x10
  .boot_hdr.boot_data  const    0x7000'1020      0x10  fsl_flexspi_nor_boot.o [1]
                              - 0x7000'1030      0x10

"A5":                                           0x430
  .boot_hdr.dcd_data   const    0x7000'1030     0x430  evkmimxrt1064_sdram_ini_dcd.o [1]
                              - 0x7000'1460     0x430

"A0":                                           0x440
  .intvec              const    0x7000'2000     0x400  zf_vector.o [1]
  .intvec              ro code  0x7000'2400      0x40  vector_table_M.o [4]
                              - 0x7000'2440     0x440

"P1":                                          0xb68d
  .text                ro code  0x7000'2440     0x1ec  lz77_init.o [4]
  .text                ro code  0x7000'262c       0x6  abort.o [2]
  .text                ro code  0x7000'2632      0x3a  zero_init3.o [4]
  .text                ro code  0x7000'266c      0x14  exit.o [5]
  .text                ro code  0x7000'2680     0x17e  system_MIMXRT1064.o [1]
  .text                ro code  0x7000'2800      0x6c  startup_MIMXRT1064.o [1]
  .text                ro code  0x7000'286c      0x28  data_init.o [4]
  .text                ro code  0x7000'2894      0x22  fpinit_M.o [3]
  .iar.init_table      const    0x7000'28b8      0x48  - Linker created -
  Veneer               ro code  0x7000'2900       0x8  - Linker created -
  Veneer               ro code  0x7000'2908       0x8  - Linker created -
  .text                ro code  0x7000'2910      0x1e  cmain.o [4]
  .text                ro code  0x7000'292e       0x4  low_level_init.o [2]
  .text                ro code  0x7000'2932       0xc  cstartup_M.o [4]
  .rodata              const    0x7000'293e       0x0  zero_init3.o [4]
  .rodata              const    0x7000'293e       0x0  lz77_init.o [4]
  Initializer bytes    const    0x7000'293e    0xaf5f  <for RW-1>
  Initializer bytes    const    0x7000'd89d     0x230  <for P3-P5|P9 s0>
                              - 0x7000'dacd    0xb68d

"P2|P11":                                    0x1'3526
  RW                            0x8000'0400  0x1'3526  <Block>
    RW-1                        0x8000'0400  0x1'3526  <Init block>
      .rodata          inited   0x8000'0400     0x420  pow64.o [3]
      .rodata          inited   0x8000'0820      0x18  clock_config.o [1]
      .rodata          inited   0x8000'0838      0x58  clock_config.o [1]
      .rodata          inited   0x8000'0890       0xc  clock_config.o [1]
      .rodata          inited   0x8000'089c       0x8  clock_config.o [1]
      .rodata          inited   0x8000'08a4      0x2c  fsl_assert.o [1]
      .rodata          inited   0x8000'08d0      0x10  fsl_clock.o [1]
      .rodata          inited   0x8000'08e0      0x58  fsl_clock.o [1]
      .rodata          inited   0x8000'0938      0x10  fsl_clock.o [1]
      .rodata          inited   0x8000'0948       0xc  fsl_csi.o [1]
      .rodata          inited   0x8000'0954      0x58  fsl_csi.o [1]
      .rodata          inited   0x8000'09ac      0x3c  fsl_csi.o [1]
      .rodata          inited   0x8000'09e8      0x54  fsl_csi.o [1]
      .rodata          inited   0x8000'0a3c       0x8  fsl_csi.o [1]
      .rodata          inited   0x8000'0a44       0x8  fsl_csi.o [1]
      .rodata          inited   0x8000'0a4c       0x4  fsl_csi.o [1]
      .rodata          inited   0x8000'0a50       0x8  fsl_debug_console.o [1]
      .rodata          inited   0x8000'0a58      0x70  fsl_debug_console.o [1]
      .rodata          inited   0x8000'0ac8       0xc  fsl_debug_console.o [1]
      .rodata          inited   0x8000'0ad4      0x28  fsl_debug_console.o [1]
      .rodata          inited   0x8000'0afc      0x10  fsl_debug_console.o [1]
      .rodata          inited   0x8000'0b0c      0x54  fsl_edma.o [1]
      .rodata          inited   0x8000'0b60      0x10  fsl_edma.o [1]
      .rodata          inited   0x8000'0b70       0xc  fsl_edma.o [1]
      .rodata          inited   0x8000'0b7c      0x3c  fsl_enet.o [1]
      .rodata          inited   0x8000'0bb8      0x54  fsl_enet.o [1]
      .rodata          inited   0x8000'0c0c       0xc  fsl_enet.o [1]
      .rodata          inited   0x8000'0c18      0x58  fsl_flexcan.o [1]
      .rodata          inited   0x8000'0c70      0x14  fsl_flexcan.o [1]
      .rodata          inited   0x8000'0c84      0x14  fsl_flexcan.o [1]
      .rodata          inited   0x8000'0c98      0x14  fsl_flexcan.o [1]
      .rodata          inited   0x8000'0cac      0x58  fsl_lpspi.o [1]
      .rodata          inited   0x8000'0d04      0x14  fsl_lpspi.o [1]
      .rodata          inited   0x8000'0d18      0x14  fsl_lpspi.o [1]
      .rodata          inited   0x8000'0d2c      0x14  fsl_lpspi.o [1]
      .rodata          inited   0x8000'0d40      0x14  fsl_lpspi.o [1]
      .rodata          inited   0x8000'0d54       0xc  fsl_lpuart.o [1]
      .rodata          inited   0x8000'0d60      0x58  fsl_lpuart.o [1]
      .rodata          inited   0x8000'0db8      0x40  fsl_lpuart.o [1]
      .rodata          inited   0x8000'0df8      0x58  fsl_lpuart.o [1]
      .rodata          inited   0x8000'0e50       0x8  fsl_lpuart.o [1]
      .rodata          inited   0x8000'0e58       0x8  fsl_lpuart.o [1]
      .rodata          inited   0x8000'0e60       0x8  fsl_lpuart.o [1]
      .rodata          inited   0x8000'0e68      0x18  fsl_lpuart.o [1]
      .rodata          inited   0x8000'0e80      0x20  fsl_lpuart.o [1]
      .rodata          inited   0x8000'0ea0      0x20  fsl_lpuart.o [1]
      .rodata          inited   0x8000'0ec0      0x24  fsl_lpuart.o [1]
      .rodata          inited   0x8000'0ee4      0x14  fsl_lpuart.o [1]
      .rodata          inited   0x8000'0ef8      0x14  fsl_lpuart.o [1]
      .rodata          inited   0x8000'0f0c       0xc  fsl_pit.o [1]
      .rodata          inited   0x8000'0f18      0x58  fsl_pit.o [1]
      .rodata          inited   0x8000'0f70      0x3c  fsl_pit.o [1]
      .rodata          inited   0x8000'0fac      0x54  fsl_pit.o [1]
      .rodata          inited   0x8000'1000       0x8  fsl_pit.o [1]
      .rodata          inited   0x8000'1008       0x4  fsl_pit.o [1]
      .rodata          inited   0x8000'100c       0xc  fsl_pwm.o [1]
      .rodata          inited   0x8000'1018      0x58  fsl_pwm.o [1]
      .rodata          inited   0x8000'1070      0x3c  fsl_pwm.o [1]
      .rodata          inited   0x8000'10ac      0x54  fsl_pwm.o [1]
      .rodata          inited   0x8000'1100       0x8  fsl_pwm.o [1]
      .rodata          inited   0x8000'1108       0xc  fsl_pwm.o [1]
      .rodata          inited   0x8000'1114       0xc  fsl_pwm.o [1]
      .rodata          inited   0x8000'1120       0xc  fsl_pwm.o [1]
      .rodata          inited   0x8000'112c       0xc  fsl_pwm.o [1]
      .rodata          inited   0x8000'1138      0x28  fsl_pwm.o [1]
      .rodata          inited   0x8000'1160      0x1c  fsl_pwm.o [1]
      .rodata          inited   0x8000'117c      0x10  fsl_pwm.o [1]
      .rodata          inited   0x8000'118c      0x14  fsl_pwm.o [1]
      .rodata          inited   0x8000'11a0      0x28  fsl_pwm.o [1]
      .rodata          inited   0x8000'11c8       0xc  fsl_qtmr.o [1]
      .rodata          inited   0x8000'11d4      0x58  fsl_qtmr.o [1]
      .rodata          inited   0x8000'122c      0x3c  fsl_qtmr.o [1]
      .rodata          inited   0x8000'1268      0x54  fsl_qtmr.o [1]
      .rodata          inited   0x8000'12bc       0x8  fsl_qtmr.o [1]
      .rodata          inited   0x8000'12c4      0x14  fsl_qtmr.o [1]
      .rodata          inited   0x8000'12d8       0xc  fsl_qtmr.o [1]
      .rodata          inited   0x8000'12e4      0x54  fsl_sai.o [1]
      .rodata          inited   0x8000'1338      0x14  fsl_sai.o [1]
      .rodata          inited   0x8000'134c      0x14  fsl_sai.o [1]
      .rodata          inited   0x8000'1360       0xc  fsl_usdhc.o [1]
      .rodata          inited   0x8000'136c       0x8  lpuart_adapter.o [1]
      .rodata          inited   0x8000'1374      0x64  lpuart_adapter.o [1]
      .rodata          inited   0x8000'13d8       0x8  lpuart_adapter.o [1]
      .rodata          inited   0x8000'13e0      0x4c  lpuart_adapter.o [1]
      .rodata          inited   0x8000'142c      0x28  lpuart_adapter.o [1]
      .rodata          inited   0x8000'1454       0x8  lpuart_adapter.o [1]
      .rodata          inited   0x8000'145c       0x8  lpuart_adapter.o [1]
      .rodata          inited   0x8000'1464      0x24  lpuart_adapter.o [1]
      .rodata          inited   0x8000'1488       0xc  serial_manager.o [1]
      .rodata          inited   0x8000'1494      0x70  serial_manager.o [1]
      .rodata          inited   0x8000'1504       0x8  serial_manager.o [1]
      .rodata          inited   0x8000'150c       0x8  serial_manager.o [1]
      .rodata          inited   0x8000'1514       0x8  serial_manager.o [1]
      .rodata          inited   0x8000'151c       0xc  serial_manager.o [1]
      .rodata          inited   0x8000'1528       0x8  serial_manager.o [1]
      .rodata          inited   0x8000'1530      0x10  serial_manager.o [1]
      .rodata          inited   0x8000'1540      0x10  serial_port_uart.o [1]
      .rodata          inited   0x8000'1550      0x70  serial_port_uart.o [1]
      .rodata          inited   0x8000'15c0      0x10  serial_port_uart.o [1]
      .rodata          inited   0x8000'15d0       0x8  serial_port_uart.o [1]
      .rodata          inited   0x8000'15d8       0x8  serial_port_uart.o [1]
      .rodata          inited   0x8000'15e0      0x18  zf_csi.o [1]
      .rodata          inited   0x8000'15f8      0x58  zf_csi.o [1]
      .rodata          inited   0x8000'1650      0x50  zf_csi.o [1]
      .rodata          inited   0x8000'16a0       0xc  zf_iomuxc.o [1]
      .rodata          inited   0x8000'16ac      0x58  zf_iomuxc.o [1]
      .rodata          inited   0x8000'1704      0x54  zf_iomuxc.o [1]
      .rodata          inited   0x8000'1758      0x18  zf_pit.o [1]
      .rodata          inited   0x8000'1770      0x58  zf_pit.o [1]
      .rodata          inited   0x8000'17c8       0x8  zf_pit.o [1]
      .rodata          inited   0x8000'17d0      0x70  zf_pit.o [1]
      .rodata          inited   0x8000'1840      0x50  zf_pwm.o [1]
      .rodata          inited   0x8000'1890      0x54  zf_qtimer.o [1]
      .rodata          inited   0x8000'18e4      0x18  zf_systick.o [1]
      .rodata          inited   0x8000'18fc      0x54  zf_systick.o [1]
      .rodata          inited   0x8000'1950      0x54  zf_uart.o [1]
      .text            inited   0x8000'19a4     0x338  board.o [1]
      .text            inited   0x8000'1cdc     0x6f4  clock_config.o [1]
      .text            inited   0x8000'23d0     0x790  control.o [1]
      .text            inited   0x8000'2b60     0x254  Data_Send.o [1]
      .text            inited   0x8000'2db4      0x14  diff.o [1]
      .text            inited   0x8000'2dc8      0x1c  fsl_assert.o [1]
      .text            inited   0x8000'2de4     0x73c  fsl_clock.o [1]
      .text            inited   0x8000'3520     0x628  fsl_csi.o [1]
      .text            inited   0x8000'3b48     0x1d0  fsl_debug_console.o [1]
      .text            inited   0x8000'3d18     0x47c  fsl_edma.o [1]
      .text            inited   0x8000'4194      0xec  fsl_enet.o [1]
      .text            inited   0x8000'4280      0x98  fsl_flexcan.o [1]
      .text            inited   0x8000'4318      0x64  fsl_flexio.o [1]
      .text            inited   0x8000'437c      0x3c  fsl_flexio_camera.o [1]
      .text            inited   0x8000'43b8      0x90  fsl_lpi2c.o [1]
      .text            inited   0x8000'4448      0xf0  fsl_lpspi.o [1]
      .text            inited   0x8000'4538     0x9ec  fsl_lpuart.o [1]
      .text            inited   0x8000'4f24     0x144  fsl_pit.o [1]
      .text            inited   0x8000'5068     0xa0c  fsl_pwm.o [1]
      .text            inited   0x8000'5a74     0x1c4  fsl_qtmr.o [1]
      .text            inited   0x8000'5c38     0x138  fsl_sai.o [1]
      .text            inited   0x8000'5d70      0x44  fsl_spdif.o [1]
      .text            inited   0x8000'5db4     0x964  fsl_str.o [1]
      .text            inited   0x8000'6718      0x34  fsl_usdhc.o [1]
      .text            inited   0x8000'674c      0x98  function.o [1]
      .text            inited   0x8000'67e4      0x90  isr.o [1]
      .text            inited   0x8000'6874     0x174  lpuart_adapter.o [1]
      .text            inited   0x8000'69e8      0x8c  main.o [1]
      .text            inited   0x8000'6a74      0xe4  pwm_me.o [1]
      .text            inited   0x8000'6b58    0x21ec  search.o [1]
      .text            inited   0x8000'8d44     0x11c  SEEKFREE_MT9V03X.o [1]
      .text            inited   0x8000'8e60     0x184  SEEKFREE_MT9V03X_CSI.o [1]
      Veneer           inited   0x8000'8fe4       0x8  - Linker created -
      .text            inited   0x8000'8fec     0x618  SEEKFREE_MT9V03X_CSI_ME.o [1]
      .text            inited   0x8000'9604     0x1fc  serial_manager.o [1]
      .text            inited   0x8000'9800      0xd4  serial_port_uart.o [1]
      .text            inited   0x8000'98d4     0x190  speed.o [1]
      .text            inited   0x8000'9a64     0x17a  usb_device_dci.o [1]
      .text            inited   0x8000'9be0     0x5e0  usb_device_ehci.o [1]
      .text            inited   0x8000'a1c0      0x30  zf_camera.o [1]
      .text            inited   0x8000'a1f0     0x374  zf_csi.o [1]
      .text            inited   0x8000'a564    0x6ab0  zf_iomuxc.o [1]
      .text            inited   0x8001'1014     0x264  zf_pit.o [1]
      .text            inited   0x8001'1278     0x7ec  zf_pwm.o [1]
      .text            inited   0x8001'1a64     0x768  zf_qtimer.o [1]
      .text            inited   0x8001'21cc      0x70  zf_systick.o [1]
      .text            inited   0x8001'223c     0x488  zf_uart.o [1]
      .text            inited   0x8001'26c4      0x20  zf_usb_cdc.o [1]
      .text            inited   0x8001'26e4      0x66  ABImemset.o [4]
      .text            inited   0x8001'274c      0x86  ABImemcpy.o [4]
      .text            inited   0x8001'27d4     0x274  I64DivMod.o [4]
      .text            inited   0x8001'2a48      0x36  strlen.o [4]
      .text            inited   0x8001'2a80      0x5c  DblToS64.o [3]
      .text            inited   0x8001'2adc      0x52  S64ToDbl.o [3]
      .text            inited   0x8001'2b30      0x9e  modf.o [3]
      .text            inited   0x8001'2bd0     0x56c  pow64.o [3]
      .text            inited   0x8001'313c       0x6  ABImemclr4.o [4]
      .text            inited   0x8001'3144      0x1e  sqrt.o [3]
      .text            inited   0x8001'3164       0x2  I64DivZer.o [4]
      .text            inited   0x8001'3168     0x368  iar_Exp64.o [3]
      .text            inited   0x8001'34d0      0x7c  frexp.o [3]
      .text            inited   0x8001'354c      0xf0  ldexp.o [3]
      .text            inited   0x8001'363c      0x32  ABImemset48.o [4]
      Veneer           inited   0x8001'3670       0x8  - Linker created -
      .text            inited   0x8001'3678       0xa  cexit.o [4]
      .rodata          inited   0x8001'3682       0x2  fsl_csi.o [1]
      .rodata          inited   0x8001'3684       0x2  fsl_csi.o [1]
      .rodata          inited   0x8001'3686       0x2  fsl_pit.o [1]
      .text            inited   0x8001'3688      0x12  common.o [1]
      .text            inited   0x8001'369a      0x18  qtimer.o [1]
      .text            inited   0x8001'36b2       0x8  zf_vector.o [1]
      .text            inited   0x8001'36ba       0x8  zf_vector.o [1]
      .text            inited   0x8001'36c2       0x8  zf_vector.o [1]
      .text            inited   0x8001'36ca       0x8  zf_vector.o [1]
      .text            inited   0x8001'36d2       0x8  zf_vector.o [1]
      .text            inited   0x8001'36da       0x8  zf_vector.o [1]
      .text            inited   0x8001'36e2       0x8  zf_vector.o [1]
      .text            inited   0x8001'36ea       0x8  zf_vector.o [1]
      .text            inited   0x8001'36f2       0x8  zf_vector.o [1]
      .text            inited   0x8001'36fa       0x8  zf_vector.o [1]
      .text            inited   0x8001'3702       0x8  zf_vector.o [1]
      .text            inited   0x8001'370a       0x8  zf_vector.o [1]
      .text            inited   0x8001'3712       0x8  zf_vector.o [1]
      .text            inited   0x8001'371a       0x8  zf_vector.o [1]
      .text            inited   0x8001'3722       0x8  zf_vector.o [1]
      .text            inited   0x8001'372a       0x8  zf_vector.o [1]
      .text            inited   0x8001'3732       0x8  zf_vector.o [1]
      .text            inited   0x8001'373a       0x2  zf_vector.o [1]
      .text            inited   0x8001'373c       0x2  zf_vector.o [1]
      .text            inited   0x8001'373e       0x2  zf_vector.o [1]
      .text            inited   0x8001'3740       0x8  zf_vector.o [1]
      .text            inited   0x8001'3748       0x8  zf_vector.o [1]
      .text            inited   0x8001'3750       0x8  zf_vector.o [1]
      .text            inited   0x8001'3758       0x8  zf_vector.o [1]
      .text            inited   0x8001'3760       0x8  zf_vector.o [1]
      .text            inited   0x8001'3768       0x8  zf_vector.o [1]
      .text            inited   0x8001'3770       0x8  zf_vector.o [1]
      .text            inited   0x8001'3778       0x8  zf_vector.o [1]
      .text            inited   0x8001'3780       0x8  zf_vector.o [1]
      .text            inited   0x8001'3788       0x8  zf_vector.o [1]
      .text            inited   0x8001'3790       0x8  zf_vector.o [1]
      .text            inited   0x8001'3798       0x8  zf_vector.o [1]
      .text            inited   0x8001'37a0       0x8  zf_vector.o [1]
      .text            inited   0x8001'37a8       0x8  zf_vector.o [1]
      .text            inited   0x8001'37b0       0x8  zf_vector.o [1]
      .text            inited   0x8001'37b8       0x8  zf_vector.o [1]
      .text            inited   0x8001'37c0       0x8  zf_vector.o [1]
      .text            inited   0x8001'37c8       0x8  zf_vector.o [1]
      .text            inited   0x8001'37d0       0x2  zf_vector.o [1]
      .text            inited   0x8001'37d2       0x2  zf_vector.o [1]
      .text            inited   0x8001'37d4       0x2  zf_vector.o [1]
      .text            inited   0x8001'37d6       0x2  zf_vector.o [1]
      .text            inited   0x8001'37d8       0x2  zf_vector.o [1]
      .text            inited   0x8001'37da       0x2  zf_vector.o [1]
      .text            inited   0x8001'37dc       0x2  zf_vector.o [1]
      .text            inited   0x8001'37de       0x2  zf_vector.o [1]
      .text            inited   0x8001'37e0       0x2  zf_vector.o [1]
      .text            inited   0x8001'37e2       0x2  zf_vector.o [1]
      .text            inited   0x8001'37e4       0x2  zf_vector.o [1]
      .text            inited   0x8001'37e6       0x2  zf_vector.o [1]
      .text            inited   0x8001'37e8       0x2  zf_vector.o [1]
      .text            inited   0x8001'37ea       0x2  zf_vector.o [1]
      .text            inited   0x8001'37ec       0x2  zf_vector.o [1]
      .text            inited   0x8001'37ee       0x2  zf_vector.o [1]
      .text            inited   0x8001'37f0       0x2  zf_vector.o [1]
      .text            inited   0x8001'37f2       0x8  zf_vector.o [1]
      .text            inited   0x8001'37fa       0x8  zf_vector.o [1]
      .text            inited   0x8001'3802       0x8  zf_vector.o [1]
      .text            inited   0x8001'380a       0x8  zf_vector.o [1]
      .text            inited   0x8001'3812       0x8  zf_vector.o [1]
      .text            inited   0x8001'381a       0x2  zf_vector.o [1]
      .text            inited   0x8001'381c       0x2  zf_vector.o [1]
      .text            inited   0x8001'381e       0x2  zf_vector.o [1]
      .text            inited   0x8001'3820       0x2  zf_vector.o [1]
      .text            inited   0x8001'3822       0x2  zf_vector.o [1]
      .text            inited   0x8001'3824       0x2  zf_vector.o [1]
      .text            inited   0x8001'3826       0x2  zf_vector.o [1]
      .text            inited   0x8001'3828       0x2  zf_vector.o [1]
      .text            inited   0x8001'382a       0x2  zf_vector.o [1]
      .text            inited   0x8001'382c       0x2  zf_vector.o [1]
      .text            inited   0x8001'382e       0x2  zf_vector.o [1]
      .text            inited   0x8001'3830       0x2  zf_vector.o [1]
      .text            inited   0x8001'3832       0x2  zf_vector.o [1]
      .text            inited   0x8001'3834       0x2  zf_vector.o [1]
      .text            inited   0x8001'3836       0x2  zf_vector.o [1]
      .text            inited   0x8001'3838       0x2  zf_vector.o [1]
      .text            inited   0x8001'383a       0x2  zf_vector.o [1]
      .text            inited   0x8001'383c       0x2  zf_vector.o [1]
      .text            inited   0x8001'383e       0x2  zf_vector.o [1]
      .text            inited   0x8001'3840       0x2  zf_vector.o [1]
      .text            inited   0x8001'3842       0x2  zf_vector.o [1]
      .text            inited   0x8001'3844       0x2  zf_vector.o [1]
      .text            inited   0x8001'3846       0x2  zf_vector.o [1]
      .text            inited   0x8001'3848       0x2  zf_vector.o [1]
      .text            inited   0x8001'384a       0x2  zf_vector.o [1]
      .text            inited   0x8001'384c       0x2  zf_vector.o [1]
      .text            inited   0x8001'384e       0x2  zf_vector.o [1]
      .text            inited   0x8001'3850       0x8  zf_vector.o [1]
      .text            inited   0x8001'3858       0x8  zf_vector.o [1]
      .text            inited   0x8001'3860       0x2  zf_vector.o [1]
      .text            inited   0x8001'3862       0x2  zf_vector.o [1]
      .text            inited   0x8001'3864       0x2  zf_vector.o [1]
      .text            inited   0x8001'3866       0x2  zf_vector.o [1]
      .text            inited   0x8001'3868       0x2  zf_vector.o [1]
      .text            inited   0x8001'386a       0x2  zf_vector.o [1]
      .text            inited   0x8001'386c       0x2  zf_vector.o [1]
      .text            inited   0x8001'386e       0x2  zf_vector.o [1]
      .text            inited   0x8001'3870       0x2  zf_vector.o [1]
      .text            inited   0x8001'3872       0x2  zf_vector.o [1]
      .text            inited   0x8001'3874       0x2  zf_vector.o [1]
      .text            inited   0x8001'3876       0x2  zf_vector.o [1]
      .text            inited   0x8001'3878       0x2  zf_vector.o [1]
      .text            inited   0x8001'387a       0x2  zf_vector.o [1]
      .text            inited   0x8001'387c       0x2  zf_vector.o [1]
      .text            inited   0x8001'387e       0x8  zf_vector.o [1]
      .text            inited   0x8001'3886       0x8  zf_vector.o [1]
      .text            inited   0x8001'388e       0x2  zf_vector.o [1]
      .text            inited   0x8001'3890       0x8  zf_vector.o [1]
      .text            inited   0x8001'3898       0x8  zf_vector.o [1]
      .text            inited   0x8001'38a0       0x8  zf_vector.o [1]
      .text            inited   0x8001'38a8       0x2  zf_vector.o [1]
      .text            inited   0x8001'38aa       0x2  zf_vector.o [1]
      .text            inited   0x8001'38ac       0x2  zf_vector.o [1]
      .text            inited   0x8001'38ae       0x2  zf_vector.o [1]
      .text            inited   0x8001'38b0       0x2  zf_vector.o [1]
      .text            inited   0x8001'38b2       0x2  zf_vector.o [1]
      .text            inited   0x8001'38b4       0x2  zf_vector.o [1]
      .text            inited   0x8001'38b6       0x2  zf_vector.o [1]
      .text            inited   0x8001'38b8       0x2  zf_vector.o [1]
      .text            inited   0x8001'38ba       0x2  zf_vector.o [1]
      .text            inited   0x8001'38bc       0x2  zf_vector.o [1]
      .text            inited   0x8001'38be       0x2  zf_vector.o [1]
      .text            inited   0x8001'38c0       0x2  zf_vector.o [1]
      .text            inited   0x8001'38c2       0x2  zf_vector.o [1]
      .text            inited   0x8001'38c4       0x2  zf_vector.o [1]
      .text            inited   0x8001'38c6       0x2  zf_vector.o [1]
      .text            inited   0x8001'38c8       0x2  zf_vector.o [1]
      .text            inited   0x8001'38ca       0x2  zf_vector.o [1]
      .text            inited   0x8001'38cc       0x2  zf_vector.o [1]
      .text            inited   0x8001'38ce       0x2  zf_vector.o [1]
      .text            inited   0x8001'38d0       0x2  zf_vector.o [1]
      .text            inited   0x8001'38d2       0x2  zf_vector.o [1]
      .text            inited   0x8001'38d4       0x2  zf_vector.o [1]
      .text            inited   0x8001'38d6       0x2  zf_vector.o [1]
      .text            inited   0x8001'38d8       0x2  zf_vector.o [1]
      .text            inited   0x8001'38da       0x2  zf_vector.o [1]
      .text            inited   0x8001'38dc       0x2  zf_vector.o [1]
      .text            inited   0x8001'38de       0x2  zf_vector.o [1]
      .text            inited   0x8001'38e0       0x2  zf_vector.o [1]
      .text            inited   0x8001'38e2       0x2  zf_vector.o [1]
      .text            inited   0x8001'38e4       0x2  zf_vector.o [1]
      .text            inited   0x8001'38e6       0x2  zf_vector.o [1]
      .text            inited   0x8001'38e8       0x2  zf_vector.o [1]
      .text            inited   0x8001'38ea       0x2  zf_vector.o [1]
      .text            inited   0x8001'38ec       0x2  zf_vector.o [1]
      .text            inited   0x8001'38ee       0x8  zf_vector.o [1]
      .text            inited   0x8001'38f6       0x8  zf_vector.o [1]
      .text            inited   0x8001'38fe       0x8  zf_vector.o [1]
      .text            inited   0x8001'3906       0x2  zf_vector.o [1]
      .text            inited   0x8001'3908       0x8  zf_vector.o [1]
      .text            inited   0x8001'3910       0x2  zf_vector.o [1]
      .text            inited   0x8001'3912       0x2  zf_vector.o [1]
      .text            inited   0x8001'3914       0x2  zf_vector.o [1]
      .text            inited   0x8001'3916       0x2  zf_vector.o [1]
      .text            inited   0x8001'3918       0x2  zf_vector.o [1]
      .text            inited   0x8001'391a       0x8  abs.o [2]
      .text            inited   0x8001'3922       0x4  exit.o [2]
                              - 0x8001'3926  0x1'3526

Unused ranges:

         From           To        Size
         ----           --        ----
  0x2000'02d2  0x2000'02df         0xe
  0x2001'5520  0x2006'efff    0x5'9ae0
  0x7000'dacd  0x703f'ffff   0x3f'2533
  0x8000'0000  0x8000'03ff       0x400
  0x8001'3926  0x81df'ffff  0x1de'c6da


*******************************************************************************
*** INIT TABLE
***

          Address      Size
          -------      ----
Zero (__iar_zero_init3)
    1 destination range, total size 0x1'5240:
          0x2000'02e0  0x1'5240

Copy/lz77 (__iar_lz77_init3)
    1 source range, total size 0xaf5f (56% of destination):
          0x7000'293e    0xaf5f
    1 destination range, total size 0x1'3526:
          0x8000'0400  0x1'3526

Copy/lz77 (__iar_lz77_init3)
    1 source range, total size 0x230 (77% of destination):
          0x7000'd89d     0x230
    1 destination range, total size 0x2d2:
          0x2000'0000     0x2d2



*******************************************************************************
*** MODULE SUMMARY
***

    Module                              ro code  rw code  ro data  rw data
    ------                              -------  -------  -------  -------
command line/config:
    ----------------------------------------------------------------------
    Total:

D:\GMY0\A_competition\Smart_Car\Smart_Car\RT1064\IAR\program\nor_sdram_zf_dtcm\Obj: [1]
    Data_Send.o                                      596      338    1'289
    SEEKFREE_ICM20602.o                                                  2
    SEEKFREE_MT9V03X.o                               284      162   22'566
    SEEKFREE_MT9V03X_CSI.o                           388      273   45'250
    SEEKFREE_MT9V03X_CSI_ME.o                      1'636      947   14'536
    board.o                                          824      468
    clock_config.o                                 1'780    1'083      132
    common.o                                          18       11
    control.o                                      1'936    1'250      432
    diff.o                                            20       11        1
    evkmimxrt1064_flexspi_nor_config.o                        512
    evkmimxrt1064_sdram_ini_dcd.o                           1'072
    fsl_assert.o                                      28       41       44
    fsl_clock.o                                    1'852    1'119      128
    fsl_csi.o                                      1'576    1'046      276
    fsl_debug_console.o                              464      370      220
    fsl_edma.o                                     1'148      714      240
    fsl_enet.o                                       236      223      180
    fsl_flexcan.o                                    152      170      168
    fsl_flexio.o                                     100       57       24
    fsl_flexio_camera.o                               60       34
    fsl_flexspi_nor_boot.o                                     48
    fsl_lpi2c.o                                      144       82       48
    fsl_lpspi.o                                      240      231      196
    fsl_lpuart.o                                   2'540    1'691      480
    fsl_pit.o                                        324      329      258
    fsl_pwm.o                                      2'572    1'711      444
    fsl_qtmr.o                                       452      418      284
    fsl_sai.o                                        312      247      164
    fsl_spdif.o                                       68       38       16
    fsl_str.o                                      2'404    1'364
    fsl_usdhc.o                                       52       37       28
    function.o                                       152       86
    isr.o                                            144       81
    lpuart_adapter.o                                 372      372      284
    main.o                                           140       80
    pwm_me.o                                         228      129
    qtimer.o                                          24       13
    search.o                                       8'684    5'121    2'382
    serial_manager.o                                 508      393      184
    serial_port_uart.o                               212      211      160
    speed.o                                          400      232       52
    startup_MIMXRT1064.o                    108
    system_MIMXRT1064.o                     382                 3        4
    usb_device_dci.o                                 378      215
    usb_device_ehci.o                              1'504      854
    zf_camera.o                                       48       27       28
    zf_csi.o                                         884      611      224
    zf_gpio.o                                                  31       40
    zf_iomuxc.o                                   27'312   15'598      184
    zf_pit.o                                         612      478      232
    zf_pwm.o                                       2'028    1'212      100
    zf_qtimer.o                                    1'896    1'138      104
    zf_systick.o                                     112      126      108
    zf_uart.o                                      1'160      733      120
    zf_usb_cdc.o                                      32       18       16
    zf_vector.o                                      616    1'374
    ----------------------------------------------------------------------
    Total:                                  490   69'652   45'233   91'628

dl7M_tln.a: [2]
    abort.o                                   6
    abs.o                                              8        4
    exit.o                                             4        3
    low_level_init.o                          4
    ----------------------------------------------------------------------
    Total:                                   10       12        7

m7M_tlv.a: [3]
    DblToS64.o                                        92       53
    S64ToDbl.o                                        82       47
    fpinit_M.o                               34
    frexp.o                                          124       70
    iar_Exp64.o                                      872      496
    ldexp.o                                          240      136
    modf.o                                           158       91
    pow64.o                                        1'388    1'387    1'056
    sqrt.o                                            30       18
    ----------------------------------------------------------------------
    Total:                                   34    2'986    2'298    1'056

rt7M_tl.a: [4]
    ABImemclr4.o                                       6        4
    ABImemcpy.o                                      134       77
    ABImemset.o                                      102       58
    ABImemset48.o                                     50       29
    I64DivMod.o                                      628      357
    I64DivZer.o                                        2        2
    cexit.o                                           10        6
    cmain.o                                  30
    cstartup_M.o                             12
    data_init.o                              40
    lz77_init.o                             492
    strlen.o                                          54       31
    vector_table_M.o                         64
    zero_init3.o                             58
    ----------------------------------------------------------------------
    Total:                                  696      986      564

shb_l.a: [5]
    exit.o                                   20
    ----------------------------------------------------------------------
    Total:                                   20

    Gaps                                      2       20        2      100
    Linker created                           16       16       81    4'096
--------------------------------------------------------------------------
    Grand Total:                          1'268   73'672   48'185   96'880


*******************************************************************************
*** ENTRY LIST
***

Entry                       Address    Size  Type      Object
-----                       -------    ----  ----      ------
.iar.init_table$$Base   0x7000'28b8           --   Gb  - Linker created -
.iar.init_table$$Limit  0x7000'2900           --   Gb  - Linker created -
?main                   0x7000'2911          Code  Gb  cmain.o [4]
ARM_MPU_Disable         0x8000'19e7    0x20  Code  Lc  board.o [1]
ARM_MPU_Enable          0x8000'19c7    0x20  Code  Lc  board.o [1]
Allwhite_find           0x8000'7559   0x15e  Code  Gb  search.o [1]
Allwhiteend             0x2000'1048     0x4  Data  Gb  search.o [1]
Allwhiteend2            0x2000'1050     0x4  Data  Gb  search.o [1]
Allwhiterow             0x2000'0f54    0xf0  Data  Gb  search.o [1]
Allwhitestart           0x2000'1044     0x4  Data  Gb  search.o [1]
Allwhitestart2          0x2000'104c     0x4  Data  Gb  search.o [1]
BOARD_BootClockRUN      0x8000'1e5d   0x448  Code  Gb  clock_config.o [1]
BOARD_ConfigMPU         0x8000'1bb3    0x7c  Code  Gb  board.o [1]
BOARD_DebugConsoleSrcFreq
                        0x8000'1b61    0x3a  Code  Gb  board.o [1]
BOARD_InitDebugConsole  0x8000'1b9b    0x18  Code  Gb  board.o [1]
BusFault_Handler        0x8001'368f     0x2  Code  Gb  common.o [1]
CAN1_DriverIRQHandler   0x8000'4281    0x26  Code  Gb  fsl_flexcan.o [1]
CAN2_DriverIRQHandler   0x8000'42a7    0x26  Code  Gb  fsl_flexcan.o [1]
CAN3_DriverIRQHandler   0x8000'42cd    0x26  Code  Gb  fsl_flexcan.o [1]
CLOCK_ControlGate       0x8000'1dc9    0x48  Code  Lc  clock_config.o [1]
CLOCK_ControlGate       0x8000'3541    0x48  Code  Lc  fsl_csi.o [1]
CLOCK_ControlGate       0x8000'4559    0x48  Code  Lc  fsl_lpuart.o [1]
CLOCK_ControlGate       0x8000'4f25    0x42  Code  Lc  fsl_pit.o [1]
CLOCK_ControlGate       0x8000'5069    0x48  Code  Lc  fsl_pwm.o [1]
CLOCK_ControlGate       0x8000'5a75    0x42  Code  Lc  fsl_qtmr.o [1]
CLOCK_ControlGate       0x8000'a565    0x42  Code  Lc  zf_iomuxc.o [1]
CLOCK_DeinitAudioPll    0x8000'3151     0xc  Code  Gb  fsl_clock.o [1]
CLOCK_DeinitEnetPll     0x8000'3169     0xc  Code  Gb  fsl_clock.o [1]
CLOCK_DeinitUsb2Pll     0x8000'3147     0xa  Code  Gb  fsl_clock.o [1]
CLOCK_DeinitVideoPll    0x8000'315d     0xc  Code  Gb  fsl_clock.o [1]
CLOCK_DisableClock      0x8000'1e11    0x10  Code  Lc  clock_config.o [1]
CLOCK_DisableClock      0x8000'45b1    0x10  Code  Lc  fsl_lpuart.o [1]
CLOCK_DisableClock      0x8000'4f77    0x10  Code  Lc  fsl_pit.o [1]
CLOCK_DisableClock      0x8000'50c1    0x10  Code  Lc  fsl_pwm.o [1]
CLOCK_DisableClock      0x8000'5ac7    0x10  Code  Lc  fsl_qtmr.o [1]
CLOCK_EnableClock       0x8000'3589    0x10  Code  Lc  fsl_csi.o [1]
CLOCK_EnableClock       0x8000'45a1    0x10  Code  Lc  fsl_lpuart.o [1]
CLOCK_EnableClock       0x8000'4f67    0x10  Code  Lc  fsl_pit.o [1]
CLOCK_EnableClock       0x8000'50b1    0x10  Code  Lc  fsl_pwm.o [1]
CLOCK_EnableClock       0x8000'5ab7    0x10  Code  Lc  fsl_qtmr.o [1]
CLOCK_EnableClock       0x8000'a5b5    0x10  Code  Lc  zf_iomuxc.o [1]
CLOCK_GetAhbFreq        0x8000'2f69    0x18  Code  Gb  fsl_clock.o [1]
CLOCK_GetDiv            0x8000'1b25    0x2a  Code  Lc  board.o [1]
CLOCK_GetFreq           0x8000'2ff3   0x114  Code  Gb  fsl_clock.o [1]
CLOCK_GetIpgFreq        0x8000'2fb5    0x18  Code  Gb  fsl_clock.o [1]
CLOCK_GetMux            0x8000'1afb    0x2a  Code  Lc  board.o [1]
CLOCK_GetOscFreq        0x8000'1b4f    0x12  Code  Lc  board.o [1]
CLOCK_GetOscFreq        0x8000'2de5    0x18  Code  Lc  fsl_clock.o [1]
CLOCK_GetPerClkFreq     0x8000'2fcd    0x26  Code  Gb  fsl_clock.o [1]
CLOCK_GetPeriphClkFreq  0x8000'2e4b    0xaa  Code  Lc  fsl_clock.o [1]
CLOCK_GetPllBypassRefClk
                        0x8000'2e29    0x22  Code  Lc  fsl_clock.o [1]
CLOCK_GetPllFreq        0x8000'3175   0x23e  Code  Gb  fsl_clock.o [1]
CLOCK_GetRtcFreq        0x8000'2dfd     0x6  Code  Lc  fsl_clock.o [1]
CLOCK_GetSemcFreq       0x8000'2f81    0x34  Code  Gb  fsl_clock.o [1]
CLOCK_GetSysPfdFreq     0x8000'33bd    0x60  Code  Gb  fsl_clock.o [1]
CLOCK_GetUsb1PfdFreq    0x8000'3429    0x60  Code  Gb  fsl_clock.o [1]
CLOCK_InitArmPll        0x8000'3107    0x40  Code  Gb  fsl_clock.o [1]
CLOCK_InitExternalClk   0x8000'2ef5    0x4a  Code  Gb  fsl_clock.o [1]
CLOCK_InitRcOsc24M      0x8000'2f5b     0xe  Code  Gb  fsl_clock.o [1]
CLOCK_IsPllBypassed     0x8000'2e03    0x10  Code  Lc  fsl_clock.o [1]
CLOCK_IsPllEnabled      0x8000'2e13    0x16  Code  Lc  fsl_clock.o [1]
CLOCK_SetDiv            0x8000'1d53    0x76  Code  Lc  clock_config.o [1]
CLOCK_SetDiv            0x8000'a25f    0x6e  Code  Lc  zf_csi.o [1]
CLOCK_SetDiv            0x8001'10a1    0x6e  Code  Lc  zf_pit.o [1]
CLOCK_SetMux            0x8000'1cdd    0x76  Code  Lc  clock_config.o [1]
CLOCK_SetMux            0x8000'a1f1    0x6e  Code  Lc  zf_csi.o [1]
CLOCK_SetMux            0x8001'1033    0x6e  Code  Lc  zf_pit.o [1]
CLOCK_SetPllBypass      0x8000'1e31    0x2c  Code  Lc  clock_config.o [1]
CLOCK_SetRtcXtalFreq    0x8000'1e29     0x8  Code  Lc  clock_config.o [1]
CLOCK_SetXtalFreq       0x8000'1e21     0x8  Code  Lc  clock_config.o [1]
CLOCK_SwitchOsc         0x8000'2f3f    0x1c  Code  Gb  fsl_clock.o [1]
CSI_ClearFifo           0x8000'3827    0x30  Code  Gb  fsl_csi.o [1]
CSI_DriverIRQHandler    0x8000'3af7    0x10  Code  Gb  fsl_csi.o [1]
CSI_EnableFifoDmaRequest
                        0x8000'3877    0x2e  Code  Gb  fsl_csi.o [1]
CSI_EnableInterrupts    0x8000'38a5    0x24  Code  Gb  fsl_csi.o [1]
CSI_GetDefaultConfig    0x8000'37c3    0x54  Code  Gb  fsl_csi.o [1]
CSI_GetInstance         0x8000'35e9    0x34  Code  Lc  fsl_csi.o [1]
CSI_IRQHandler          0x8000'6817     0xc  Code  Gb  isr.o [1]
CSI_Init                0x8000'3679    0xfc  Code  Gb  fsl_csi.o [1]
CSI_ReflashFifoDma      0x8000'3857    0x20  Code  Gb  fsl_csi.o [1]
CSI_Reset               0x8000'3775    0x4e  Code  Gb  fsl_csi.o [1]
CSI_SetRxBufferAddr     0x8000'3817    0x10  Code  Gb  fsl_csi.o [1]
CSI_Start               0x8000'35b9    0x18  Code  Lc  fsl_csi.o [1]
CSI_Stop                0x8000'35d1    0x18  Code  Lc  fsl_csi.o [1]
CSI_TransferCreateHandle
                        0x8000'38c9    0x5e  Code  Gb  fsl_csi.o [1]
CSI_TransferGetEmptyBufferCount
                        0x8000'3639    0x12  Code  Lc  fsl_csi.o [1]
CSI_TransferGetFullBuffer
                        0x8000'3a13    0x36  Code  Gb  fsl_csi.o [1]
CSI_TransferGetQueueDelta
                        0x8000'361d     0xe  Code  Lc  fsl_csi.o [1]
CSI_TransferHandleIRQ   0x8000'3a4d    0xaa  Code  Gb  fsl_csi.o [1]
CSI_TransferIncreaseQueueIdx
                        0x8000'362b     0xe  Code  Lc  fsl_csi.o [1]
CSI_TransferLoadBufferToDevice
                        0x8000'364b    0x2e  Code  Lc  fsl_csi.o [1]
CSI_TransferStart       0x8000'3927    0x76  Code  Gb  fsl_csi.o [1]
CSI_TransferSubmitEmptyBuffer
                        0x8000'399d    0x76  Code  Gb  fsl_csi.o [1]
CSTACK$$Base            0x2006'f000           --   Gb  - Linker created -
CSTACK$$Limit           0x2007'0000           --   Gb  - Linker created -
Cam_Block_State         0x2000'12d0     0x4  Data  Gb  search.o [1]
Cam_Break_Flag          0x2000'12a0     0x4  Data  Gb  search.o [1]
Cam_Break_Rec           0x8000'8a99    0xc6  Code  Gb  search.o [1]
Cam_End                 0x2000'12ac     0x4  Data  Gb  search.o [1]
Cam_End_Detect          0x8000'8a1f    0x7a  Code  Gb  search.o [1]
Cam_Offset_Table0       0x2000'013c    0x3c  Data  Gb  control.o [1]
Cam_offset              0x2000'10b8     0x4  Data  Gb  search.o [1]
Cam_offset2             0x2000'0f50     0x4  Data  Gb  search.o [1]
Cam_offset_filter       0x2000'0f40    0x10  Data  Gb  search.o [1]
CarSpeed1               0x2000'035c     0x4  Data  Gb  control.o [1]
CarSpeed2               0x2000'0360     0x4  Data  Gb  control.o [1]
ConvertFloatRadixNumToString
                        0x8000'5f05   0x19e  Code  Lc  fsl_str.o [1]
ConvertRadixNumToString
                        0x8000'5db5   0x150  Code  Lc  fsl_str.o [1]
DMA0_DMA16_DriverIRQHandler
                        0x8000'3e6f    0x34  Code  Gb  fsl_edma.o [1]
DMA10_DMA26_DriverIRQHandler
                        0x8000'406d    0x30  Code  Gb  fsl_edma.o [1]
DMA11_DMA27_DriverIRQHandler
                        0x8000'409d    0x2e  Code  Gb  fsl_edma.o [1]
DMA12_DMA28_DriverIRQHandler
                        0x8000'40cb    0x2e  Code  Gb  fsl_edma.o [1]
DMA13_DMA29_DriverIRQHandler
                        0x8000'40f9    0x2e  Code  Gb  fsl_edma.o [1]
DMA14_DMA30_DriverIRQHandler
                        0x8000'4127    0x2e  Code  Gb  fsl_edma.o [1]
DMA15_DMA31_DriverIRQHandler
                        0x8000'4155    0x2e  Code  Gb  fsl_edma.o [1]
DMA1_DMA17_DriverIRQHandler
                        0x8000'3ea3    0x34  Code  Gb  fsl_edma.o [1]
DMA2_DMA18_DriverIRQHandler
                        0x8000'3ed7    0x34  Code  Gb  fsl_edma.o [1]
DMA3_DMA19_DriverIRQHandler
                        0x8000'3f0b    0x34  Code  Gb  fsl_edma.o [1]
DMA4_DMA20_DriverIRQHandler
                        0x8000'3f3f    0x34  Code  Gb  fsl_edma.o [1]
DMA5_DMA21_DriverIRQHandler
                        0x8000'3f73    0x34  Code  Gb  fsl_edma.o [1]
DMA6_DMA22_DriverIRQHandler
                        0x8000'3fa7    0x34  Code  Gb  fsl_edma.o [1]
DMA7_DMA23_DriverIRQHandler
                        0x8000'3fdb    0x32  Code  Gb  fsl_edma.o [1]
DMA8_DMA24_DriverIRQHandler
                        0x8000'400d    0x30  Code  Gb  fsl_edma.o [1]
DMA9_DMA25_DriverIRQHandler
                        0x8000'403d    0x30  Code  Gb  fsl_edma.o [1]
DbgConsole_Init         0x8000'3bcf    0xe6  Code  Gb  fsl_debug_console.o [1]
DbgConsole_PrintCallback
                        0x8000'3b91    0x3e  Code  Lc  fsl_debug_console.o [1]
DbgConsole_Printf       0x8000'3cb5    0x3e  Code  Gb  fsl_debug_console.o [1]
DbgConsole_SendData     0x8000'3b49    0x48  Code  Gb  fsl_debug_console.o [1]
DebugMon_Handler        0x8001'3695     0x2  Code  Gb  common.o [1]
DefaultISR              0x7000'2869          Code  Wk  startup_MIMXRT1064.o [1]
DisableGlobalIRQ        0x8000'69e9     0x8  Code  Lc  main.o [1]
DisableGlobalIRQ        0x8000'8e61     0x8  Code  Lc  SEEKFREE_MT9V03X_CSI.o [1]
DisableGlobalIRQ        0x8000'a2cd     0x8  Code  Lc  zf_csi.o [1]
EDMA_GetChannelStatusFlags
                        0x8000'3d19    0x4a  Code  Gb  fsl_edma.o [1]
EDMA_HandleIRQ          0x8000'3d6d   0x102  Code  Gb  fsl_edma.o [1]
ENET2_DriverIRQHandler  0x8000'4255     0xa  Code  Gb  fsl_enet.o [1]
ENET_1588_Timer_IRQHandler
                        0x8000'4239    0x10  Code  Gb  fsl_enet.o [1]
ENET_CommonFrame0IRQHandler
                        0x8000'41d9    0x60  Code  Gb  fsl_enet.o [1]
ENET_DriverIRQHandler   0x8000'4249     0xa  Code  Gb  fsl_enet.o [1]
ENET_GetInstance        0x8000'4195    0x36  Code  Gb  fsl_enet.o [1]
EnableGlobalIRQ         0x8000'69f1     0x6  Code  Lc  main.o [1]
EnableGlobalIRQ         0x8000'8e69     0x6  Code  Lc  SEEKFREE_MT9V03X_CSI.o [1]
EnableIRQ               0x8000'3599    0x20  Code  Lc  fsl_csi.o [1]
EnableIRQ               0x8000'45c1    0x20  Code  Lc  fsl_lpuart.o [1]
EnableIRQ               0x8001'110f    0x20  Code  Lc  zf_pit.o [1]
FINAL                   0x2001'5424    0x78  Data  Gb  SEEKFREE_MT9V03X_CSI_ME.o [1]
FLEXIO1_DriverIRQHandler
                        0x8000'4365     0x8  Code  Gb  fsl_flexio.o [1]
FLEXIO2_DriverIRQHandler
                        0x8000'436d     0x8  Code  Gb  fsl_flexio.o [1]
FLEXIO3_DriverIRQHandler
                        0x8000'4375     0x8  Code  Gb  fsl_flexio.o [1]
FLEXIO_CAMERA_ClearStatusFlags
                        0x8000'4385    0x34  Code  Gb  fsl_flexio_camera.o [1]
FLEXIO_ClearShifterErrorFlags
                        0x8000'4381     0x4  Code  Lc  fsl_flexio_camera.o [1]
FLEXIO_ClearShifterStatusFlags
                        0x8000'437d     0x4  Code  Lc  fsl_flexio_camera.o [1]
FLEXIO_CommonIRQHandler
                        0x8000'4319    0x3e  Code  Gb  fsl_flexio.o [1]
GET_CFG_CSI             0x2000'0260    0x20  Data  Gb  SEEKFREE_MT9V03X_CSI.o [1]
GPIO2_Combined_0_15_IRQHandler
                        0x8000'686d     0x8  Code  Gb  isr.o [1]
GPIO2_Combined_16_31_IRQHandler
                        0x8000'6853    0x10  Code  Gb  isr.o [1]
GPIO_ClearPinsInterruptFlags
                        0x8000'6807    0x10  Code  Lc  isr.o [1]
GPIO_ClearPinsInterruptFlags
                        0x8000'8d49    0x10  Code  Lc  SEEKFREE_MT9V03X.o [1]
GPIO_PortClearInterruptFlags
[...]
Servo_Duty              0x8000'6af9    0x4a  Code  Gb  pwm_me.o [1]
Servo_Init              0x8000'6aa5    0x10  Code  Gb  pwm_me.o [1]
SetSpeed1               0x2000'0390     0x4  Data  Gb  control.o [1]
SetSpeed2               0x2000'0394     0x4  Data  Gb  control.o [1]
Slope                   0x8000'73a5    0x30  Code  Gb  search.o [1]
SpeedControlOutNew1     0x2000'0398     0x4  Data  Gb  control.o [1]
SpeedControlOutNew2     0x2000'039c     0x4  Data  Gb  control.o [1]
SpeedE1                 0x2000'03a8     0x4  Data  Gb  control.o [1]
SpeedE2                 0x2000'03ac     0x4  Data  Gb  control.o [1]
SpeedI1                 0x2000'03a0     0x4  Data  Gb  control.o [1]
SpeedI2                 0x2000'03a4     0x4  Data  Gb  control.o [1]
Speed_Control           0x8000'2599   0x224  Code  Gb  control.o [1]
Speed_Control_Output    0x8000'27bd    0x2a  Code  Gb  control.o [1]
Speed_kI1               0x2000'03c0     0x4  Data  Gb  control.o [1]
Speed_kI2               0x2000'03c4     0x4  Data  Gb  control.o [1]
Speed_kP1               0x2000'03b8     0x4  Data  Gb  control.o [1]
Speed_kP2               0x2000'03bc     0x4  Data  Gb  control.o [1]
StrFormatPrintf         0x8000'60ad   0x66c  Code  Gb  fsl_str.o [1]
SysTick_Handler         0x8001'3699     0x2  Code  Gb  common.o [1]
SystemCoreClock         0x2000'02cc     0x4  Data  Gb  system_MIMXRT1064.o [1]
SystemInit              0x7000'26ff    0xb0  Code  Gb  system_MIMXRT1064.o [1]
TurnFuzzyPD_Cam         0x8000'28f9   0x136  Code  Gb  control.o [1]
Turn_Cam                0x8000'2a39    0x72  Code  Gb  control.o [1]
Turn_Cam::Cam_offset_old
                        0x2000'03c8     0x4  Data  Lc  control.o [1]
Turn_Cam_D              0x2000'02ac     0x4  Data  Gb  control.o [1]
Turn_Cam_D_Table0       0x2000'01b4    0x3c  Data  Gb  control.o [1]
Turn_Cam_Out            0x2000'0364     0x4  Data  Gb  control.o [1]
Turn_Cam_P              0x2000'02a8     0x4  Data  Gb  control.o [1]
Turn_Cam_P_Table0       0x2000'0178    0x3c  Data  Gb  control.o [1]
UARTN                   0x2000'023c    0x24  Data  Gb  zf_uart.o [1]
USB_DeviceControl       0x8000'9a65    0x36  Code  Lc  usb_device_dci.o [1]
USB_DeviceEhciCancelControlPipe
                        0x8000'9c6d   0x10a  Code  Lc  usb_device_ehci.o [1]
USB_DeviceEhciFillSetupBuffer
                        0x8000'9be1    0x8c  Code  Lc  usb_device_ehci.o [1]
USB_DeviceEhciInterruptPortChange
                        0x8000'a0bd    0x52  Code  Lc  usb_device_ehci.o [1]
USB_DeviceEhciInterruptReset
                        0x8000'a10f    0x66  Code  Lc  usb_device_ehci.o [1]
USB_DeviceEhciInterruptSof
                        0x8000'a175     0x2  Code  Lc  usb_device_ehci.o [1]
USB_DeviceEhciInterruptTokenDone
                        0x8000'9d77   0x346  Code  Lc  usb_device_ehci.o [1]
USB_DeviceEhciIsrFunction
                        0x8000'a177    0x4a  Code  Gb  usb_device_ehci.o [1]
USB_DeviceNotification  0x8000'9afb    0xba  Code  Lc  usb_device_dci.o [1]
USB_DeviceNotificationTrigger
                        0x8000'9bb5    0x2a  Code  Gb  usb_device_dci.o [1]
USB_DeviceResetNotification
                        0x8000'9a9b    0x60  Code  Lc  usb_device_dci.o [1]
USB_OTG1_IRQHandler     0x8001'26c5     0xe  Code  Gb  zf_usb_cdc.o [1]
USB_OTG2_IRQHandler     0x8001'26d3     0xe  Code  Gb  zf_usb_cdc.o [1]
USDHC1_DriverIRQHandler
                        0x8000'6719    0x12  Code  Gb  fsl_usdhc.o [1]
USDHC2_DriverIRQHandler
                        0x8000'672b    0x12  Code  Gb  fsl_usdhc.o [1]
UsageFault_Handler      0x8001'3691     0x2  Code  Gb  common.o [1]
Variable                0x2000'0888    0x50  Data  Gb  Data_Send.o [1]
Variable_update         0x8000'2d63    0x1c  Code  Gb  Data_Send.o [1]
ZI$$Base                0x2000'02e0           --   Gb  - Linker created -
ZI$$Limit               0x2001'5520           --   Gb  - Linker created -
__CSTACK_ADDRESS {Abs}  0x2007'0000          Data  Gb  <internal module>
__NVIC_EnableIRQ        0x8000'3521    0x20  Code  Lc  fsl_csi.o [1]
__NVIC_EnableIRQ        0x8000'4539    0x20  Code  Lc  fsl_lpuart.o [1]
__NVIC_EnableIRQ        0x8001'1015    0x1e  Code  Lc  zf_pit.o [1]
__NVIC_SetPriorityGrouping
                        0x8000'19a5    0x22  Code  Lc  board.o [1]
__RAM_VECTOR_TABLE_SIZE {Abs}
                              0x400          Data  Gb  <internal module>
__VECTOR_RAM {Abs}      0x8000'0000          Data  Gb  <internal module>
__VECTOR_TABLE {Abs}    0x7000'2000          Data  Gb  <internal module>
__aeabi_assert          0x8000'2dc9    0x1c  Code  Gb  fsl_assert.o [1]
__aeabi_d2lz            0x8001'2a81          Code  Gb  DblToS64.o [3]
__aeabi_l2d             0x8001'2add          Code  Gb  S64ToDbl.o [3]
__aeabi_ldiv0           0x8001'3165          Code  Gb  I64DivZer.o [4]
__aeabi_ldivmod         0x8001'27d5          Code  Gb  I64DivMod.o [4]
__aeabi_memclr4         0x8001'313d          Code  Gb  ABImemclr4.o [4]
__aeabi_memcpy4         0x8001'274d          Code  Gb  ABImemcpy.o [4]
__aeabi_memcpy8         0x8001'274d          Code  Gb  ABImemcpy.o [4]
__aeabi_memset          0x8001'26e5          Code  Gb  ABImemset.o [4]
__aeabi_uldivmod        0x8001'2819          Code  Gb  I64DivMod.o [4]
__cmain                 0x7000'2911          Code  Gb  cmain.o [4]
__exit                  0x7000'266d    0x14  Code  Gb  exit.o [5]
__iar_Exp64             0x8001'3169   0x368  Code  Gb  iar_Exp64.o [3]
__iar_Memset            0x8001'26e5          Code  Gb  ABImemset.o [4]
__iar_Memset4_word      0x8001'363d          Code  Gb  ABImemset48.o [4]
__iar_Memset8_word      0x8001'363d          Code  Gb  ABImemset48.o [4]
__iar_Memset_word       0x8001'26ed          Code  Gb  ABImemset.o [4]
__iar_data_init3        0x7000'286d    0x28  Code  Gb  data_init.o [4]
__iar_frexp             0x8001'34e9          Code  Gb  frexp.o [3]
__iar_frexp64           0x8001'34d1          Code  Gb  frexp.o [3]
__iar_frexpl            0x8001'34e9          Code  Gb  frexp.o [3]
__iar_init_vfp          0x7000'2895          Code  Gb  fpinit_M.o [3]
__iar_ldexp64           0x8001'354d          Code  Gb  ldexp.o [3]
__iar_lz77_init3        0x7000'24bf   0x16e  Code  Gb  lz77_init.o [4]
__iar_modf              0x8001'2b41          Code  Gb  modf.o [3]
__iar_modf64            0x8001'2b31          Code  Gb  modf.o [3]
__iar_modfl             0x8001'2b41          Code  Gb  modf.o [3]
__iar_pow64             0x8001'2bd1   0x518  Code  Gb  pow64.o [3]
__iar_pow_medium        0x8001'2bd1   0x518  Code  Gb  pow64.o [3]
__iar_pow_medium64      0x8001'2bd1   0x518  Code  Gb  pow64.o [3]
__iar_pow_mediuml       0x8001'2bd1   0x518  Code  Gb  pow64.o [3]
__iar_program_start     0x7000'2933          Code  Gb  cstartup_M.o [4]
__iar_scalbln64         0x8001'354d          Code  Gb  ldexp.o [3]
__iar_scalbn64          0x8001'354d          Code  Gb  ldexp.o [3]
__iar_sqrt64            0x8001'3145          Code  Gb  sqrt.o [3]
__iar_zero_init3        0x7000'2633    0x3a  Code  Gb  zero_init3.o [4]
__low_level_init        0x7000'292f     0x4  Code  Gb  low_level_init.o [2]
__vector_table          0x7000'2400          Data  Gb  vector_table_M.o [4]
__zf_vector_table       0x7000'2000   0x400  Data  Gb  zf_vector.o [1]
_call_main              0x7000'291d          Code  Gb  cmain.o [4]
_exit                   0x8001'3679          Code  Gb  cexit.o [4]
_main                   0x7000'292b          Code  Gb  cmain.o [4]
abort                   0x7000'262d     0x6  Code  Gb  abort.o [2]
abs                     0x8001'391b     0x8  Code  Gb  abs.o [2]
active_diff_val         0x2001'54ac     0x4  Data  Lc  speed.o [1]
active_diff_val_range   0x2000'02c4     0x4  Data  Lc  speed.o [1]
armPllConfig_BOARD_BootClockRUN
                        0x8000'089c     0x8  Data  Gb  clock_config.o [1]
black_line              0x2000'12d8     0x4  Data  Gb  search.o [1]
board_init              0x8000'1c2f    0x24  Code  Gb  board.o [1]
boot_data               0x7000'1020    0x10  Data  Gb  fsl_flexspi_nor_boot.o [1]
camera_dispose_main     0x8000'9521    0x92  Code  Gb  SEEKFREE_MT9V03X_CSI_ME.o [1]
camera_offset           0x2000'12b0     0x4  Data  Gb  search.o [1]
ch                      0x2000'0880     0x1  Data  Gb  Data_Send.o [1]
circle_flag             0x2001'54a4     0x4  Data  Gb  SEEKFREE_MT9V03X_CSI_ME.o [1]
circle_set              0x2000'02c0     0x4  Data  Gb  SEEKFREE_MT9V03X_CSI_ME.o [1]
cnt                     0x2000'087c     0x4  Data  Gb  Data_Send.o [1]
cnt_duanlu              0x2000'12c4     0x4  Data  Gb  search.o [1]
cnt_ramp                0x2000'12d4     0x4  Data  Gb  search.o [1]
csi_add_empty_buffer    0x8000'a505    0x12  Code  Gb  zf_csi.o [1]
csi_g_lpuartHandle      0x2001'1bb0    0x30  Data  Gb  SEEKFREE_MT9V03X_CSI.o [1]
csi_get_full_buffer     0x8000'a517    0x1c  Code  Gb  zf_csi.o [1]
csi_handle              0x2001'54f0    0x1c  Data  Gb  zf_csi.o [1]
csi_init                0x8000'a391   0x174  Code  Gb  zf_csi.o [1]
csi_iomuxc              0x8000'a2d5    0xbc  Code  Gb  zf_csi.o [1]
csi_isr                 0x8000'8eb9    0x52  Code  Gb  SEEKFREE_MT9V03X_CSI.o [1]
csi_mt9v03x_uart_callback
                        0x8000'8e6f    0x4a  Code  Gb  SEEKFREE_MT9V03X_CSI.o [1]
csi_receivexfer         0x2001'1ba8     0x8  Data  Gb  SEEKFREE_MT9V03X_CSI.o [1]
csi_rx_buffer           0x2001'1ba4     0x1  Data  Gb  SEEKFREE_MT9V03X_CSI.o [1]
csi_start               0x8000'a533     0xe  Code  Gb  zf_csi.o [1]
dcd_data                0x7000'1030   0x430  Data  Gb  evkmimxrt1064_sdram_ini_dcd.o [1]
diff_bias               0x2000'02c8     0x4  Data  Lc  speed.o [1]
diff_on                 0x8000'2dbd     0x8  Code  Gb  diff.o [1]
diff_pid                0x2001'54c8     0x8  Data  Lc  speed.o [1]
diff_state              0x2000'08d8     0x1  Data  Lc  diff.o [1]
dma_restart             0x8000'a1cd    0x14  Code  Gb  zf_camera.o [1]
end                     0x2000'12c8     0x4  Data  Gb  search.o [1]
exit                    0x8001'3923     0x4  Code  Gb  exit.o [2]
flexio_flag_clear       0x8000'a1c1     0xc  Code  Gb  zf_camera.o [1]
frexp                   0x8001'34d1          Code  Gb  frexp.o [3]
frexpl                  0x8001'34d1          Code  Gb  frexp.o [3]
fullCameraBufferAddr    0x2001'550c     0x4  Data  Gb  zf_csi.o [1]
g_rtcXtalFreq           0x2000'08e0     0x4  Data  Gb  fsl_clock.o [1]
g_serialHandle          0x2000'0908     0x4  Data  Gb  fsl_debug_console.o [1]
g_xtalFreq              0x2000'08dc     0x4  Data  Gb  fsl_clock.o [1]
get_config              0x8000'8dd7    0x66  Code  Gb  SEEKFREE_MT9V03X.o [1]
get_diff_state          0x8000'2db5     0x8  Code  Gb  diff.o [1]
icm_gyro_y              0x2000'12e0     0x2  Data  Gb  SEEKFREE_ICM20602.o [1]
image_vector_table      0x7000'1000    0x20  Data  Gb  fsl_flexspi_nor_boot.o [1]
iomuxc_pinconf          0x8000'a5f1  0x694c  Code  Gb  zf_iomuxc.o [1]
ldexp                   0x8001'354d          Code  Gb  ldexp.o [3]
ldexpl                  0x8001'354d          Code  Gb  ldexp.o [3]
lib_active_diff_init    0x8000'99b3    0x16  Code  Gb  speed.o [1]
lib_active_diff_input   0x8000'99cf    0x3c  Code  Gb  speed.o [1]
lib_active_diff_input::last_diff
                        0x2001'54d0     0x4  Data  Lc  speed.o [1]
lib_active_diff_set     0x8000'99c9     0x6  Code  Gb  speed.o [1]
lib_active_diff_set_d   0x8000'9a13     0x8  Code  Gb  speed.o [1]
lib_active_diff_set_p   0x8000'9a0b     0x8  Code  Gb  speed.o [1]
lib_get_speed           0x8000'98d5    0x9a  Code  Gb  speed.o [1]
lib_set_speed           0x8000'9971    0x42  Code  Gb  speed.o [1]
lib_speed_init          0x8000'9a1b    0x20  Code  Gb  speed.o [1]
limit_f                 0x8000'24e7    0x2a  Code  Gb  control.o [1]
lnbias                  0x8000'0400   0x420  Data  Lc  pow64.o [3]
m_boot_hdr_conf_start {Abs}
                        0x7000'0000          Data  Gb  <internal module>
main                    0x8000'69f7    0x76  Code  Gb  main.o [1]
modf                    0x8001'2b31          Code  Gb  modf.o [3]
modfl                   0x8001'2b31          Code  Gb  modf.o [3]
mt9v03x_csi1_image      0x2000'6b40  0x5820  Data  Gb  SEEKFREE_MT9V03X_CSI.o [1]
mt9v03x_csi2_image      0x2000'c380  0x5820  Data  Gb  SEEKFREE_MT9V03X_CSI.o [1]
mt9v03x_csi_finish_flag
                        0x2001'1be0     0x1  Data  Gb  SEEKFREE_MT9V03X_CSI.o [1]
mt9v03x_csi_image       0x2001'1ba0     0x4  Data  Gb  SEEKFREE_MT9V03X_CSI.o [1]
mt9v03x_csi_init        0x8000'8f0b    0x98  Code  Gb  SEEKFREE_MT9V03X_CSI.o [1]
mt9v03x_image           0x2000'12e4  0x5820  Data  Gb  SEEKFREE_MT9V03X.o [1]
mt9v03x_vsync           0x8000'8e3d    0x14  Code  Gb  SEEKFREE_MT9V03X.o [1]
my_limit                0x8000'2511    0x24  Code  Gb  control.o [1]
offset_map              0x2000'0000    0xf0  Data  Gb  search.o [1]
p_get                   0x8000'2535    0x5a  Code  Gb  control.o [1]
p_get::l                0x2000'02b4     0x4  Data  Lc  control.o [1]
p_get::w                0x2000'02b0     0x4  Data  Lc  control.o [1]
pit_init                0x8001'11df    0x32  Code  Gb  zf_pit.o [1]
pit_interrupt           0x8001'1211    0x3e  Code  Gb  zf_pit.o [1]
pixel_undistort         0x8000'8571    0xaa  Code  Gb  search.o [1]
pow                     0x8001'2bd1   0x518  Code  Gb  pow64.o [3]
powl                    0x8001'2bd1   0x518  Code  Gb  pow64.o [3]
pwm_duty                0x8001'19c5    0x94  Code  Gb  zf_pwm.o [1]
pwm_init                0x8001'17cd   0x1f8  Code  Gb  zf_pwm.o [1]
pwm_iomuxc              0x8001'12c5   0x508  Code  Gb  zf_pwm.o [1]
qd1_result              0x2000'0358     0x2  Data  Gb  control.o [1]
qd2_result              0x2000'035a     0x2  Data  Gb  control.o [1]
qspiflash_config        0x7000'0000   0x200  Data  Gb  evkmimxrt1064_flexspi_nor_config.o [1]
qtimer_AB_init          0x8001'369b    0x18  Code  Gb  qtimer.o [1]
qtimer_iomuxc           0x8001'1a95   0x628  Code  Gb  zf_qtimer.o [1]
qtimer_quad_clear       0x8001'218f    0x30  Code  Gb  zf_qtimer.o [1]
qtimer_quad_get         0x8001'215f    0x30  Code  Gb  zf_qtimer.o [1]
qtimer_quad_init        0x8001'20bd    0xa2  Code  Gb  zf_qtimer.o [1]
receive                 0x2000'6b04     0x4  Data  Gb  SEEKFREE_MT9V03X.o [1]
receive_num             0x2000'6b08     0x1  Data  Gb  SEEKFREE_MT9V03X.o [1]
s_EDMAHandle            0x2000'090c    0x80  Data  Lc  fsl_edma.o [1]
s_ENETHandle            0x2000'098c     0x8  Data  Lc  fsl_enet.o [1]
s_FlexioCameraDevice    0x2001'54d4    0x1c  Data  Lc  zf_camera.o [1]
s_LpuartAdapterBase     0x8000'1464    0x24  Data  Lc  lpuart_adapter.o [1]
s_cdcVcom               0x2001'5510    0x10  Data  Gb  zf_usb_cdc.o [1]
s_csiBases              0x8000'0a4c     0x4  Data  Lc  fsl_csi.o [1]
s_csiClocks             0x8001'3682     0x2  Data  Lc  fsl_csi.o [1]
s_csiHandle             0x2000'08e4     0x4  Data  Lc  fsl_csi.o [1]
s_csiIRQ                0x8001'3684     0x2  Data  Lc  fsl_csi.o [1]
s_csiIsr                0x2000'08e8     0x4  Data  Lc  fsl_csi.o [1]
s_debugConsoleState     0x2000'08ec    0x1c  Data  Lc  fsl_debug_console.o [1]
s_enetBases             0x8000'0c0c     0xc  Data  Lc  fsl_enet.o [1]
s_enetErrIsr            0x2000'099c     0x4  Data  Lc  fsl_enet.o [1]
s_enetRxIsr             0x2000'0998     0x4  Data  Lc  fsl_enet.o [1]
s_enetTsIsr             0x2000'09a0     0x4  Data  Lc  fsl_enet.o [1]
s_enetTxIsr             0x2000'0994     0x4  Data  Lc  fsl_enet.o [1]
s_flexcanHandle         0x2000'09a4    0x10  Data  Lc  fsl_flexcan.o [1]
s_flexcanIsr            0x2000'09b4     0x4  Data  Lc  fsl_flexcan.o [1]
s_flexioHandle          0x2000'09b8     0x8  Data  Lc  fsl_flexio.o [1]
s_flexioIsr             0x2000'09c8     0x8  Data  Lc  fsl_flexio.o [1]
s_flexioType            0x2000'09c0     0x8  Data  Lc  fsl_flexio.o [1]
s_lpi2cMasterHandle     0x2000'09d4    0x14  Data  Lc  fsl_lpi2c.o [1]
s_lpi2cMasterIsr        0x2000'09d0     0x4  Data  Lc  fsl_lpi2c.o [1]
s_lpi2cSlaveHandle      0x2000'09ec    0x14  Data  Lc  fsl_lpi2c.o [1]
s_lpi2cSlaveIsr         0x2000'09e8     0x4  Data  Lc  fsl_lpi2c.o [1]
s_lpspiHandle           0x2000'0a00    0x14  Data  Lc  fsl_lpspi.o [1]
s_lpspiMasterIsr        0x2000'0a14     0x4  Data  Lc  fsl_lpspi.o [1]
s_lpspiSlaveIsr         0x2000'0a18     0x4  Data  Lc  fsl_lpspi.o [1]
s_lpuartBases           0x8000'0ec0    0x24  Data  Lc  fsl_lpuart.o [1]
s_lpuartClock           0x8000'0ef8    0x14  Data  Lc  fsl_lpuart.o [1]
s_lpuartHandle          0x2000'0a1c    0x24  Data  Lc  fsl_lpuart.o [1]
s_lpuartIRQ             0x8000'0ee4    0x14  Data  Lc  fsl_lpuart.o [1]
s_lpuartIsr             0x2000'0a40     0x4  Data  Lc  fsl_lpuart.o [1]
s_pitBases              0x8000'1008     0x4  Data  Lc  fsl_pit.o [1]
s_pitClocks             0x8001'3686     0x2  Data  Lc  fsl_pit.o [1]
s_pwmBases              0x8000'118c    0x14  Data  Lc  fsl_pwm.o [1]
s_pwmClocks             0x8000'11a0    0x28  Data  Lc  fsl_pwm.o [1]
s_qtmrBases             0x8000'12c4    0x14  Data  Lc  fsl_qtmr.o [1]
s_qtmrClocks            0x8000'12d8     0xc  Data  Lc  fsl_qtmr.o [1]
s_saiHandle             0x2000'0a44    0x20  Data  Lc  fsl_sai.o [1]
s_saiRxIsr              0x2000'0a68     0x4  Data  Lc  fsl_sai.o [1]
s_saiTxIsr              0x2000'0a64     0x4  Data  Lc  fsl_sai.o [1]
s_spdifHandle           0x2000'0a6c     0x8  Data  Gb  fsl_spdif.o [1]
s_spdifRxIsr            0x2000'0a78     0x4  Data  Lc  fsl_spdif.o [1]
s_spdifTxIsr            0x2000'0a74     0x4  Data  Lc  fsl_spdif.o [1]
s_usdhcBase             0x8000'1360     0xc  Data  Lc  fsl_usdhc.o [1]
s_usdhcHandle           0x2000'0a7c     0xc  Data  Lc  fsl_usdhc.o [1]
s_usdhcIsr              0x2000'0a88     0x4  Data  Lc  fsl_usdhc.o [1]
scalbln                 0x8001'354d          Code  Gb  ldexp.o [3]
scalblnl                0x8001'354d          Code  Gb  ldexp.o [3]
scalbn                  0x8001'354d          Code  Gb  ldexp.o [3]
scalbnl                 0x8001'354d          Code  Gb  ldexp.o [3]
set_config              0x8000'8d59    0x7e  Code  Gb  SEEKFREE_MT9V03X.o [1]
sobel                   0x8000'928d   0x1e8  Code  Gb  SEEKFREE_MT9V03X_CSI_ME.o [1]
speed                   0x2001'54a8     0x4  Data  Lc  speed.o [1]
speedTarget1            0x2000'0388     0x4  Data  Gb  control.o [1]
speedTarget2            0x2000'038c     0x4  Data  Gb  control.o [1]
sqrt                    0x8001'3145          Code  Gb  sqrt.o [3]
sqrtl                   0x8001'3145          Code  Gb  sqrt.o [3]
start_stop              0x2000'12dc     0x4  Data  Gb  search.o [1]
strlen                  0x8001'2a49          Code  Gb  strlen.o [4]
systick_delay           0x8001'21cd    0x38  Code  Gb  zf_systick.o [1]
systick_delay_ms        0x8001'2205    0x22  Code  Gb  zf_systick.o [1]
temp1                   0x2000'0884     0x4  Data  Gb  Data_Send.o [1]
temx                    0x2000'12c0     0x4  Data  Gb  search.o [1]
threshold_offset        0x2000'02bc     0x4  Data  Gb  search.o [1]
uart_init               0x8001'2593    0x6e  Code  Gb  zf_uart.o [1]
uart_iomuxc             0x8001'2245   0x34e  Code  Gb  zf_uart.o [1]
uart_putbuff            0x8001'2629    0x1c  Code  Gb  zf_uart.o [1]
uart_putchar            0x8001'2601    0x28  Code  Gb  zf_uart.o [1]
uart_receive_flag       0x2000'6b09     0x1  Data  Gb  SEEKFREE_MT9V03X.o [1]
uart_rx_irq             0x8001'2645    0x36  Code  Gb  zf_uart.o [1]
uart_set_handle         0x8001'267b    0x3c  Code  Gb  zf_uart.o [1]
utility_s               0x2001'54b0    0x18  Data  Lc  speed.o [1]
whitecnt                0x2000'12b4     0x4  Data  Gb  search.o [1]


[1] = D:\GMY0\A_competition\Smart_Car\Smart_Car\RT1064\IAR\program\nor_sdram_zf_dtcm\Obj
[2] = dl7M_tln.a
[3] = m7M_tlv.a
[4] = rt7M_tl.a
[5] = shb_l.a

   1'268 bytes of readonly  code memory
  73'672 bytes of readwrite code memory
  48'185 bytes of readonly  data memory
  96'880 bytes of readwrite data memory

Errors: none
Warnings: none
