###############################################################################
#
# IAR ELF Linker V8.40.1.212/W32 for ARM                  05/Jun/2020  11:11:34
# Copyright 2007-2019 IAR Systems AB.
#
#    Output file  =
#        C:\Users\liuke\Desktop\iar64\Smart_Car\RT1064\IAR\program\nor_sdram_zf_dtcm\Exe\RT106X.out
#    Map file     =
#        C:\Users\liuke\Desktop\iar64\Smart_Car\RT1064\IAR\program\nor_sdram_zf_dtcm\List\RT106X.map
#    Command line =
#        -f C:\Users\liuke\AppData\Local\Temp\EWC1BB.tmp
#        (C:\Users\liuke\Desktop\iar64\Smart_Car\RT1064\IAR\program\nor_sdram_zf_dtcm\Obj\board.o
#        C:\Users\liuke\Desktop\iar64\Smart_Car\RT1064\IAR\program\nor_sdram_zf_dtcm\Obj\clock_config.o
#        C:\Users\liuke\Desktop\iar64\Smart_Car\RT1064\IAR\program\nor_sdram_zf_dtcm\Obj\common.o
#        C:\Users\liuke\Desktop\iar64\Smart_Car\RT1064\IAR\program\nor_sdram_zf_dtcm\Obj\control.o
#        C:\Users\liuke\Desktop\iar64\Smart_Car\RT1064\IAR\program\nor_sdram_zf_dtcm\Obj\Data_Send.o
#        C:\Users\liuke\Desktop\iar64\Smart_Car\RT1064\IAR\program\nor_sdram_zf_dtcm\Obj\diff.o
#        C:\Users\liuke\Desktop\iar64\Smart_Car\RT1064\IAR\program\nor_sdram_zf_dtcm\Obj\EM.o
#        C:\Users\liuke\Desktop\iar64\Smart_Car\RT1064\IAR\program\nor_sdram_zf_dtcm\Obj\evkmimxrt1064_flexspi_nor_config.o
#        C:\Users\liuke\Desktop\iar64\Smart_Car\RT1064\IAR\program\nor_sdram_zf_dtcm\Obj\evkmimxrt1064_sdram_ini_dcd.o
#        C:\Users\liuke\Desktop\iar64\Smart_Car\RT1064\IAR\program\nor_sdram_zf_dtcm\Obj\fsl_adc.o
#        C:\Users\liuke\Desktop\iar64\Smart_Car\RT1064\IAR\program\nor_sdram_zf_dtcm\Obj\fsl_adc_etc.o
#        C:\Users\liuke\Desktop\iar64\Smart_Car\RT1064\IAR\program\nor_sdram_zf_dtcm\Obj\fsl_aipstz.o
#        C:\Users\liuke\Desktop\iar64\Smart_Car\RT1064\IAR\program\nor_sdram_zf_dtcm\Obj\fsl_aoi.o
#        C:\Users\liuke\Desktop\iar64\Smart_Car\RT1064\IAR\program\nor_sdram_zf_dtcm\Obj\fsl_assert.o
#        C:\Users\liuke\Desktop\iar64\Smart_Car\RT1064\IAR\program\nor_sdram_zf_dtcm\Obj\fsl_bee.o
#        C:\Users\liuke\Desktop\iar64\Smart_Car\RT1064\IAR\program\nor_sdram_zf_dtcm\Obj\fsl_cache.o
#        C:\Users\liuke\Desktop\iar64\Smart_Car\RT1064\IAR\program\nor_sdram_zf_dtcm\Obj\fsl_clock.o
#        C:\Users\liuke\Desktop\iar64\Smart_Car\RT1064\IAR\program\nor_sdram_zf_dtcm\Obj\fsl_cmp.o
#        C:\Users\liuke\Desktop\iar64\Smart_Car\RT1064\IAR\program\nor_sdram_zf_dtcm\Obj\fsl_common.o
#        C:\Users\liuke\Desktop\iar64\Smart_Car\RT1064\IAR\program\nor_sdram_zf_dtcm\Obj\fsl_csi.o
#        C:\Users\liuke\Desktop\iar64\Smart_Car\RT1064\IAR\program\nor_sdram_zf_dtcm\Obj\fsl_dcdc.o
#        C:\Users\liuke\Desktop\iar64\Smart_Car\RT1064\IAR\program\nor_sdram_zf_dtcm\Obj\fsl_dcp.o
#        C:\Users\liuke\Desktop\iar64\Smart_Car\RT1064\IAR\program\nor_sdram_zf_dtcm\Obj\fsl_debug_console.o
#        C:\Users\liuke\Desktop\iar64\Smart_Car\RT1064\IAR\program\nor_sdram_zf_dtcm\Obj\fsl_dmamux.o
#        C:\Users\liuke\Desktop\iar64\Smart_Car\RT1064\IAR\program\nor_sdram_zf_dtcm\Obj\fsl_edma.o
#        C:\Users\liuke\Desktop\iar64\Smart_Car\RT1064\IAR\program\nor_sdram_zf_dtcm\Obj\fsl_elcdif.o
#        C:\Users\liuke\Desktop\iar64\Smart_Car\RT1064\IAR\program\nor_sdram_zf_dtcm\Obj\fsl_enc.o
#        C:\Users\liuke\Desktop\iar64\Smart_Car\RT1064\IAR\program\nor_sdram_zf_dtcm\Obj\fsl_enet.o
#        C:\Users\liuke\Desktop\iar64\Smart_Car\RT1064\IAR\program\nor_sdram_zf_dtcm\Obj\fsl_ewm.o
#        C:\Users\liuke\Desktop\iar64\Smart_Car\RT1064\IAR\program\nor_sdram_zf_dtcm\Obj\fsl_flexcan.o
#        C:\Users\liuke\Desktop\iar64\Smart_Car\RT1064\IAR\program\nor_sdram_zf_dtcm\Obj\fsl_flexio.o
#        C:\Users\liuke\Desktop\iar64\Smart_Car\RT1064\IAR\program\nor_sdram_zf_dtcm\Obj\fsl_flexio_camera.o
#        C:\Users\liuke\Desktop\iar64\Smart_Car\RT1064\IAR\program\nor_sdram_zf_dtcm\Obj\fsl_flexio_i2c_master.o
#        C:\Users\liuke\Desktop\iar64\Smart_Car\RT1064\IAR\program\nor_sdram_zf_dtcm\Obj\fsl_flexio_i2s.o
#        C:\Users\liuke\Desktop\iar64\Smart_Car\RT1064\IAR\program\nor_sdram_zf_dtcm\Obj\fsl_flexio_i2s_edma.o
#        C:\Users\liuke\Desktop\iar64\Smart_Car\RT1064\IAR\program\nor_sdram_zf_dtcm\Obj\fsl_flexio_spi.o
#        C:\Users\liuke\Desktop\iar64\Smart_Car\RT1064\IAR\program\nor_sdram_zf_dtcm\Obj\fsl_flexio_spi_edma.o
#        C:\Users\liuke\Desktop\iar64\Smart_Car\RT1064\IAR\program\nor_sdram_zf_dtcm\Obj\fsl_flexio_uart.o
#        C:\Users\liuke\Desktop\iar64\Smart_Car\RT1064\IAR\program\nor_sdram_zf_dtcm\Obj\fsl_flexio_uart_edma.o
#        C:\Users\liuke\Desktop\iar64\Smart_Car\RT1064\IAR\program\nor_sdram_zf_dtcm\Obj\fsl_flexram.o
#        C:\Users\liuke\Desktop\iar64\Smart_Car\RT1064\IAR\program\nor_sdram_zf_dtcm\Obj\fsl_flexspi.o
#        C:\Users\liuke\Desktop\iar64\Smart_Car\RT1064\IAR\program\nor_sdram_zf_dtcm\Obj\fsl_flexspi_nor_boot.o
#        C:\Users\liuke\Desktop\iar64\Smart_Car\RT1064\IAR\program\nor_sdram_zf_dtcm\Obj\fsl_gpc.o
#        C:\Users\liuke\Desktop\iar64\Smart_Car\RT1064\IAR\program\nor_sdram_zf_dtcm\Obj\fsl_gpio.o
#        C:\Users\liuke\Desktop\iar64\Smart_Car\RT1064\IAR\program\nor_sdram_zf_dtcm\Obj\fsl_gpt.o
#        C:\Users\liuke\Desktop\iar64\Smart_Car\RT1064\IAR\program\nor_sdram_zf_dtcm\Obj\fsl_kpp.o
#        C:\Users\liuke\Desktop\iar64\Smart_Car\RT1064\IAR\program\nor_sdram_zf_dtcm\Obj\fsl_lpi2c.o
#        C:\Users\liuke\Desktop\iar64\Smart_Car\RT1064\IAR\program\nor_sdram_zf_dtcm\Obj\fsl_lpi2c_edma.o
#        C:\Users\liuke\Desktop\iar64\Smart_Car\RT1064\IAR\program\nor_sdram_zf_dtcm\Obj\fsl_lpspi.o
#        C:\Users\liuke\Desktop\iar64\Smart_Car\RT1064\IAR\program\nor_sdram_zf_dtcm\Obj\fsl_lpspi_edma.o
#        C:\Users\liuke\Desktop\iar64\Smart_Car\RT1064\IAR\program\nor_sdram_zf_dtcm\Obj\fsl_lpuart.o
#        C:\Users\liuke\Desktop\iar64\Smart_Car\RT1064\IAR\program\nor_sdram_zf_dtcm\Obj\fsl_lpuart_edma.o
#        C:\Users\liuke\Desktop\iar64\Smart_Car\RT1064\IAR\program\nor_sdram_zf_dtcm\Obj\fsl_notifier.o
#        C:\Users\liuke\Desktop\iar64\Smart_Car\RT1064\IAR\program\nor_sdram_zf_dtcm\Obj\fsl_ocotp.o
#        C:\Users\liuke\Desktop\iar64\Smart_Car\RT1064\IAR\program\nor_sdram_zf_dtcm\Obj\fsl_pit.o
#        C:\Users\liuke\Desktop\iar64\Smart_Car\RT1064\IAR\program\nor_sdram_zf_dtcm\Obj\fsl_pmu.o
#        C:\Users\liuke\Desktop\iar64\Smart_Car\RT1064\IAR\program\nor_sdram_zf_dtcm\Obj\fsl_pwm.o
#        C:\Users\liuke\Desktop\iar64\Smart_Car\RT1064\IAR\program\nor_sdram_zf_dtcm\Obj\fsl_pxp.o
#        C:\Users\liuke\Desktop\iar64\Smart_Car\RT1064\IAR\program\nor_sdram_zf_dtcm\Obj\fsl_qtmr.o
#        C:\Users\liuke\Desktop\iar64\Smart_Car\RT1064\IAR\program\nor_sdram_zf_dtcm\Obj\fsl_rtwdog.o
#        C:\Users\liuke\Desktop\iar64\Smart_Car\RT1064\IAR\program\nor_sdram_zf_dtcm\Obj\fsl_sai.o
#        C:\Users\liuke\Desktop\iar64\Smart_Car\RT1064\IAR\program\nor_sdram_zf_dtcm\Obj\fsl_sai_edma.o
#        C:\Users\liuke\Desktop\iar64\Smart_Car\RT1064\IAR\program\nor_sdram_zf_dtcm\Obj\fsl_sbrk.o
#        C:\Users\liuke\Desktop\iar64\Smart_Car\RT1064\IAR\program\nor_sdram_zf_dtcm\Obj\fsl_semc.o
#        C:\Users\liuke\Desktop\iar64\Smart_Car\RT1064\IAR\program\nor_sdram_zf_dtcm\Obj\fsl_shell.o
#        C:\Users\liuke\Desktop\iar64\Smart_Car\RT1064\IAR\program\nor_sdram_zf_dtcm\Obj\fsl_snvs_hp.o
#        C:\Users\liuke\Desktop\iar64\Smart_Car\RT1064\IAR\program\nor_sdram_zf_dtcm\Obj\fsl_snvs_lp.o
#        C:\Users\liuke\Desktop\iar64\Smart_Car\RT1064\IAR\program\nor_sdram_zf_dtcm\Obj\fsl_spdif.o
#        C:\Users\liuke\Desktop\iar64\Smart_Car\RT1064\IAR\program\nor_sdram_zf_dtcm\Obj\fsl_spdif_edma.o
#        C:\Users\liuke\Desktop\iar64\Smart_Car\RT1064\IAR\program\nor_sdram_zf_dtcm\Obj\fsl_src.o
#        C:\Users\liuke\Desktop\iar64\Smart_Car\RT1064\IAR\program\nor_sdram_zf_dtcm\Obj\fsl_str.o
#        C:\Users\liuke\Desktop\iar64\Smart_Car\RT1064\IAR\program\nor_sdram_zf_dtcm\Obj\fsl_tempmon.o
#        C:\Users\liuke\Desktop\iar64\Smart_Car\RT1064\IAR\program\nor_sdram_zf_dtcm\Obj\fsl_trng.o
#        C:\Users\liuke\Desktop\iar64\Smart_Car\RT1064\IAR\program\nor_sdram_zf_dtcm\Obj\fsl_tsc.o
#        C:\Users\liuke\Desktop\iar64\Smart_Car\RT1064\IAR\program\nor_sdram_zf_dtcm\Obj\fsl_usdhc.o
#        C:\Users\liuke\Desktop\iar64\Smart_Car\RT1064\IAR\program\nor_sdram_zf_dtcm\Obj\fsl_wdog.o
#        C:\Users\liuke\Desktop\iar64\Smart_Car\RT1064\IAR\program\nor_sdram_zf_dtcm\Obj\fsl_xbara.o
#        C:\Users\liuke\Desktop\iar64\Smart_Car\RT1064\IAR\program\nor_sdram_zf_dtcm\Obj\fsl_xbarb.o
#        C:\Users\liuke\Desktop\iar64\Smart_Car\RT1064\IAR\program\nor_sdram_zf_dtcm\Obj\function.o
#        C:\Users\liuke\Desktop\iar64\Smart_Car\RT1064\IAR\program\nor_sdram_zf_dtcm\Obj\generic_list.o
#        C:\Users\liuke\Desktop\iar64\Smart_Car\RT1064\IAR\program\nor_sdram_zf_dtcm\Obj\isr.o
#        C:\Users\liuke\Desktop\iar64\Smart_Car\RT1064\IAR\program\nor_sdram_zf_dtcm\Obj\lpuart_adapter.o
#        C:\Users\liuke\Desktop\iar64\Smart_Car\RT1064\IAR\program\nor_sdram_zf_dtcm\Obj\main.o
#        C:\Users\liuke\Desktop\iar64\Smart_Car\RT1064\IAR\program\nor_sdram_zf_dtcm\Obj\pin_mux.o
#        C:\Users\liuke\Desktop\iar64\Smart_Car\RT1064\IAR\program\nor_sdram_zf_dtcm\Obj\pwm_me.o
#        C:\Users\liuke\Desktop\iar64\Smart_Car\RT1064\IAR\program\nor_sdram_zf_dtcm\Obj\qtimer.o
#        C:\Users\liuke\Desktop\iar64\Smart_Car\RT1064\IAR\program\nor_sdram_zf_dtcm\Obj\search.o
#        C:\Users\liuke\Desktop\iar64\Smart_Car\RT1064\IAR\program\nor_sdram_zf_dtcm\Obj\SEEKFREE_18TFT.o
#        C:\Users\liuke\Desktop\iar64\Smart_Car\RT1064\IAR\program\nor_sdram_zf_dtcm\Obj\SEEKFREE_FONT.o
#        C:\Users\liuke\Desktop\iar64\Smart_Car\RT1064\IAR\program\nor_sdram_zf_dtcm\Obj\SEEKFREE_FUN.o
#        C:\Users\liuke\Desktop\iar64\Smart_Car\RT1064\IAR\program\nor_sdram_zf_dtcm\Obj\SEEKFREE_ICM20602.o
#        C:\Users\liuke\Desktop\iar64\Smart_Car\RT1064\IAR\program\nor_sdram_zf_dtcm\Obj\SEEKFREE_IIC.o
#        C:\Users\liuke\Desktop\iar64\Smart_Car\RT1064\IAR\program\nor_sdram_zf_dtcm\Obj\SEEKFREE_IPS114_SPI.o
#        C:\Users\liuke\Desktop\iar64\Smart_Car\RT1064\IAR\program\nor_sdram_zf_dtcm\Obj\SEEKFREE_IPS200_PARALLEL8.o
#        C:\Users\liuke\Desktop\iar64\Smart_Car\RT1064\IAR\program\nor_sdram_zf_dtcm\Obj\SEEKFREE_L3G4200D.o
#        C:\Users\liuke\Desktop\iar64\Smart_Car\RT1064\IAR\program\nor_sdram_zf_dtcm\Obj\SEEKFREE_MMA8451.o
#        C:\Users\liuke\Desktop\iar64\Smart_Car\RT1064\IAR\program\nor_sdram_zf_dtcm\Obj\SEEKFREE_MPU6050.o
#        C:\Users\liuke\Desktop\iar64\Smart_Car\RT1064\IAR\program\nor_sdram_zf_dtcm\Obj\SEEKFREE_MT9V03X.o
#        C:\Users\liuke\Desktop\iar64\Smart_Car\RT1064\IAR\program\nor_sdram_zf_dtcm\Obj\SEEKFREE_MT9V03X_CSI.o
#        C:\Users\liuke\Desktop\iar64\Smart_Car\RT1064\IAR\program\nor_sdram_zf_dtcm\Obj\SEEKFREE_MT9V03X_CSI_ME.o
#        C:\Users\liuke\Desktop\iar64\Smart_Car\RT1064\IAR\program\nor_sdram_zf_dtcm\Obj\SEEKFREE_NRF24L01.o
#        C:\Users\liuke\Desktop\iar64\Smart_Car\RT1064\IAR\program\nor_sdram_zf_dtcm\Obj\SEEKFREE_OLED.o
#        C:\Users\liuke\Desktop\iar64\Smart_Car\RT1064\IAR\program\nor_sdram_zf_dtcm\Obj\SEEKFREE_PRINTF.o
#        C:\Users\liuke\Desktop\iar64\Smart_Car\RT1064\IAR\program\nor_sdram_zf_dtcm\Obj\SEEKFREE_SCC8660.o
#        C:\Users\liuke\Desktop\iar64\Smart_Car\RT1064\IAR\program\nor_sdram_zf_dtcm\Obj\SEEKFREE_SCC8660_CSI.o
#        C:\Users\liuke\Desktop\iar64\Smart_Car\RT1064\IAR\program\nor_sdram_zf_dtcm\Obj\SEEKFREE_VIRSCO.o
#        C:\Users\liuke\Desktop\iar64\Smart_Car\RT1064\IAR\program\nor_sdram_zf_dtcm\Obj\SEEKFREE_W25QXXJV.o
#        C:\Users\liuke\Desktop\iar64\Smart_Car\RT1064\IAR\program\nor_sdram_zf_dtcm\Obj\SEEKFREE_WIRELESS.o
#        C:\Users\liuke\Desktop\iar64\Smart_Car\RT1064\IAR\program\nor_sdram_zf_dtcm\Obj\serial_manager.o
#        C:\Users\liuke\Desktop\iar64\Smart_Car\RT1064\IAR\program\nor_sdram_zf_dtcm\Obj\serial_port_uart.o
#        C:\Users\liuke\Desktop\iar64\Smart_Car\RT1064\IAR\program\nor_sdram_zf_dtcm\Obj\speed.o
#        C:\Users\liuke\Desktop\iar64\Smart_Car\RT1064\IAR\program\nor_sdram_zf_dtcm\Obj\startup_MIMXRT1064.o
#        C:\Users\liuke\Desktop\iar64\Smart_Car\RT1064\IAR\program\nor_sdram_zf_dtcm\Obj\system_MIMXRT1064.o
#        C:\Users\liuke\Desktop\iar64\Smart_Car\RT1064\IAR\program\nor_sdram_zf_dtcm\Obj\usb_device_cdc_acm.o
#        C:\Users\liuke\Desktop\iar64\Smart_Car\RT1064\IAR\program\nor_sdram_zf_dtcm\Obj\usb_device_ch9.o
#        C:\Users\liuke\Desktop\iar64\Smart_Car\RT1064\IAR\program\nor_sdram_zf_dtcm\Obj\usb_device_class.o
#        C:\Users\liuke\Desktop\iar64\Smart_Car\RT1064\IAR\program\nor_sdram_zf_dtcm\Obj\usb_device_dci.o
#        C:\Users\liuke\Desktop\iar64\Smart_Car\RT1064\IAR\program\nor_sdram_zf_dtcm\Obj\usb_device_descriptor.o
#        C:\Users\liuke\Desktop\iar64\Smart_Car\RT1064\IAR\program\nor_sdram_zf_dtcm\Obj\usb_device_ehci.o
#        C:\Users\liuke\Desktop\iar64\Smart_Car\RT1064\IAR\program\nor_sdram_zf_dtcm\Obj\usb_osa_bm.o
#        C:\Users\liuke\Desktop\iar64\Smart_Car\RT1064\IAR\program\nor_sdram_zf_dtcm\Obj\usb_phy.o
#        C:\Users\liuke\Desktop\iar64\Smart_Car\RT1064\IAR\program\nor_sdram_zf_dtcm\Obj\zf_adc.o
#        C:\Users\liuke\Desktop\iar64\Smart_Car\RT1064\IAR\program\nor_sdram_zf_dtcm\Obj\zf_camera.o
#        C:\Users\liuke\Desktop\iar64\Smart_Car\RT1064\IAR\program\nor_sdram_zf_dtcm\Obj\zf_csi.o
#        C:\Users\liuke\Desktop\iar64\Smart_Car\RT1064\IAR\program\nor_sdram_zf_dtcm\Obj\zf_flash.o
#        C:\Users\liuke\Desktop\iar64\Smart_Car\RT1064\IAR\program\nor_sdram_zf_dtcm\Obj\zf_gpio.o
#        C:\Users\liuke\Desktop\iar64\Smart_Car\RT1064\IAR\program\nor_sdram_zf_dtcm\Obj\zf_iic.o
#        C:\Users\liuke\Desktop\iar64\Smart_Car\RT1064\IAR\program\nor_sdram_zf_dtcm\Obj\zf_iomuxc.o
#        C:\Users\liuke\Desktop\iar64\Smart_Car\RT1064\IAR\program\nor_sdram_zf_dtcm\Obj\zf_pit.o
#        C:\Users\liuke\Desktop\iar64\Smart_Car\RT1064\IAR\program\nor_sdram_zf_dtcm\Obj\zf_pwm.o
#        C:\Users\liuke\Desktop\iar64\Smart_Car\RT1064\IAR\program\nor_sdram_zf_dtcm\Obj\zf_qtimer.o
#        C:\Users\liuke\Desktop\iar64\Smart_Car\RT1064\IAR\program\nor_sdram_zf_dtcm\Obj\zf_rom_api.o
#        C:\Users\liuke\Desktop\iar64\Smart_Car\RT1064\IAR\program\nor_sdram_zf_dtcm\Obj\zf_spi.o
#        C:\Users\liuke\Desktop\iar64\Smart_Car\RT1064\IAR\program\nor_sdram_zf_dtcm\Obj\zf_systick.o
#        C:\Users\liuke\Desktop\iar64\Smart_Car\RT1064\IAR\program\nor_sdram_zf_dtcm\Obj\zf_uart.o
#        C:\Users\liuke\Desktop\iar64\Smart_Car\RT1064\IAR\program\nor_sdram_zf_dtcm\Obj\zf_usb_cdc.o
#        C:\Users\liuke\Desktop\iar64\Smart_Car\RT1064\IAR\program\nor_sdram_zf_dtcm\Obj\zf_vector.o
#        --no_out_extension -o
#        C:\Users\liuke\Desktop\iar64\Smart_Car\RT1064\IAR\program\nor_sdram_zf_dtcm\Exe\RT106X.out
#        --map
#        C:\Users\liuke\Desktop\iar64\Smart_Car\RT1064\IAR\program\nor_sdram_zf_dtcm\List\RT106X.map
#        --config
#        C:\Users\liuke\Desktop\iar64\Smart_Car\RT1064\IAR\program\..\..\IAR\icf\MIMXRT1064xxxxx_flexspi_nor.icf
#        --semihosting --entry __iar_program_start --vfe --text_out locale)
#
###############################################################################

*******************************************************************************
*** RUNTIME MODEL ATTRIBUTES
***

CppFlavor       = *
__Heap_Handler  = DLMalloc
__SystemLibrary = DLib
__dlib_version  = 6


*******************************************************************************
*** HEAP SELECTION
***

The advanced heap was selected because the application calls memory
allocation functions outside of system library functions, and there
are calls to deallocation functions in the application.


*******************************************************************************
*** PLACEMENT SUMMARY
***

"A0":  place at address 0x7000'2000 { ro section .intvec };
"A2":  place at address 0x7000'0000 { section .boot_hdr.conf };
"A3":  place at address 0x7000'1000 { section .boot_hdr.ivt };
"A4":  place at address 0x7000'1020 { ro section .boot_hdr.boot_data };
"A5":  place at address 0x7000'1030 { ro section .boot_hdr.dcd_data };
"P1":  place in [from 0x7000'2000 to 0x7000'23ff] |
                [from 0x7000'2400 to 0x703f'ffff] { ro };
define block RW { first rw, section m_usb_dma_init_data };
"P2":  place in [from 0x8000'0000 to 0x8000'03ff] |
                [from 0x8000'0400 to 0x81df'ffff] { block RW };
define block SDRAM_VAR
   with alignment = 8 { section SDRAM_CACHE, section SDRAM_CACHE.init };
"P11": place in [from 0x8000'0000 to 0x8000'03ff] |
                [from 0x8000'0400 to 0x81df'ffff] { block SDRAM_VAR };
define block ZI
   with alignment = 32 { first zi, section m_usb_dma_noninit_data };
"P3":  place in [from 0x2000'0000 to 0x2006'efff] { block ZI };
"P4":  place in [from 0x2000'0000 to 0x2006'efff] { section .data };
"P5":  place in [from 0x2000'0000 to 0x2006'efff] { section .textrw };
define block DTCM_VAR
   with alignment = 8 { section NonCacheable, section NonCacheable.init };
"P9":  place in [from 0x2000'0000 to 0x2006'efff] { block DTCM_VAR };
define block CSTACK with size = 4K, alignment = 8 { };
"P7":  place in [from 0x2006'f000 to 0x2006'ffff] { block CSTACK };
initialize by copy { rw, section .textrw };
initialize by copy { ro }
   except {
      ro section .intvec, ro object system_MIMXRT1064.o,
      ro object startup_MIMXRT1064.o, section .boot_hdr.conf,
      section .boot_hdr.ivt, section .boot_hdr.boot_data,
      section .boot_hdr.dcd_data };
keep {
   section .boot_hdr.conf, section .boot_hdr.ivt, section .boot_hdr.boot_data,
   section .boot_hdr.dcd_data };

No sections matched the following patterns:

  section .intvec_RAM              in "A1"
  section ITCM_NonCacheable        in block ITCM_VAR
  section ITCM_NonCacheable.init   in block ITCM_VAR
  section NonCacheable             in block DTCM_VAR
  section NonCacheable.init        in block DTCM_VAR
  section OCRAM_CACHE              in block OCRAM_VAR
  section OCRAM_CACHE.init         in block OCRAM_VAR
  section SDRAM_CACHE              in block SDRAM_VAR
  section SDRAM_CACHE.init         in block SDRAM_VAR
  section SDRAM_NonCacheable       in block SDRAM_NCACHE_VAR
  section SDRAM_NonCacheable.init  in block SDRAM_NCACHE_VAR
  section m_usb_dma_init_data      in block RW
  section m_usb_dma_noninit_data   in block ZI


  Section              Kind         Address      Size  Object
  -------              ----         -------      ----  ------
"P3-P5|P9", part 1 of 2:                        0x1e2
  P3-P5|P9 s0                   0x2000'0000     0x1e2  <Init block>
    .textrw            inited   0x2000'0000      0x4c  SEEKFREE_MT9V03X_CSI_ME.o [1]
    .data              inited   0x2000'004c      0x3c  control.o [1]
    .data              inited   0x2000'0088      0x3c  control.o [1]
    .data              inited   0x2000'00c4      0x3c  control.o [1]
    .data              inited   0x2000'0100      0x28  zf_gpio.o [1]
    .data              inited   0x2000'0128      0x24  SEEKFREE_MT9V03X_CSI.o [1]
    .data              inited   0x2000'014c      0x24  zf_uart.o [1]
    .data              inited   0x2000'0170      0x20  SEEKFREE_MT9V03X_CSI.o [1]
    .data              inited   0x2000'0190      0x14  zf_pwm.o [1]
    .data              inited   0x2000'01a4      0x14  zf_qtimer.o [1]
    .data              inited   0x2000'01b8       0xc  zf_adc.o [1]
    .data              inited   0x2000'01c4       0x4  control.o [1]
    .data              inited   0x2000'01c8       0x4  control.o [1]
    .data              inited   0x2000'01cc       0x4  EM.o [1]
    .data              inited   0x2000'01d0       0x4  search.o [1]
    .data              inited   0x2000'01d4       0x4  search.o [1]
    .data              inited   0x2000'01d8       0x4  search.o [1]
    .data              inited   0x2000'01dc       0x4  system_MIMXRT1064.o [1]
    .data              inited   0x2000'01e0       0x1  search.o [1]
    .data              inited   0x2000'01e1       0x1  search.o [1]
                              - 0x2000'01e2     0x1e2

"P3-P5|P9", part 2 of 2:                     0x1'514c
  ZI                            0x2000'0200  0x1'514c  <Block>
    .bss               zero     0x2000'0200       0x4  control.o [1]
    .bss               zero     0x2000'0204      0x1c  control.o [1]
    .bss               zero     0x2000'0220      0x1c  control.o [1]
    .bss               zero     0x2000'023c      0x1c  control.o [1]
    .bss               zero     0x2000'0258      0x1c  control.o [1]
    .bss               zero     0x2000'0274       0x4  control.o [1]
    .bss               zero     0x2000'0278       0x4  control.o [1]
    .bss               zero     0x2000'027c       0x4  control.o [1]
    .bss               zero     0x2000'0280       0x4  control.o [1]
    .bss               zero     0x2000'0284       0x4  control.o [1]
    .bss               zero     0x2000'0288       0x4  control.o [1]
    .bss               zero     0x2000'028c       0x4  control.o [1]
    .bss               zero     0x2000'0290       0x4  control.o [1]
    .bss               zero     0x2000'0294       0x4  control.o [1]
    .bss               zero     0x2000'0298       0x4  control.o [1]
    .bss               zero     0x2000'029c       0x4  control.o [1]
    .bss               zero     0x2000'02a0       0x4  control.o [1]
    .bss               zero     0x2000'02a4       0x4  control.o [1]
    .bss               zero     0x2000'02a8       0x4  control.o [1]
    .bss               zero     0x2000'02ac       0x4  control.o [1]
    .bss               zero     0x2000'02b0       0x4  control.o [1]
    .bss               zero     0x2000'02b4       0x4  control.o [1]
    .bss               zero     0x2000'02b8       0x4  control.o [1]
    .bss               zero     0x2000'02bc       0x4  control.o [1]
    .bss               zero     0x2000'02c0       0x4  control.o [1]
    .bss               zero     0x2000'02c4       0x4  control.o [1]
    .bss               zero     0x2000'02c8       0x4  control.o [1]
    .bss               zero     0x2000'02cc       0x4  control.o [1]
    .bss               zero     0x2000'02d0       0x4  control.o [1]
    .bss               zero     0x2000'02d4       0x4  control.o [1]
    .bss               zero     0x2000'02d8       0x4  control.o [1]
    .bss               zero     0x2000'02dc       0x4  control.o [1]
    .bss               zero     0x2000'02e0       0x4  control.o [1]
    .bss               zero     0x2000'02e4       0x4  control.o [1]
    .bss               zero     0x2000'02e8       0x4  control.o [1]
    .bss               zero     0x2000'02ec     0x4b0  Data_Send.o [1]
    .bss               zero     0x2000'079c       0x4  Data_Send.o [1]
    .bss               zero     0x2000'07a0       0x1  Data_Send.o [1]
    .bss               zero     0x2000'07a4       0x4  Data_Send.o [1]
    .bss               zero     0x2000'07a8      0x50  Data_Send.o [1]
    .bss               zero     0x2000'07f8       0x1  diff.o [1]
    .bss               zero     0x2000'07fc       0x4  EM.o [1]
    .bss               zero     0x2000'0800       0x4  EM.o [1]
    .bss               zero     0x2000'0804       0x4  EM.o [1]
    .bss               zero     0x2000'0808       0x4  EM.o [1]
    .bss               zero     0x2000'080c      0x10  EM.o [1]
    .bss               zero     0x2000'081c       0x4  EM.o [1]
    .bss               zero     0x2000'0820       0x4  EM.o [1]
    .bss               zero     0x2000'0824       0x4  EM.o [1]
    .bss               zero     0x2000'0828       0x4  EM.o [1]
    .bss               zero     0x2000'082c       0x4  EM.o [1]
    .bss               zero     0x2000'0830       0x4  EM.o [1]
    .bss               zero     0x2000'0834       0x4  EM.o [1]
    .bss               zero     0x2000'0838       0x4  EM.o [1]
    .bss               zero     0x2000'083c       0x4  EM.o [1]
    .bss               zero     0x2000'0840       0x4  EM.o [1]
    .bss               zero     0x2000'0844       0x4  EM.o [1]
    .bss               zero     0x2000'0848       0x4  EM.o [1]
    .bss               zero     0x2000'084c       0x4  fsl_clock.o [1]
    .bss               zero     0x2000'0850       0x4  fsl_clock.o [1]
    .bss               zero     0x2000'0854       0x4  fsl_csi.o [1]
    .bss               zero     0x2000'0858       0x4  fsl_csi.o [1]
    .bss               zero     0x2000'085c      0x1c  fsl_debug_console.o [1]
    .bss               zero     0x2000'0878       0x4  fsl_debug_console.o [1]
    .bss               zero     0x2000'087c      0x80  fsl_edma.o [1]
    .bss               zero     0x2000'08fc       0x8  fsl_enet.o [1]
    .bss               zero     0x2000'0904       0x4  fsl_enet.o [1]
    .bss               zero     0x2000'0908       0x4  fsl_enet.o [1]
    .bss               zero     0x2000'090c       0x4  fsl_enet.o [1]
    .bss               zero     0x2000'0910       0x4  fsl_enet.o [1]
    .bss               zero     0x2000'0914      0x10  fsl_flexcan.o [1]
    .bss               zero     0x2000'0924       0x4  fsl_flexcan.o [1]
    .bss               zero     0x2000'0928       0x8  fsl_flexio.o [1]
    .bss               zero     0x2000'0930       0x8  fsl_flexio.o [1]
    .bss               zero     0x2000'0938       0x8  fsl_flexio.o [1]
    .bss               zero     0x2000'0940       0x4  fsl_lpi2c.o [1]
    .bss               zero     0x2000'0944      0x14  fsl_lpi2c.o [1]
    .bss               zero     0x2000'0958       0x4  fsl_lpi2c.o [1]
    .bss               zero     0x2000'095c      0x14  fsl_lpi2c.o [1]
    .bss               zero     0x2000'0970      0x14  fsl_lpspi.o [1]
    .bss               zero     0x2000'0984       0x4  fsl_lpspi.o [1]
    .bss               zero     0x2000'0988       0x4  fsl_lpspi.o [1]
    .bss               zero     0x2000'098c      0x24  fsl_lpuart.o [1]
    .bss               zero     0x2000'09b0       0x4  fsl_lpuart.o [1]
    .bss               zero     0x2000'09b4      0x20  fsl_sai.o [1]
    .bss               zero     0x2000'09d4       0x4  fsl_sai.o [1]
    .bss               zero     0x2000'09d8       0x4  fsl_sai.o [1]
    .bss               zero     0x2000'09dc       0x8  fsl_spdif.o [1]
    .bss               zero     0x2000'09e4       0x4  fsl_spdif.o [1]
    .bss               zero     0x2000'09e8       0x4  fsl_spdif.o [1]
    .bss               zero     0x2000'09ec       0xc  fsl_usdhc.o [1]
    .bss               zero     0x2000'09f8       0x4  fsl_usdhc.o [1]
    .bss               zero     0x2000'09fc      0xf0  search.o [1]
    .bss               zero     0x2000'0aec      0xf0  search.o [1]
    .bss               zero     0x2000'0bdc      0xf0  search.o [1]
    .bss               zero     0x2000'0ccc       0x4  search.o [1]
    .bss               zero     0x2000'0cd0      0x10  search.o [1]
    .bss               zero     0x2000'0ce0      0xf0  search.o [1]
    .bss               zero     0x2000'0dd0       0x4  search.o [1]
    .bss               zero     0x2000'0dd4       0x4  search.o [1]
    .bss               zero     0x2000'0dd8       0x4  search.o [1]
    .bss               zero     0x2000'0ddc       0x4  search.o [1]
    .bss               zero     0x2000'0de0       0x4  search.o [1]
    .bss               zero     0x2000'0de4       0x4  search.o [1]
    .bss               zero     0x2000'0de8       0x4  search.o [1]
    .bss               zero     0x2000'0dec       0x4  search.o [1]
    .bss               zero     0x2000'0df0       0x4  search.o [1]
    .bss               zero     0x2000'0df4       0x4  search.o [1]
    .bss               zero     0x2000'0df8       0x4  search.o [1]
    .bss               zero     0x2000'0dfc       0x4  search.o [1]
    .bss               zero     0x2000'0e00       0x4  search.o [1]
    .bss               zero     0x2000'0e04       0x4  search.o [1]
    .bss               zero     0x2000'0e08      0xf0  search.o [1]
    .bss               zero     0x2000'0ef8      0xf0  search.o [1]
    .bss               zero     0x2000'0fe8      0xf0  search.o [1]
    .bss               zero     0x2000'10d8       0x4  search.o [1]
    .bss               zero     0x2000'10dc       0x4  search.o [1]
    .bss               zero     0x2000'10e0       0x4  search.o [1]
    .bss               zero     0x2000'10e4       0x4  search.o [1]
    .bss               zero     0x2000'10e8       0x4  search.o [1]
    .bss               zero     0x2000'10ec       0x4  search.o [1]
    .bss               zero     0x2000'10f0       0x4  search.o [1]
    .bss               zero     0x2000'10f4       0x4  search.o [1]
    .bss               zero     0x2000'10f8       0x4  search.o [1]
    .bss               zero     0x2000'10fc       0x4  search.o [1]
    .bss               zero     0x2000'1100       0x4  search.o [1]
    .bss               zero     0x2000'1104       0x4  search.o [1]
    .bss               zero     0x2000'1108       0x4  search.o [1]
    .bss               zero     0x2000'110c       0x4  search.o [1]
    .bss               zero     0x2000'1110       0x4  search.o [1]
    .bss               zero     0x2000'1114       0x4  search.o [1]
    .bss               zero     0x2000'1118       0x4  search.o [1]
    .bss               zero     0x2000'111c       0x4  search.o [1]
    .bss               zero     0x2000'1120       0x4  search.o [1]
    .bss               zero     0x2000'1124    0x5820  SEEKFREE_MT9V03X.o [1]
    .bss               zero     0x2000'6944       0x4  SEEKFREE_MT9V03X.o [1]
    .bss               zero     0x2000'6948       0x1  SEEKFREE_MT9V03X.o [1]
    .bss               zero     0x2000'6949       0x1  SEEKFREE_MT9V03X.o [1]
    .bss               zero     0x2000'6980    0x5820  SEEKFREE_MT9V03X_CSI.o [1]
    .bss               zero     0x2000'c1c0    0x5820  SEEKFREE_MT9V03X_CSI.o [1]
    .bss               zero     0x2001'19e0       0x4  SEEKFREE_MT9V03X_CSI.o [1]
    .bss               zero     0x2001'19e4       0x1  SEEKFREE_MT9V03X_CSI.o [1]
    .bss               zero     0x2001'19e8       0x8  SEEKFREE_MT9V03X_CSI.o [1]
    .bss               zero     0x2001'19f0      0x30  SEEKFREE_MT9V03X_CSI.o [1]
    .bss               zero     0x2001'1a20       0x1  SEEKFREE_MT9V03X_CSI.o [1]
    .bss               zero     0x2001'1a24    0x12c0  SEEKFREE_MT9V03X_CSI_ME.o [1]
    .bss               zero     0x2001'2ce4    0x2580  SEEKFREE_MT9V03X_CSI_ME.o [1]
    .bss               zero     0x2001'5264      0x78  SEEKFREE_MT9V03X_CSI_ME.o [1]
    .bss               zero     0x2001'52dc       0x4  SEEKFREE_MT9V03X_CSI_ME.o [1]
    .bss               zero     0x2001'52e0       0x4  SEEKFREE_MT9V03X_CSI_ME.o [1]
    .bss               zero     0x2001'52e4       0x4  speed.o [1]
    .bss               zero     0x2001'52e8      0x18  speed.o [1]
    .bss               zero     0x2001'5300      0x1c  zf_camera.o [1]
    .bss               zero     0x2001'531c      0x1c  zf_csi.o [1]
    .bss               zero     0x2001'5338       0x4  zf_csi.o [1]
    .bss               zero     0x2001'533c      0x10  zf_usb_cdc.o [1]
                              - 0x2001'534c  0x1'514c

"P7":                                          0x1000
  CSTACK                        0x2006'f000    0x1000  <Block>
    CSTACK             uninit   0x2006'f000    0x1000  <Block tail>
                              - 0x2007'0000    0x1000

"A2":                                           0x200
  .boot_hdr.conf       const    0x7000'0000     0x200  evkmimxrt1064_flexspi_nor_config.o [1]
                              - 0x7000'0200     0x200

"A3":                                            0x20
  .boot_hdr.ivt        const    0x7000'1000      0x20  fsl_flexspi_nor_boot.o [1]
                              - 0x7000'1020      0x20

"A4":                                            0x10
  .boot_hdr.boot_data  const    0x7000'1020      0x10  fsl_flexspi_nor_boot.o [1]
                              - 0x7000'1030      0x10

"A5":                                           0x430
  .boot_hdr.dcd_data   const    0x7000'1030     0x430  evkmimxrt1064_sdram_ini_dcd.o [1]
                              - 0x7000'1460     0x430

"A0":                                           0x440
  .intvec              const    0x7000'2000     0x400  zf_vector.o [1]
  .intvec              ro code  0x7000'2400      0x40  vector_table_M.o [4]
                              - 0x7000'2440     0x440

"P1":                                          0xc685
  .text                ro code  0x7000'2440     0x1ec  lz77_init.o [4]
  .text                ro code  0x7000'262c       0x6  abort.o [2]
  .text                ro code  0x7000'2632      0x3a  zero_init3.o [4]
  .text                ro code  0x7000'266c      0x14  exit.o [5]
  .text                ro code  0x7000'2680     0x17e  system_MIMXRT1064.o [1]
  .text                ro code  0x7000'2800      0x6c  startup_MIMXRT1064.o [1]
  .text                ro code  0x7000'286c      0x28  data_init.o [4]
  .text                ro code  0x7000'2894      0x22  fpinit_M.o [3]
  .iar.init_table      const    0x7000'28b8      0x48  - Linker created -
  Veneer               ro code  0x7000'2900       0x8  - Linker created -
  Veneer               ro code  0x7000'2908       0x8  - Linker created -
  .text                ro code  0x7000'2910      0x1e  cmain.o [4]
  .text                ro code  0x7000'292e       0x4  low_level_init.o [2]
  .text                ro code  0x7000'2932       0xc  cstartup_M.o [4]
  .rodata              const    0x7000'293e       0x0  zero_init3.o [4]
  .rodata              const    0x7000'293e       0x0  lz77_init.o [4]
  Initializer bytes    const    0x7000'293e    0xc006  <for RW-1>
  Initializer bytes    const    0x7000'e944     0x181  <for P3-P5|P9 s0>
                              - 0x7000'eac5    0xc685

"P2|P11":                                    0x1'5706
  RW                            0x8000'0400  0x1'5706  <Block>
    RW-1                        0x8000'0400  0x1'5706  <Init block>
      .rodata          inited   0x8000'0400     0x420  pow64.o [3]
      .rodata          inited   0x8000'0820      0x18  clock_config.o [1]
      .rodata          inited   0x8000'0838      0x54  clock_config.o [1]
      .rodata          inited   0x8000'088c       0xc  clock_config.o [1]
      .rodata          inited   0x8000'0898       0x8  clock_config.o [1]
      .rodata          inited   0x8000'08a0       0xc  fsl_adc.o [1]
      .rodata          inited   0x8000'08ac      0x54  fsl_adc.o [1]
      .rodata          inited   0x8000'0900      0x14  fsl_adc.o [1]
      .rodata          inited   0x8000'0914      0x50  fsl_adc.o [1]
      .rodata          inited   0x8000'0964      0x3c  fsl_adc.o [1]
      .rodata          inited   0x8000'09a0      0x50  fsl_adc.o [1]
      .rodata          inited   0x8000'09f0       0xc  fsl_adc.o [1]
      .rodata          inited   0x8000'09fc       0xc  fsl_adc.o [1]
      .rodata          inited   0x8000'0a08       0x8  fsl_adc.o [1]
      .rodata          inited   0x8000'0a10      0x2c  fsl_assert.o [1]
      .rodata          inited   0x8000'0a3c      0x10  fsl_clock.o [1]
      .rodata          inited   0x8000'0a4c      0x54  fsl_clock.o [1]
      .rodata          inited   0x8000'0aa0      0x10  fsl_clock.o [1]
      .rodata          inited   0x8000'0ab0       0xc  fsl_csi.o [1]
      .rodata          inited   0x8000'0abc      0x54  fsl_csi.o [1]
      .rodata          inited   0x8000'0b10      0x3c  fsl_csi.o [1]
      .rodata          inited   0x8000'0b4c      0x50  fsl_csi.o [1]
      .rodata          inited   0x8000'0b9c       0x8  fsl_csi.o [1]
      .rodata          inited   0x8000'0ba4       0x8  fsl_csi.o [1]
      .rodata          inited   0x8000'0bac       0x4  fsl_csi.o [1]
      .rodata          inited   0x8000'0bb0       0x8  fsl_debug_console.o [1]
      .rodata          inited   0x8000'0bb8      0x6c  fsl_debug_console.o [1]
      .rodata          inited   0x8000'0c24       0xc  fsl_debug_console.o [1]
      .rodata          inited   0x8000'0c30      0x28  fsl_debug_console.o [1]
      .rodata          inited   0x8000'0c58      0x10  fsl_debug_console.o [1]
      .rodata          inited   0x8000'0c68      0x54  fsl_edma.o [1]
      .rodata          inited   0x8000'0cbc      0x10  fsl_edma.o [1]
      .rodata          inited   0x8000'0ccc       0xc  fsl_edma.o [1]
      .rodata          inited   0x8000'0cd8      0x3c  fsl_enet.o [1]
      .rodata          inited   0x8000'0d14      0x54  fsl_enet.o [1]
      .rodata          inited   0x8000'0d68       0xc  fsl_enet.o [1]
      .rodata          inited   0x8000'0d74      0x54  fsl_flexcan.o [1]
      .rodata          inited   0x8000'0dc8      0x14  fsl_flexcan.o [1]
      .rodata          inited   0x8000'0ddc      0x14  fsl_flexcan.o [1]
      .rodata          inited   0x8000'0df0      0x14  fsl_flexcan.o [1]
      .rodata          inited   0x8000'0e04      0x54  fsl_lpspi.o [1]
      .rodata          inited   0x8000'0e58      0x14  fsl_lpspi.o [1]
      .rodata          inited   0x8000'0e6c      0x14  fsl_lpspi.o [1]
      .rodata          inited   0x8000'0e80      0x14  fsl_lpspi.o [1]
      .rodata          inited   0x8000'0e94      0x14  fsl_lpspi.o [1]
      .rodata          inited   0x8000'0ea8       0xc  fsl_lpuart.o [1]
      .rodata          inited   0x8000'0eb4      0x54  fsl_lpuart.o [1]
      .rodata          inited   0x8000'0f08      0x40  fsl_lpuart.o [1]
      .rodata          inited   0x8000'0f48      0x54  fsl_lpuart.o [1]
      .rodata          inited   0x8000'0f9c       0x8  fsl_lpuart.o [1]
      .rodata          inited   0x8000'0fa4       0x8  fsl_lpuart.o [1]
      .rodata          inited   0x8000'0fac       0x8  fsl_lpuart.o [1]
      .rodata          inited   0x8000'0fb4      0x18  fsl_lpuart.o [1]
      .rodata          inited   0x8000'0fcc      0x20  fsl_lpuart.o [1]
      .rodata          inited   0x8000'0fec      0x20  fsl_lpuart.o [1]
      .rodata          inited   0x8000'100c      0x24  fsl_lpuart.o [1]
      .rodata          inited   0x8000'1030      0x14  fsl_lpuart.o [1]
      .rodata          inited   0x8000'1044      0x14  fsl_lpuart.o [1]
      .rodata          inited   0x8000'1058       0xc  fsl_pit.o [1]
      .rodata          inited   0x8000'1064      0x54  fsl_pit.o [1]
      .rodata          inited   0x8000'10b8      0x3c  fsl_pit.o [1]
      .rodata          inited   0x8000'10f4      0x50  fsl_pit.o [1]
      .rodata          inited   0x8000'1144       0x8  fsl_pit.o [1]
      .rodata          inited   0x8000'114c       0x4  fsl_pit.o [1]
      .rodata          inited   0x8000'1150       0xc  fsl_pwm.o [1]
      .rodata          inited   0x8000'115c      0x54  fsl_pwm.o [1]
      .rodata          inited   0x8000'11b0      0x3c  fsl_pwm.o [1]
      .rodata          inited   0x8000'11ec      0x50  fsl_pwm.o [1]
      .rodata          inited   0x8000'123c       0x8  fsl_pwm.o [1]
      .rodata          inited   0x8000'1244       0xc  fsl_pwm.o [1]
      .rodata          inited   0x8000'1250       0xc  fsl_pwm.o [1]
      .rodata          inited   0x8000'125c       0xc  fsl_pwm.o [1]
      .rodata          inited   0x8000'1268       0xc  fsl_pwm.o [1]
      .rodata          inited   0x8000'1274      0x28  fsl_pwm.o [1]
      .rodata          inited   0x8000'129c      0x1c  fsl_pwm.o [1]
      .rodata          inited   0x8000'12b8      0x10  fsl_pwm.o [1]
      .rodata          inited   0x8000'12c8      0x14  fsl_pwm.o [1]
      .rodata          inited   0x8000'12dc      0x28  fsl_pwm.o [1]
      .rodata          inited   0x8000'1304       0xc  fsl_qtmr.o [1]
      .rodata          inited   0x8000'1310      0x54  fsl_qtmr.o [1]
      .rodata          inited   0x8000'1364      0x3c  fsl_qtmr.o [1]
      .rodata          inited   0x8000'13a0      0x54  fsl_qtmr.o [1]
      .rodata          inited   0x8000'13f4       0x8  fsl_qtmr.o [1]
      .rodata          inited   0x8000'13fc      0x14  fsl_qtmr.o [1]
      .rodata          inited   0x8000'1410       0xc  fsl_qtmr.o [1]
      .rodata          inited   0x8000'141c      0x50  fsl_sai.o [1]
      .rodata          inited   0x8000'146c      0x14  fsl_sai.o [1]
      .rodata          inited   0x8000'1480      0x14  fsl_sai.o [1]
      .rodata          inited   0x8000'1494       0xc  fsl_usdhc.o [1]
      .rodata          inited   0x8000'14a0       0x8  lpuart_adapter.o [1]
      .rodata          inited   0x8000'14a8      0x60  lpuart_adapter.o [1]
      .rodata          inited   0x8000'1508       0x8  lpuart_adapter.o [1]
      .rodata          inited   0x8000'1510      0x4c  lpuart_adapter.o [1]
      .rodata          inited   0x8000'155c      0x28  lpuart_adapter.o [1]
      .rodata          inited   0x8000'1584       0x8  lpuart_adapter.o [1]
      .rodata          inited   0x8000'158c       0x8  lpuart_adapter.o [1]
      .rodata          inited   0x8000'1594      0x24  lpuart_adapter.o [1]
      .rodata          inited   0x8000'15b8      0xa0  search.o [1]
      .rodata          inited   0x8000'1658      0xa0  search.o [1]
      .rodata          inited   0x8000'16f8      0xf0  search.o [1]
      .rodata          inited   0x8000'17e8       0xc  serial_manager.o [1]
      .rodata          inited   0x8000'17f4      0x6c  serial_manager.o [1]
      .rodata          inited   0x8000'1860       0x8  serial_manager.o [1]
      .rodata          inited   0x8000'1868       0x8  serial_manager.o [1]
      .rodata          inited   0x8000'1870       0x8  serial_manager.o [1]
      .rodata          inited   0x8000'1878       0xc  serial_manager.o [1]
      .rodata          inited   0x8000'1884       0x8  serial_manager.o [1]
      .rodata          inited   0x8000'188c      0x10  serial_manager.o [1]
      .rodata          inited   0x8000'189c      0x10  serial_port_uart.o [1]
      .rodata          inited   0x8000'18ac      0x6c  serial_port_uart.o [1]
      .rodata          inited   0x8000'1918      0x10  serial_port_uart.o [1]
      .rodata          inited   0x8000'1928       0x8  serial_port_uart.o [1]
      .rodata          inited   0x8000'1930       0x8  serial_port_uart.o [1]
      .rodata          inited   0x8000'1938      0x14  zf_adc.o [1]
      .rodata          inited   0x8000'194c      0x6c  zf_adc.o [1]
      .rodata          inited   0x8000'19b8      0x50  zf_adc.o [1]
      .rodata          inited   0x8000'1a08       0x8  zf_adc.o [1]
      .rodata          inited   0x8000'1a10      0x18  zf_csi.o [1]
      .rodata          inited   0x8000'1a28      0x54  zf_csi.o [1]
      .rodata          inited   0x8000'1a7c      0x50  zf_csi.o [1]
      .rodata          inited   0x8000'1acc       0xc  zf_iomuxc.o [1]
      .rodata          inited   0x8000'1ad8      0x54  zf_iomuxc.o [1]
      .rodata          inited   0x8000'1b2c      0x50  zf_iomuxc.o [1]
      .rodata          inited   0x8000'1b7c      0x18  zf_pit.o [1]
      .rodata          inited   0x8000'1b94      0x54  zf_pit.o [1]
      .rodata          inited   0x8000'1be8       0x8  zf_pit.o [1]
      .rodata          inited   0x8000'1bf0      0x6c  zf_pit.o [1]
      .rodata          inited   0x8000'1c5c      0x50  zf_pwm.o [1]
      .rodata          inited   0x8000'1cac      0x50  zf_qtimer.o [1]
      .rodata          inited   0x8000'1cfc      0x18  zf_systick.o [1]
      .rodata          inited   0x8000'1d14      0x54  zf_systick.o [1]
      .rodata          inited   0x8000'1d68      0x50  zf_uart.o [1]
      .text            inited   0x8000'1db8     0x338  board.o [1]
      .text            inited   0x8000'20f0     0x6f4  clock_config.o [1]
      .text            inited   0x8000'27e4     0x6e8  control.o [1]
      .text            inited   0x8000'2ecc     0x31c  Data_Send.o [1]
      .text            inited   0x8000'31e8      0x14  diff.o [1]
      .text            inited   0x8000'31fc     0x8cc  EM.o [1]
      .text            inited   0x8000'3ac8     0x2cc  fsl_adc.o [1]
      .text            inited   0x8000'3d94      0x1c  fsl_assert.o [1]
      .text            inited   0x8000'3db0     0x73c  fsl_clock.o [1]
      .text            inited   0x8000'44ec     0x628  fsl_csi.o [1]
      .text            inited   0x8000'4b14     0x1d0  fsl_debug_console.o [1]
      .text            inited   0x8000'4ce4     0x47c  fsl_edma.o [1]
      .text            inited   0x8000'5160      0xec  fsl_enet.o [1]
      .text            inited   0x8000'524c      0x98  fsl_flexcan.o [1]
      .text            inited   0x8000'52e4      0x64  fsl_flexio.o [1]
      .text            inited   0x8000'5348      0x3c  fsl_flexio_camera.o [1]
      .text            inited   0x8000'5384      0x90  fsl_lpi2c.o [1]
      .text            inited   0x8000'5414      0xf0  fsl_lpspi.o [1]
      .text            inited   0x8000'5504     0x9ec  fsl_lpuart.o [1]
      .text            inited   0x8000'5ef0     0x144  fsl_pit.o [1]
      .text            inited   0x8000'6034     0xa0c  fsl_pwm.o [1]
      .text            inited   0x8000'6a40     0x1c4  fsl_qtmr.o [1]
      .text            inited   0x8000'6c04     0x138  fsl_sai.o [1]
      .text            inited   0x8000'6d3c      0x44  fsl_spdif.o [1]
      .text            inited   0x8000'6d80     0x964  fsl_str.o [1]
      .text            inited   0x8000'76e4      0x34  fsl_usdhc.o [1]
      .text            inited   0x8000'7718      0x74  function.o [1]
      .text            inited   0x8000'778c      0x90  isr.o [1]
      .text            inited   0x8000'781c     0x174  lpuart_adapter.o [1]
      .text            inited   0x8000'7990      0xa0  main.o [1]
      .text            inited   0x8000'7a30      0xe4  pwm_me.o [1]
      .text            inited   0x8000'7b14    0x3148  search.o [1]
      .text            inited   0x8000'ac5c     0x11c  SEEKFREE_MT9V03X.o [1]
      .text            inited   0x8000'ad78     0x184  SEEKFREE_MT9V03X_CSI.o [1]
      Veneer           inited   0x8000'aefc       0x8  - Linker created -
      .text            inited   0x8000'af04     0x4f4  SEEKFREE_MT9V03X_CSI_ME.o [1]
      .text            inited   0x8000'b3f8     0x1fc  serial_manager.o [1]
      .text            inited   0x8000'b5f4      0xd4  serial_port_uart.o [1]
      .text            inited   0x8000'b6c8      0x44  speed.o [1]
      .text            inited   0x8000'b70c     0x17a  usb_device_dci.o [1]
      .text            inited   0x8000'b888     0x5e0  usb_device_ehci.o [1]
      .text            inited   0x8000'be68     0x2bc  zf_adc.o [1]
      .text            inited   0x8000'c124      0x30  zf_camera.o [1]
      .text            inited   0x8000'c154     0x374  zf_csi.o [1]
      .text            inited   0x8000'c4c8    0x6ab0  zf_iomuxc.o [1]
      .text            inited   0x8001'2f78     0x264  zf_pit.o [1]
      .text            inited   0x8001'31dc     0x7ec  zf_pwm.o [1]
      .text            inited   0x8001'39c8     0x768  zf_qtimer.o [1]
      .text            inited   0x8001'4130      0x70  zf_systick.o [1]
      .text            inited   0x8001'41a0     0x488  zf_uart.o [1]
      .text            inited   0x8001'4628      0x20  zf_usb_cdc.o [1]
      .text            inited   0x8001'4648      0x1e  sqrt.o [3]
      .text            inited   0x8001'4668     0x27c  tan64.o [3]
      .text            inited   0x8001'48e4      0x66  ABImemset.o [4]
      .text            inited   0x8001'494c      0x86  ABImemcpy.o [4]
      .text            inited   0x8001'49d4     0x274  I64DivMod.o [4]
      .text            inited   0x8001'4c48      0x36  strlen.o [4]
      .text            inited   0x8001'4c80      0x5c  DblToS64.o [3]
      .text            inited   0x8001'4cdc      0x52  S64ToDbl.o [3]
      .text            inited   0x8001'4d30      0x9e  modf.o [3]
      .text            inited   0x8001'4dd0     0x56c  pow64.o [3]
      .text            inited   0x8001'533c       0x6  ABImemclr4.o [4]
      .text            inited   0x8001'5344       0x2  I64DivZer.o [4]
      .text            inited   0x8001'5348     0x368  iar_Exp64.o [3]
      .text            inited   0x8001'56b0      0x7c  frexp.o [3]
      .text            inited   0x8001'572c      0xf0  ldexp.o [3]
      .text            inited   0x8001'581c      0x32  ABImemset48.o [4]
      Veneer           inited   0x8001'5850       0x8  - Linker created -
      .text            inited   0x8001'5858       0xa  cexit.o [4]
      .rodata          inited   0x8001'5862       0x2  fsl_csi.o [1]
      .rodata          inited   0x8001'5864       0x2  fsl_csi.o [1]
      .rodata          inited   0x8001'5866       0x2  fsl_pit.o [1]
      .text            inited   0x8001'5868      0x12  common.o [1]
      .text            inited   0x8001'587a      0x18  qtimer.o [1]
      .text            inited   0x8001'5892       0x8  zf_vector.o [1]
      .text            inited   0x8001'589a       0x8  zf_vector.o [1]
      .text            inited   0x8001'58a2       0x8  zf_vector.o [1]
      .text            inited   0x8001'58aa       0x8  zf_vector.o [1]
      .text            inited   0x8001'58b2       0x8  zf_vector.o [1]
      .text            inited   0x8001'58ba       0x8  zf_vector.o [1]
      .text            inited   0x8001'58c2       0x8  zf_vector.o [1]
      .text            inited   0x8001'58ca       0x8  zf_vector.o [1]
      .text            inited   0x8001'58d2       0x8  zf_vector.o [1]
      .text            inited   0x8001'58da       0x8  zf_vector.o [1]
      .text            inited   0x8001'58e2       0x8  zf_vector.o [1]
      .text            inited   0x8001'58ea       0x8  zf_vector.o [1]
      .text            inited   0x8001'58f2       0x8  zf_vector.o [1]
      .text            inited   0x8001'58fa       0x8  zf_vector.o [1]
      .text            inited   0x8001'5902       0x8  zf_vector.o [1]
      .text            inited   0x8001'590a       0x8  zf_vector.o [1]
      .text            inited   0x8001'5912       0x8  zf_vector.o [1]
      .text            inited   0x8001'591a       0x2  zf_vector.o [1]
      .text            inited   0x8001'591c       0x2  zf_vector.o [1]
      .text            inited   0x8001'591e       0x2  zf_vector.o [1]
      .text            inited   0x8001'5920       0x8  zf_vector.o [1]
      .text            inited   0x8001'5928       0x8  zf_vector.o [1]
      .text            inited   0x8001'5930       0x8  zf_vector.o [1]
      .text            inited   0x8001'5938       0x8  zf_vector.o [1]
      .text            inited   0x8001'5940       0x8  zf_vector.o [1]
      .text            inited   0x8001'5948       0x8  zf_vector.o [1]
      .text            inited   0x8001'5950       0x8  zf_vector.o [1]
      .text            inited   0x8001'5958       0x8  zf_vector.o [1]
      .text            inited   0x8001'5960       0x8  zf_vector.o [1]
      .text            inited   0x8001'5968       0x8  zf_vector.o [1]
      .text            inited   0x8001'5970       0x8  zf_vector.o [1]
      .text            inited   0x8001'5978       0x8  zf_vector.o [1]
      .text            inited   0x8001'5980       0x8  zf_vector.o [1]
      .text            inited   0x8001'5988       0x8  zf_vector.o [1]
      .text            inited   0x8001'5990       0x8  zf_vector.o [1]
      .text            inited   0x8001'5998       0x8  zf_vector.o [1]
      .text            inited   0x8001'59a0       0x8  zf_vector.o [1]
      .text            inited   0x8001'59a8       0x8  zf_vector.o [1]
      .text            inited   0x8001'59b0       0x2  zf_vector.o [1]
      .text            inited   0x8001'59b2       0x2  zf_vector.o [1]
      .text            inited   0x8001'59b4       0x2  zf_vector.o [1]
      .text            inited   0x8001'59b6       0x2  zf_vector.o [1]
      .text            inited   0x8001'59b8       0x2  zf_vector.o [1]
      .text            inited   0x8001'59ba       0x2  zf_vector.o [1]
      .text            inited   0x8001'59bc       0x2  zf_vector.o [1]
      .text            inited   0x8001'59be       0x2  zf_vector.o [1]
      .text            inited   0x8001'59c0       0x2  zf_vector.o [1]
      .text            inited   0x8001'59c2       0x2  zf_vector.o [1]
      .text            inited   0x8001'59c4       0x2  zf_vector.o [1]
      .text            inited   0x8001'59c6       0x2  zf_vector.o [1]
      .text            inited   0x8001'59c8       0x2  zf_vector.o [1]
      .text            inited   0x8001'59ca       0x2  zf_vector.o [1]
      .text            inited   0x8001'59cc       0x2  zf_vector.o [1]
      .text            inited   0x8001'59ce       0x2  zf_vector.o [1]
      .text            inited   0x8001'59d0       0x2  zf_vector.o [1]
      .text            inited   0x8001'59d2       0x8  zf_vector.o [1]
      .text            inited   0x8001'59da       0x8  zf_vector.o [1]
      .text            inited   0x8001'59e2       0x8  zf_vector.o [1]
      .text            inited   0x8001'59ea       0x8  zf_vector.o [1]
      .text            inited   0x8001'59f2       0x8  zf_vector.o [1]
      .text            inited   0x8001'59fa       0x2  zf_vector.o [1]
      .text            inited   0x8001'59fc       0x2  zf_vector.o [1]
      .text            inited   0x8001'59fe       0x2  zf_vector.o [1]
      .text            inited   0x8001'5a00       0x2  zf_vector.o [1]
      .text            inited   0x8001'5a02       0x2  zf_vector.o [1]
      .text            inited   0x8001'5a04       0x2  zf_vector.o [1]
      .text            inited   0x8001'5a06       0x2  zf_vector.o [1]
      .text            inited   0x8001'5a08       0x2  zf_vector.o [1]
      .text            inited   0x8001'5a0a       0x2  zf_vector.o [1]
      .text            inited   0x8001'5a0c       0x2  zf_vector.o [1]
      .text            inited   0x8001'5a0e       0x2  zf_vector.o [1]
      .text            inited   0x8001'5a10       0x2  zf_vector.o [1]
      .text            inited   0x8001'5a12       0x2  zf_vector.o [1]
      .text            inited   0x8001'5a14       0x2  zf_vector.o [1]
      .text            inited   0x8001'5a16       0x2  zf_vector.o [1]
      .text            inited   0x8001'5a18       0x2  zf_vector.o [1]
      .text            inited   0x8001'5a1a       0x2  zf_vector.o [1]
      .text            inited   0x8001'5a1c       0x2  zf_vector.o [1]
      .text            inited   0x8001'5a1e       0x2  zf_vector.o [1]
      .text            inited   0x8001'5a20       0x2  zf_vector.o [1]
      .text            inited   0x8001'5a22       0x2  zf_vector.o [1]
      .text            inited   0x8001'5a24       0x2  zf_vector.o [1]
      .text            inited   0x8001'5a26       0x2  zf_vector.o [1]
      .text            inited   0x8001'5a28       0x2  zf_vector.o [1]
      .text            inited   0x8001'5a2a       0x2  zf_vector.o [1]
      .text            inited   0x8001'5a2c       0x2  zf_vector.o [1]
      .text            inited   0x8001'5a2e       0x2  zf_vector.o [1]
      .text            inited   0x8001'5a30       0x8  zf_vector.o [1]
      .text            inited   0x8001'5a38       0x8  zf_vector.o [1]
      .text            inited   0x8001'5a40       0x2  zf_vector.o [1]
      .text            inited   0x8001'5a42       0x2  zf_vector.o [1]
      .text            inited   0x8001'5a44       0x2  zf_vector.o [1]
      .text            inited   0x8001'5a46       0x2  zf_vector.o [1]
      .text            inited   0x8001'5a48       0x2  zf_vector.o [1]
      .text            inited   0x8001'5a4a       0x2  zf_vector.o [1]
      .text            inited   0x8001'5a4c       0x2  zf_vector.o [1]
      .text            inited   0x8001'5a4e       0x2  zf_vector.o [1]
      .text            inited   0x8001'5a50       0x2  zf_vector.o [1]
      .text            inited   0x8001'5a52       0x2  zf_vector.o [1]
      .text            inited   0x8001'5a54       0x2  zf_vector.o [1]
      .text            inited   0x8001'5a56       0x2  zf_vector.o [1]
      .text            inited   0x8001'5a58       0x2  zf_vector.o [1]
      .text            inited   0x8001'5a5a       0x2  zf_vector.o [1]
      .text            inited   0x8001'5a5c       0x2  zf_vector.o [1]
      .text            inited   0x8001'5a5e       0x8  zf_vector.o [1]
      .text            inited   0x8001'5a66       0x8  zf_vector.o [1]
      .text            inited   0x8001'5a6e       0x2  zf_vector.o [1]
      .text            inited   0x8001'5a70       0x8  zf_vector.o [1]
      .text            inited   0x8001'5a78       0x8  zf_vector.o [1]
      .text            inited   0x8001'5a80       0x8  zf_vector.o [1]
      .text            inited   0x8001'5a88       0x2  zf_vector.o [1]
      .text            inited   0x8001'5a8a       0x2  zf_vector.o [1]
      .text            inited   0x8001'5a8c       0x2  zf_vector.o [1]
      .text            inited   0x8001'5a8e       0x2  zf_vector.o [1]
      .text            inited   0x8001'5a90       0x2  zf_vector.o [1]
      .text            inited   0x8001'5a92       0x2  zf_vector.o [1]
      .text            inited   0x8001'5a94       0x2  zf_vector.o [1]
      .text            inited   0x8001'5a96       0x2  zf_vector.o [1]
      .text            inited   0x8001'5a98       0x2  zf_vector.o [1]
      .text            inited   0x8001'5a9a       0x2  zf_vector.o [1]
      .text            inited   0x8001'5a9c       0x2  zf_vector.o [1]
      .text            inited   0x8001'5a9e       0x2  zf_vector.o [1]
      .text            inited   0x8001'5aa0       0x2  zf_vector.o [1]
      .text            inited   0x8001'5aa2       0x2  zf_vector.o [1]
      .text            inited   0x8001'5aa4       0x2  zf_vector.o [1]
      .text            inited   0x8001'5aa6       0x2  zf_vector.o [1]
      .text            inited   0x8001'5aa8       0x2  zf_vector.o [1]
      .text            inited   0x8001'5aaa       0x2  zf_vector.o [1]
      .text            inited   0x8001'5aac       0x2  zf_vector.o [1]
      .text            inited   0x8001'5aae       0x2  zf_vector.o [1]
      .text            inited   0x8001'5ab0       0x2  zf_vector.o [1]
      .text            inited   0x8001'5ab2       0x2  zf_vector.o [1]
      .text            inited   0x8001'5ab4       0x2  zf_vector.o [1]
      .text            inited   0x8001'5ab6       0x2  zf_vector.o [1]
      .text            inited   0x8001'5ab8       0x2  zf_vector.o [1]
      .text            inited   0x8001'5aba       0x2  zf_vector.o [1]
      .text            inited   0x8001'5abc       0x2  zf_vector.o [1]
      .text            inited   0x8001'5abe       0x2  zf_vector.o [1]
      .text            inited   0x8001'5ac0       0x2  zf_vector.o [1]
      .text            inited   0x8001'5ac2       0x2  zf_vector.o [1]
      .text            inited   0x8001'5ac4       0x2  zf_vector.o [1]
      .text            inited   0x8001'5ac6       0x2  zf_vector.o [1]
      .text            inited   0x8001'5ac8       0x2  zf_vector.o [1]
      .text            inited   0x8001'5aca       0x2  zf_vector.o [1]
      .text            inited   0x8001'5acc       0x2  zf_vector.o [1]
      .text            inited   0x8001'5ace       0x8  zf_vector.o [1]
      .text            inited   0x8001'5ad6       0x8  zf_vector.o [1]
      .text            inited   0x8001'5ade       0x8  zf_vector.o [1]
      .text            inited   0x8001'5ae6       0x2  zf_vector.o [1]
      .text            inited   0x8001'5ae8       0x8  zf_vector.o [1]
      .text            inited   0x8001'5af0       0x2  zf_vector.o [1]
      .text            inited   0x8001'5af2       0x2  zf_vector.o [1]
      .text            inited   0x8001'5af4       0x2  zf_vector.o [1]
      .text            inited   0x8001'5af6       0x2  zf_vector.o [1]
      .text            inited   0x8001'5af8       0x2  zf_vector.o [1]
      .text            inited   0x8001'5afa       0x8  abs.o [2]
      .text            inited   0x8001'5b02       0x4  exit.o [2]
                              - 0x8001'5b06  0x1'5706

Unused ranges:

         From           To        Size
         ----           --        ----
  0x2000'01e2  0x2000'01ff        0x1e
  0x2001'534c  0x2006'efff    0x5'9cb4
  0x7000'eac5  0x703f'ffff   0x3f'153b
  0x8000'0000  0x8000'03ff       0x400
  0x8001'5b06  0x81df'ffff  0x1de'a4fa


*******************************************************************************
*** INIT TABLE
***

          Address      Size
          -------      ----
Zero (__iar_zero_init3)
    1 destination range, total size 0x1'514c:
          0x2000'0200  0x1'514c

Copy/lz77 (__iar_lz77_init3)
    1 source range, total size 0xc006 (55% of destination):
          0x7000'293e    0xc006
    1 destination range, total size 0x1'5706:
          0x8000'0400  0x1'5706

Copy/lz77 (__iar_lz77_init3)
    1 source range, total size 0x181 (79% of destination):
          0x7000'e944     0x181
    1 destination range, total size 0x1e2:
          0x2000'0000     0x1e2



*******************************************************************************
*** MODULE SUMMARY
***

    Module                              ro code  rw code  ro data  rw data
    ------                              -------  -------  -------  -------
command line/config:
    ----------------------------------------------------------------------
    Total:

C:\Users\liuke\Desktop\iar64\Smart_Car\RT1064\IAR\program\nor_sdram_zf_dtcm\Obj: [1]
    Data_Send.o                                      796      445    1'289
    EM.o                                           2'252    1'264       84
    SEEKFREE_MT9V03X.o                               284      159   22'566
    SEEKFREE_MT9V03X_CSI.o                           388      272   45'250
    SEEKFREE_MT9V03X_CSI_ME.o                      1'344      770   14'528
    board.o                                          824      461
    clock_config.o                                 1'780    1'068      128
    common.o                                          18       11
    control.o                                      1'768    1'140      424
    diff.o                                            20       11        1
    evkmimxrt1064_flexspi_nor_config.o                        512
    evkmimxrt1064_sdram_ini_dcd.o                           1'072
    fsl_adc.o                                        716      607      368
    fsl_assert.o                                      28       41       44
    fsl_clock.o                                    1'852    1'101      124
    fsl_csi.o                                      1'576    1'028      268
    fsl_debug_console.o                              464      362      216
    fsl_edma.o                                     1'148      706      240
    fsl_enet.o                                       236      219      180
    fsl_flexcan.o                                    152      166      164
    fsl_flexio.o                                     100       56       24
    fsl_flexio_camera.o                               60       34
    fsl_flexspi_nor_boot.o                                     48
    fsl_lpi2c.o                                      144       80       48
    fsl_lpspi.o                                      240      227      192
    fsl_lpuart.o                                   2'540    1'663      472
    fsl_pit.o                                        324      321      250
    fsl_pwm.o                                      2'572    1'684      436
    fsl_qtmr.o                                       452      410      280
    fsl_sai.o                                        312      241      160
    fsl_spdif.o                                       68       38       16
    fsl_str.o                                      2'404    1'346
    fsl_usdhc.o                                       52       36       28
    function.o                                       116       65
    isr.o                                            144       81
    lpuart_adapter.o                                 372      365      280
    main.o                                           160       90
    pwm_me.o                                         228      127
    qtimer.o                                          24       13
    search.o                                      12'616    7'388    2'406
    serial_manager.o                                 508      386      180
    serial_port_uart.o                               212      205      156
    speed.o                                           68       38       28
    startup_MIMXRT1064.o                    108
    system_MIMXRT1064.o                     382                 3        4
    usb_device_dci.o                                 378      212
    usb_device_ehci.o                              1'504      843
    zf_adc.o                                         700      523      228
    zf_camera.o                                       48       27       28
    zf_csi.o                                         884      600      220
    zf_gpio.o                                                  32       40
    zf_iomuxc.o                                   27'312   15'388      176
    zf_pit.o                                         612      467      224
    zf_pwm.o                                       2'028    1'197      100
    zf_qtimer.o                                    1'896    1'122      100
    zf_systick.o                                     112      123      108
    zf_uart.o                                      1'160      722      116
    zf_usb_cdc.o                                      32       18       16
    zf_vector.o                                      616    1'369
    ----------------------------------------------------------------------
    Total:                                  490   76'644   49'003   92'190

dl7M_tln.a: [2]
    abort.o                                   6
    abs.o                                              8        4
    exit.o                                             4        2
    low_level_init.o                          4
    ----------------------------------------------------------------------
    Total:                                   10       12        6

m7M_tlv.a: [3]
    DblToS64.o                                        92       53
    S64ToDbl.o                                        82       46
    fpinit_M.o                               34
    frexp.o                                          124       70
    iar_Exp64.o                                      872      489
    ldexp.o                                          240      134
    modf.o                                           158       89
    pow64.o                                        1'388    1'369    1'056
    sqrt.o                                            30       17
    tan64.o                                          636      357
    ----------------------------------------------------------------------
    Total:                                   34    3'622    2'624    1'056

rt7M_tl.a: [4]
    ABImemclr4.o                                       6        4
    ABImemcpy.o                                      134       76
    ABImemset.o                                      102       57
    ABImemset48.o                                     50       28
    I64DivMod.o                                      628      353
    I64DivZer.o                                        2        2
    cexit.o                                           10        6
    cmain.o                                  30
    cstartup_M.o                             12
    data_init.o                              40
    lz77_init.o                             492
    strlen.o                                          54       30
    vector_table_M.o                         64
    zero_init3.o                             58
    ----------------------------------------------------------------------
    Total:                                  696      986      556

shb_l.a: [5]
    exit.o                                   20
    ----------------------------------------------------------------------
    Total:                                   20

    Gaps                                      2       20        2       98
    Linker created                           16       16       82    4'096
--------------------------------------------------------------------------
    Grand Total:                          1'268   81'300   52'273   97'440


*******************************************************************************
*** ENTRY LIST
***

Entry                       Address    Size  Type      Object
-----                       -------    ----  ----      ------
.iar.init_table$$Base   0x7000'28b8           --   Gb  - Linker created -
.iar.init_table$$Limit  0x7000'2900           --   Gb  - Linker created -
?main                   0x7000'2911          Code  Gb  cmain.o [4]
ADCN                    0x2000'01b8     0xc  Data  Gb  zf_adc.o [1]
ADC_DoAutoCalibration   0x8000'3cf9    0x74  Code  Gb  fsl_adc.o [1]
ADC_EnableHardwareTrigger
                        0x8000'3b67    0x1c  Code  Lc  fsl_adc.o [1]
ADC_GetChannelConversionValue
                        0x8000'3b1f    0x22  Code  Lc  fsl_adc.o [1]
ADC_GetChannelConversionValue
                        0x8000'be69    0x22  Code  Lc  zf_adc.o [1]
ADC_GetChannelStatusFlags
                        0x8000'3b41    0x26  Code  Lc  fsl_adc.o [1]
ADC_GetChannelStatusFlags
                        0x8000'be8b    0x26  Code  Lc  zf_adc.o [1]
ADC_GetDefaultConfig    0x8000'3c63    0x54  Code  Gb  fsl_adc.o [1]
ADC_GetInstance         0x8000'3b87    0x2e  Code  Lc  fsl_adc.o [1]
ADC_GetStatusFlags      0x8000'3b83     0x4  Code  Lc  fsl_adc.o [1]
ADC_Init                0x8000'3bb5    0xae  Code  Gb  fsl_adc.o [1]
ADC_SetChannelConfig    0x8000'3cb7    0x42  Code  Gb  fsl_adc.o [1]
ARM_MPU_Disable         0x8000'1dfb    0x20  Code  Lc  board.o [1]
ARM_MPU_Enable          0x8000'1ddb    0x20  Code  Lc  board.o [1]
Allwhite_find           0x8000'86a1   0x210  Code  Gb  search.o [1]
Allwhiteend             0x2000'0dd4     0x4  Data  Gb  search.o [1]
Allwhiterow             0x2000'0ce0    0xf0  Data  Gb  search.o [1]
Allwhitestart           0x2000'0dd0     0x4  Data  Gb  search.o [1]
BOARD_BootClockRUN      0x8000'2271   0x448  Code  Gb  clock_config.o [1]
BOARD_ConfigMPU         0x8000'1fc7    0x7c  Code  Gb  board.o [1]
BOARD_DebugConsoleSrcFreq
                        0x8000'1f75    0x3a  Code  Gb  board.o [1]
BOARD_InitDebugConsole  0x8000'1faf    0x18  Code  Gb  board.o [1]
BusFault_Handler        0x8001'586f     0x2  Code  Gb  common.o [1]
CAN1_DriverIRQHandler   0x8000'524d    0x26  Code  Gb  fsl_flexcan.o [1]
CAN2_DriverIRQHandler   0x8000'5273    0x26  Code  Gb  fsl_flexcan.o [1]
CAN3_DriverIRQHandler   0x8000'5299    0x26  Code  Gb  fsl_flexcan.o [1]
CLOCK_ControlGate       0x8000'21dd    0x48  Code  Lc  clock_config.o [1]
CLOCK_ControlGate       0x8000'3ac9    0x46  Code  Lc  fsl_adc.o [1]
CLOCK_ControlGate       0x8000'450d    0x48  Code  Lc  fsl_csi.o [1]
CLOCK_ControlGate       0x8000'5525    0x48  Code  Lc  fsl_lpuart.o [1]
CLOCK_ControlGate       0x8000'5ef1    0x42  Code  Lc  fsl_pit.o [1]
CLOCK_ControlGate       0x8000'6035    0x48  Code  Lc  fsl_pwm.o [1]
CLOCK_ControlGate       0x8000'6a41    0x42  Code  Lc  fsl_qtmr.o [1]
CLOCK_ControlGate       0x8000'c4c9    0x42  Code  Lc  zf_iomuxc.o [1]
CLOCK_DeinitAudioPll    0x8000'411d     0xc  Code  Gb  fsl_clock.o [1]
CLOCK_DeinitEnetPll     0x8000'4135     0xc  Code  Gb  fsl_clock.o [1]
CLOCK_DeinitUsb2Pll     0x8000'4113     0xa  Code  Gb  fsl_clock.o [1]
CLOCK_DeinitVideoPll    0x8000'4129     0xc  Code  Gb  fsl_clock.o [1]
CLOCK_DisableClock      0x8000'2225    0x10  Code  Lc  clock_config.o [1]
CLOCK_DisableClock      0x8000'557d    0x10  Code  Lc  fsl_lpuart.o [1]
CLOCK_DisableClock      0x8000'5f43    0x10  Code  Lc  fsl_pit.o [1]
CLOCK_DisableClock      0x8000'608d    0x10  Code  Lc  fsl_pwm.o [1]
CLOCK_DisableClock      0x8000'6a93    0x10  Code  Lc  fsl_qtmr.o [1]
CLOCK_EnableClock       0x8000'3b0f    0x10  Code  Lc  fsl_adc.o [1]
CLOCK_EnableClock       0x8000'4555    0x10  Code  Lc  fsl_csi.o [1]
CLOCK_EnableClock       0x8000'556d    0x10  Code  Lc  fsl_lpuart.o [1]
CLOCK_EnableClock       0x8000'5f33    0x10  Code  Lc  fsl_pit.o [1]
CLOCK_EnableClock       0x8000'607d    0x10  Code  Lc  fsl_pwm.o [1]
CLOCK_EnableClock       0x8000'6a83    0x10  Code  Lc  fsl_qtmr.o [1]
CLOCK_EnableClock       0x8000'c519    0x10  Code  Lc  zf_iomuxc.o [1]
CLOCK_GetAhbFreq        0x8000'3f35    0x18  Code  Gb  fsl_clock.o [1]
CLOCK_GetDiv            0x8000'1f39    0x2a  Code  Lc  board.o [1]
CLOCK_GetFreq           0x8000'3fbf   0x114  Code  Gb  fsl_clock.o [1]
CLOCK_GetIpgFreq        0x8000'3f81    0x18  Code  Gb  fsl_clock.o [1]
CLOCK_GetMux            0x8000'1f0f    0x2a  Code  Lc  board.o [1]
CLOCK_GetOscFreq        0x8000'1f63    0x12  Code  Lc  board.o [1]
CLOCK_GetOscFreq        0x8000'3db1    0x18  Code  Lc  fsl_clock.o [1]
CLOCK_GetPerClkFreq     0x8000'3f99    0x26  Code  Gb  fsl_clock.o [1]
CLOCK_GetPeriphClkFreq  0x8000'3e17    0xaa  Code  Lc  fsl_clock.o [1]
CLOCK_GetPllBypassRefClk
                        0x8000'3df5    0x22  Code  Lc  fsl_clock.o [1]
CLOCK_GetPllFreq        0x8000'4141   0x23e  Code  Gb  fsl_clock.o [1]
CLOCK_GetRtcFreq        0x8000'3dc9     0x6  Code  Lc  fsl_clock.o [1]
CLOCK_GetSemcFreq       0x8000'3f4d    0x34  Code  Gb  fsl_clock.o [1]
CLOCK_GetSysPfdFreq     0x8000'4389    0x60  Code  Gb  fsl_clock.o [1]
CLOCK_GetUsb1PfdFreq    0x8000'43f5    0x60  Code  Gb  fsl_clock.o [1]
CLOCK_InitArmPll        0x8000'40d3    0x40  Code  Gb  fsl_clock.o [1]
CLOCK_InitExternalClk   0x8000'3ec1    0x4a  Code  Gb  fsl_clock.o [1]
CLOCK_InitRcOsc24M      0x8000'3f27     0xe  Code  Gb  fsl_clock.o [1]
CLOCK_IsPllBypassed     0x8000'3dcf    0x10  Code  Lc  fsl_clock.o [1]
CLOCK_IsPllEnabled      0x8000'3ddf    0x16  Code  Lc  fsl_clock.o [1]
CLOCK_SetDiv            0x8000'2167    0x76  Code  Lc  clock_config.o [1]
CLOCK_SetDiv            0x8000'c1c3    0x6e  Code  Lc  zf_csi.o [1]
CLOCK_SetDiv            0x8001'3005    0x6e  Code  Lc  zf_pit.o [1]
CLOCK_SetMux            0x8000'20f1    0x76  Code  Lc  clock_config.o [1]
CLOCK_SetMux            0x8000'c155    0x6e  Code  Lc  zf_csi.o [1]
CLOCK_SetMux            0x8001'2f97    0x6e  Code  Lc  zf_pit.o [1]
CLOCK_SetPllBypass      0x8000'2245    0x2c  Code  Lc  clock_config.o [1]
CLOCK_SetRtcXtalFreq    0x8000'223d     0x8  Code  Lc  clock_config.o [1]
CLOCK_SetXtalFreq       0x8000'2235     0x8  Code  Lc  clock_config.o [1]
CLOCK_SwitchOsc         0x8000'3f0b    0x1c  Code  Gb  fsl_clock.o [1]
CSI_ClearFifo           0x8000'47f3    0x30  Code  Gb  fsl_csi.o [1]
CSI_DriverIRQHandler    0x8000'4ac3    0x10  Code  Gb  fsl_csi.o [1]
CSI_EnableFifoDmaRequest
                        0x8000'4843    0x2e  Code  Gb  fsl_csi.o [1]
CSI_EnableInterrupts    0x8000'4871    0x24  Code  Gb  fsl_csi.o [1]
CSI_GetDefaultConfig    0x8000'478f    0x54  Code  Gb  fsl_csi.o [1]
CSI_GetInstance         0x8000'45b5    0x34  Code  Lc  fsl_csi.o [1]
CSI_IRQHandler          0x8000'77bf     0xc  Code  Gb  isr.o [1]
CSI_Init                0x8000'4645    0xfc  Code  Gb  fsl_csi.o [1]
CSI_ReflashFifoDma      0x8000'4823    0x20  Code  Gb  fsl_csi.o [1]
CSI_Reset               0x8000'4741    0x4e  Code  Gb  fsl_csi.o [1]
CSI_SetRxBufferAddr     0x8000'47e3    0x10  Code  Gb  fsl_csi.o [1]
CSI_Start               0x8000'4585    0x18  Code  Lc  fsl_csi.o [1]
CSI_Stop                0x8000'459d    0x18  Code  Lc  fsl_csi.o [1]
CSI_TransferCreateHandle
                        0x8000'4895    0x5e  Code  Gb  fsl_csi.o [1]
CSI_TransferGetEmptyBufferCount
                        0x8000'4605    0x12  Code  Lc  fsl_csi.o [1]
CSI_TransferGetFullBuffer
                        0x8000'49df    0x36  Code  Gb  fsl_csi.o [1]
CSI_TransferGetQueueDelta
                        0x8000'45e9     0xe  Code  Lc  fsl_csi.o [1]
CSI_TransferHandleIRQ   0x8000'4a19    0xaa  Code  Gb  fsl_csi.o [1]
CSI_TransferIncreaseQueueIdx
                        0x8000'45f7     0xe  Code  Lc  fsl_csi.o [1]
CSI_TransferLoadBufferToDevice
                        0x8000'4617    0x2e  Code  Lc  fsl_csi.o [1]
CSI_TransferStart       0x8000'48f3    0x76  Code  Gb  fsl_csi.o [1]
CSI_TransferSubmitEmptyBuffer
                        0x8000'4969    0x76  Code  Gb  fsl_csi.o [1]
CSTACK$$Base            0x2006'f000           --   Gb  - Linker created -
CSTACK$$Limit           0x2007'0000           --   Gb  - Linker created -
Cam_Offset_Table0       0x2000'004c    0x3c  Data  Gb  control.o [1]
Cam_offset              0x2000'0e00     0x4  Data  Gb  search.o [1]
Cam_offset_filter       0x2000'0cd0    0x10  Data  Gb  search.o [1]
CarSpeed1               0x2000'027c     0x4  Data  Gb  control.o [1]
CarSpeed2               0x2000'0280     0x4  Data  Gb  control.o [1]
ConvertFloatRadixNumToString
                        0x8000'6ed1   0x19e  Code  Lc  fsl_str.o [1]
ConvertRadixNumToString
                        0x8000'6d81   0x150  Code  Lc  fsl_str.o [1]
Curve_Cnt               0x2000'0820     0x4  Data  Gb  EM.o [1]
DMA0_DMA16_DriverIRQHandler
                        0x8000'4e3b    0x34  Code  Gb  fsl_edma.o [1]
DMA10_DMA26_DriverIRQHandler
                        0x8000'5039    0x30  Code  Gb  fsl_edma.o [1]
DMA11_DMA27_DriverIRQHandler
                        0x8000'5069    0x2e  Code  Gb  fsl_edma.o [1]
DMA12_DMA28_DriverIRQHandler
                        0x8000'5097    0x2e  Code  Gb  fsl_edma.o [1]
DMA13_DMA29_DriverIRQHandler
                        0x8000'50c5    0x2e  Code  Gb  fsl_edma.o [1]
DMA14_DMA30_DriverIRQHandler
                        0x8000'50f3    0x2e  Code  Gb  fsl_edma.o [1]
DMA15_DMA31_DriverIRQHandler
                        0x8000'5121    0x2e  Code  Gb  fsl_edma.o [1]
DMA1_DMA17_DriverIRQHandler
                        0x8000'4e6f    0x34  Code  Gb  fsl_edma.o [1]
DMA2_DMA18_DriverIRQHandler
                        0x8000'4ea3    0x34  Code  Gb  fsl_edma.o [1]
DMA3_DMA19_DriverIRQHandler
                        0x8000'4ed7    0x34  Code  Gb  fsl_edma.o [1]
DMA4_DMA20_DriverIRQHandler
                        0x8000'4f0b    0x34  Code  Gb  fsl_edma.o [1]
DMA5_DMA21_DriverIRQHandler
                        0x8000'4f3f    0x34  Code  Gb  fsl_edma.o [1]
DMA6_DMA22_DriverIRQHandler
                        0x8000'4f73    0x34  Code  Gb  fsl_edma.o [1]
DMA7_DMA23_DriverIRQHandler
                        0x8000'4fa7    0x32  Code  Gb  fsl_edma.o [1]
DMA8_DMA24_DriverIRQHandler
                        0x8000'4fd9    0x30  Code  Gb  fsl_edma.o [1]
DMA9_DMA25_DriverIRQHandler
                        0x8000'5009    0x30  Code  Gb  fsl_edma.o [1]
DbgConsole_Init         0x8000'4b9b    0xe6  Code  Gb  fsl_debug_console.o [1]
DbgConsole_PrintCallback
                        0x8000'4b5d    0x3e  Code  Lc  fsl_debug_console.o [1]
DbgConsole_Printf       0x8000'4c81    0x3e  Code  Gb  fsl_debug_console.o [1]
DbgConsole_SendData     0x8000'4b15    0x48  Code  Gb  fsl_debug_console.o [1]
DebugMon_Handler        0x8001'5875     0x2  Code  Gb  common.o [1]
DefaultISR              0x7000'2869          Code  Wk  startup_MIMXRT1064.o [1]
DisableGlobalIRQ        0x8000'7991     0x8  Code  Lc  main.o [1]
DisableGlobalIRQ        0x8000'ad79     0x8  Code  Lc  SEEKFREE_MT9V03X_CSI.o [1]
DisableGlobalIRQ        0x8000'c231     0x8  Code  Lc  zf_csi.o [1]
EDMA_GetChannelStatusFlags
                        0x8000'4ce5    0x4a  Code  Gb  fsl_edma.o [1]
EDMA_HandleIRQ          0x8000'4d39   0x102  Code  Gb  fsl_edma.o [1]
EM_2_Max                0x2000'083c     0x4  Data  Gb  EM.o [1]
EM_3_Max                0x2000'0840     0x4  Data  Gb  EM.o [1]
EM_Curve_Rec            0x8000'3331    0xa6  Code  Gb  EM.o [1]
EM_Get                  0x8000'3251    0xe0  Code  Gb  EM.o [1]
EM_Init                 0x8000'3223    0x2c  Code  Gb  EM.o [1]
EM_Peak_Time_Cnt        0x2000'0824     0x4  Data  Gb  EM.o [1]
EM_Ring_Max             0x2000'0830     0x4  Data  Gb  EM.o [1]
[...]
SerialManager_OpenWriteHandle
                        0x8000'b50d    0x56  Code  Gb  serial_manager.o [1]
SerialManager_StartWriting
                        0x8000'b3f9    0x34  Code  Lc  serial_manager.o [1]
SerialManager_Write     0x8000'b42d    0x74  Code  Lc  serial_manager.o [1]
SerialManager_WriteBlocking
                        0x8000'b5c1    0x14  Code  Gb  serial_manager.o [1]
Serial_UartInit         0x8000'b5f5    0x6e  Code  Gb  serial_port_uart.o [1]
Serial_UartWrite        0x8000'b663    0x52  Code  Gb  serial_port_uart.o [1]
Servo_Duty              0x8000'7ab5    0x4a  Code  Gb  pwm_me.o [1]
Servo_Init              0x8000'7a61    0x10  Code  Gb  pwm_me.o [1]
SetSpeed1               0x2000'02b0     0x4  Data  Gb  control.o [1]
SetSpeed2               0x2000'02b4     0x4  Data  Gb  control.o [1]
Slope                   0x8000'84d5    0x30  Code  Gb  search.o [1]
SpeedControlOutNew1     0x2000'02b8     0x4  Data  Gb  control.o [1]
SpeedControlOutNew2     0x2000'02bc     0x4  Data  Gb  control.o [1]
SpeedE1                 0x2000'02c8     0x4  Data  Gb  control.o [1]
SpeedE2                 0x2000'02cc     0x4  Data  Gb  control.o [1]
SpeedI1                 0x2000'02c0     0x4  Data  Gb  control.o [1]
SpeedI2                 0x2000'02c4     0x4  Data  Gb  control.o [1]
Speed_Control           0x8000'2905   0x1c4  Code  Gb  control.o [1]
Speed_Control_Output    0x8000'2ac9    0x32  Code  Gb  control.o [1]
Speed_kI1               0x2000'02e0     0x4  Data  Gb  control.o [1]
Speed_kI2               0x2000'02e4     0x4  Data  Gb  control.o [1]
Speed_kP1               0x2000'02d8     0x4  Data  Gb  control.o [1]
Speed_kP2               0x2000'02dc     0x4  Data  Gb  control.o [1]
StrFormatPrintf         0x8000'7079   0x66c  Code  Gb  fsl_str.o [1]
SysTick_Handler         0x8001'5879     0x2  Code  Gb  common.o [1]
SystemCoreClock         0x2000'01dc     0x4  Data  Gb  system_MIMXRT1064.o [1]
SystemInit              0x7000'26ff    0xb0  Code  Gb  system_MIMXRT1064.o [1]
TurnFuzzyPD_Cam         0x8000'2c4d   0x156  Code  Gb  control.o [1]
Turn_Cam                0x8000'2da9    0x7c  Code  Gb  control.o [1]
Turn_Cam::Cam_offset_old
                        0x2000'02e8     0x4  Data  Lc  control.o [1]
Turn_Cam_D              0x2000'01c8     0x4  Data  Gb  control.o [1]
Turn_Cam_D_Table0       0x2000'00c4    0x3c  Data  Gb  control.o [1]
Turn_Cam_Out            0x2000'0284     0x4  Data  Gb  control.o [1]
Turn_Cam_P              0x2000'01c4     0x4  Data  Gb  control.o [1]
Turn_Cam_P_Table0       0x2000'0088    0x3c  Data  Gb  control.o [1]
UARTN                   0x2000'014c    0x24  Data  Gb  zf_uart.o [1]
USB_DeviceControl       0x8000'b70d    0x36  Code  Lc  usb_device_dci.o [1]
USB_DeviceEhciCancelControlPipe
                        0x8000'b915   0x10a  Code  Lc  usb_device_ehci.o [1]
USB_DeviceEhciFillSetupBuffer
                        0x8000'b889    0x8c  Code  Lc  usb_device_ehci.o [1]
USB_DeviceEhciInterruptPortChange
                        0x8000'bd65    0x52  Code  Lc  usb_device_ehci.o [1]
USB_DeviceEhciInterruptReset
                        0x8000'bdb7    0x66  Code  Lc  usb_device_ehci.o [1]
USB_DeviceEhciInterruptSof
                        0x8000'be1d     0x2  Code  Lc  usb_device_ehci.o [1]
USB_DeviceEhciInterruptTokenDone
                        0x8000'ba1f   0x346  Code  Lc  usb_device_ehci.o [1]
USB_DeviceEhciIsrFunction
                        0x8000'be1f    0x4a  Code  Gb  usb_device_ehci.o [1]
USB_DeviceNotification  0x8000'b7a3    0xba  Code  Lc  usb_device_dci.o [1]
USB_DeviceNotificationTrigger
                        0x8000'b85d    0x2a  Code  Gb  usb_device_dci.o [1]
USB_DeviceResetNotification
                        0x8000'b743    0x60  Code  Lc  usb_device_dci.o [1]
USB_OTG1_IRQHandler     0x8001'4629     0xe  Code  Gb  zf_usb_cdc.o [1]
USB_OTG2_IRQHandler     0x8001'4637     0xe  Code  Gb  zf_usb_cdc.o [1]
USDHC1_DriverIRQHandler
                        0x8000'76e5    0x12  Code  Gb  fsl_usdhc.o [1]
USDHC2_DriverIRQHandler
                        0x8000'76f7    0x12  Code  Gb  fsl_usdhc.o [1]
UsageFault_Handler      0x8001'5871     0x2  Code  Gb  common.o [1]
Variable                0x2000'07a8    0x50  Data  Gb  Data_Send.o [1]
Variable_update         0x8000'30d1    0xb4  Code  Gb  Data_Send.o [1]
ZI$$Base                0x2000'0200           --   Gb  - Linker created -
ZI$$Limit               0x2001'534c           --   Gb  - Linker created -
__CSTACK_ADDRESS {Abs}  0x2007'0000          Data  Gb  <internal module>
__NVIC_EnableIRQ        0x8000'44ed    0x20  Code  Lc  fsl_csi.o [1]
__NVIC_EnableIRQ        0x8000'5505    0x20  Code  Lc  fsl_lpuart.o [1]
__NVIC_EnableIRQ        0x8001'2f79    0x1e  Code  Lc  zf_pit.o [1]
__NVIC_SetPriorityGrouping
                        0x8000'1db9    0x22  Code  Lc  board.o [1]
__RAM_VECTOR_TABLE_SIZE {Abs}
                              0x400          Data  Gb  <internal module>
__VECTOR_RAM {Abs}      0x8000'0000          Data  Gb  <internal module>
__VECTOR_TABLE {Abs}    0x7000'2000          Data  Gb  <internal module>
__aeabi_assert          0x8000'3d95    0x1c  Code  Gb  fsl_assert.o [1]
__aeabi_d2lz            0x8001'4c81          Code  Gb  DblToS64.o [3]
__aeabi_l2d             0x8001'4cdd          Code  Gb  S64ToDbl.o [3]
__aeabi_ldiv0           0x8001'5345          Code  Gb  I64DivZer.o [4]
__aeabi_ldivmod         0x8001'49d5          Code  Gb  I64DivMod.o [4]
__aeabi_memclr4         0x8001'533d          Code  Gb  ABImemclr4.o [4]
__aeabi_memcpy4         0x8001'494d          Code  Gb  ABImemcpy.o [4]
__aeabi_memcpy8         0x8001'494d          Code  Gb  ABImemcpy.o [4]
__aeabi_memset          0x8001'48e5          Code  Gb  ABImemset.o [4]
__aeabi_uldivmod        0x8001'4a19          Code  Gb  I64DivMod.o [4]
__cmain                 0x7000'2911          Code  Gb  cmain.o [4]
__exit                  0x7000'266d    0x14  Code  Gb  exit.o [5]
__iar_Exp64             0x8001'5349   0x368  Code  Gb  iar_Exp64.o [3]
__iar_Memset            0x8001'48e5          Code  Gb  ABImemset.o [4]
__iar_Memset4_word      0x8001'581d          Code  Gb  ABImemset48.o [4]
__iar_Memset8_word      0x8001'581d          Code  Gb  ABImemset48.o [4]
__iar_Memset_word       0x8001'48ed          Code  Gb  ABImemset.o [4]
__iar_data_init3        0x7000'286d    0x28  Code  Gb  data_init.o [4]
__iar_frexp             0x8001'56c9          Code  Gb  frexp.o [3]
__iar_frexp64           0x8001'56b1          Code  Gb  frexp.o [3]
__iar_frexpl            0x8001'56c9          Code  Gb  frexp.o [3]
__iar_init_vfp          0x7000'2895          Code  Gb  fpinit_M.o [3]
__iar_ldexp64           0x8001'572d          Code  Gb  ldexp.o [3]
__iar_lz77_init3        0x7000'24bf   0x16e  Code  Gb  lz77_init.o [4]
__iar_modf              0x8001'4d41          Code  Gb  modf.o [3]
__iar_modf64            0x8001'4d31          Code  Gb  modf.o [3]
__iar_modfl             0x8001'4d41          Code  Gb  modf.o [3]
__iar_pow64             0x8001'4dd1   0x518  Code  Gb  pow64.o [3]
__iar_pow_medium        0x8001'4dd1   0x518  Code  Gb  pow64.o [3]
__iar_pow_medium64      0x8001'4dd1   0x518  Code  Gb  pow64.o [3]
__iar_pow_mediuml       0x8001'4dd1   0x518  Code  Gb  pow64.o [3]
__iar_program_start     0x7000'2933          Code  Gb  cstartup_M.o [4]
__iar_scalbln64         0x8001'572d          Code  Gb  ldexp.o [3]
__iar_scalbn64          0x8001'572d          Code  Gb  ldexp.o [3]
__iar_sqrt64            0x8001'4649          Code  Gb  sqrt.o [3]
__iar_tan64             0x8001'4669   0x27c  Code  Gb  tan64.o [3]
__iar_tan_medium        0x8001'4669   0x27c  Code  Gb  tan64.o [3]
__iar_tan_medium64      0x8001'4669   0x27c  Code  Gb  tan64.o [3]
__iar_tan_mediuml       0x8001'4669   0x27c  Code  Gb  tan64.o [3]
__iar_zero_init3        0x7000'2633    0x3a  Code  Gb  zero_init3.o [4]
__low_level_init        0x7000'292f     0x4  Code  Gb  low_level_init.o [2]
__vector_table          0x7000'2400          Data  Gb  vector_table_M.o [4]
__zf_vector_table       0x7000'2000   0x400  Data  Gb  zf_vector.o [1]
_call_main              0x7000'291d          Code  Gb  cmain.o [4]
_exit                   0x8001'5859          Code  Gb  cexit.o [4]
_main                   0x7000'292b          Code  Gb  cmain.o [4]
abort                   0x7000'262d     0x6  Code  Gb  abort.o [2]
abs                     0x8001'5afb     0x8  Code  Gb  abs.o [2]
abs_f_em                0x8000'3213    0x10  Code  Gb  EM.o [1]
adc_convert             0x8000'c069    0x4c  Code  Gb  zf_adc.o [1]
adc_init                0x8000'c01f    0x4a  Code  Gb  zf_adc.o [1]
adc_iomuxc              0x8000'beb1   0x16e  Code  Gb  zf_adc.o [1]
adc_mean_filter         0x8000'c0b5    0x56  Code  Gb  zf_adc.o [1]
armPllConfig_BOARD_BootClockRUN
                        0x8000'0898     0x8  Data  Gb  clock_config.o [1]
board_init              0x8000'2043    0x24  Code  Gb  board.o [1]
boot_data               0x7000'1020    0x10  Data  Gb  fsl_flexspi_nor_boot.o [1]
camera_dispose_main     0x8000'b3ad    0x4c  Code  Gb  SEEKFREE_MT9V03X_CSI_ME.o [1]
ch                      0x2000'07a0     0x1  Data  Gb  Data_Send.o [1]
cnt                     0x2000'079c     0x4  Data  Gb  Data_Send.o [1]
csi_add_empty_buffer    0x8000'c469    0x12  Code  Gb  zf_csi.o [1]
csi_g_lpuartHandle      0x2001'19f0    0x30  Data  Gb  SEEKFREE_MT9V03X_CSI.o [1]
csi_get_full_buffer     0x8000'c47b    0x1c  Code  Gb  zf_csi.o [1]
csi_handle              0x2001'531c    0x1c  Data  Gb  zf_csi.o [1]
csi_init                0x8000'c2f5   0x174  Code  Gb  zf_csi.o [1]
csi_iomuxc              0x8000'c239    0xbc  Code  Gb  zf_csi.o [1]
csi_isr                 0x8000'add1    0x52  Code  Gb  SEEKFREE_MT9V03X_CSI.o [1]
csi_mt9v03x_uart_callback
                        0x8000'ad87    0x4a  Code  Gb  SEEKFREE_MT9V03X_CSI.o [1]
csi_receivexfer         0x2001'19e8     0x8  Data  Gb  SEEKFREE_MT9V03X_CSI.o [1]
csi_rx_buffer           0x2001'19e4     0x1  Data  Gb  SEEKFREE_MT9V03X_CSI.o [1]
csi_start               0x8000'c497     0xe  Code  Gb  zf_csi.o [1]
dcd_data                0x7000'1030   0x430  Data  Gb  evkmimxrt1064_sdram_ini_dcd.o [1]
diff_on                 0x8000'31f1     0x8  Code  Gb  diff.o [1]
diff_state              0x2000'07f8     0x1  Data  Lc  diff.o [1]
dma_restart             0x8000'c131    0x14  Code  Gb  zf_camera.o [1]
exit                    0x8001'5b03     0x4  Code  Gb  exit.o [2]
flexio_flag_clear       0x8000'c125     0xc  Code  Gb  zf_camera.o [1]
frexp                   0x8001'56b1          Code  Gb  frexp.o [3]
frexpl                  0x8001'56b1          Code  Gb  frexp.o [3]
fullCameraBufferAddr    0x2001'5338     0x4  Data  Gb  zf_csi.o [1]
g_rtcXtalFreq           0x2000'0850     0x4  Data  Gb  fsl_clock.o [1]
g_serialHandle          0x2000'0878     0x4  Data  Gb  fsl_debug_console.o [1]
g_xtalFreq              0x2000'084c     0x4  Data  Gb  fsl_clock.o [1]
get_config              0x8000'acef    0x66  Code  Gb  SEEKFREE_MT9V03X.o [1]
get_diff_state          0x8000'31e9     0x8  Code  Gb  diff.o [1]
get_speed               0x8000'b6db     0x8  Code  Gb  speed.o [1]
image_vector_table      0x7000'1000    0x20  Data  Gb  fsl_flexspi_nor_boot.o [1]
iomuxc_pinconf          0x8000'c555  0x694c  Code  Gb  zf_iomuxc.o [1]
ldexp                   0x8001'572d          Code  Gb  ldexp.o [3]
ldexpl                  0x8001'572d          Code  Gb  ldexp.o [3]
lib_set_speed           0x8000'b6c9    0x12  Code  Gb  speed.o [1]
lib_speed_init          0x8000'b6e3    0x20  Code  Gb  speed.o [1]
limit_em                0x8000'31fd    0x16  Code  Gb  EM.o [1]
lnbias                  0x8000'0400   0x420  Data  Lc  pow64.o [3]
m_boot_hdr_conf_start {Abs}
                        0x7000'0000          Data  Gb  <internal module>
main                    0x8000'799f    0x86  Code  Gb  main.o [1]
modf                    0x8001'4d31          Code  Gb  modf.o [3]
modfl                   0x8001'4d31          Code  Gb  modf.o [3]
mt9v03x_csi1_image      0x2000'6980  0x5820  Data  Gb  SEEKFREE_MT9V03X_CSI.o [1]
mt9v03x_csi2_image      0x2000'c1c0  0x5820  Data  Gb  SEEKFREE_MT9V03X_CSI.o [1]
mt9v03x_csi_finish_flag
                        0x2001'1a20     0x1  Data  Gb  SEEKFREE_MT9V03X_CSI.o [1]
mt9v03x_csi_image       0x2001'19e0     0x4  Data  Gb  SEEKFREE_MT9V03X_CSI.o [1]
mt9v03x_csi_init        0x8000'ae23    0x98  Code  Gb  SEEKFREE_MT9V03X_CSI.o [1]
mt9v03x_image           0x2000'1124  0x5820  Data  Gb  SEEKFREE_MT9V03X.o [1]
mt9v03x_vsync           0x8000'ad55    0x14  Code  Gb  SEEKFREE_MT9V03X.o [1]
pit_init                0x8001'3143    0x32  Code  Gb  zf_pit.o [1]
pit_interrupt           0x8001'3175    0x3e  Code  Gb  zf_pit.o [1]
pow                     0x8001'4dd1   0x518  Code  Gb  pow64.o [3]
powl                    0x8001'4dd1   0x518  Code  Gb  pow64.o [3]
pwm_duty                0x8001'3929    0x94  Code  Gb  zf_pwm.o [1]
pwm_init                0x8001'3731   0x1f8  Code  Gb  zf_pwm.o [1]
pwm_iomuxc              0x8001'3229   0x508  Code  Gb  zf_pwm.o [1]
qspiflash_config        0x7000'0000   0x200  Data  Gb  evkmimxrt1064_flexspi_nor_config.o [1]
qtimer_AB_init          0x8001'587b    0x18  Code  Gb  qtimer.o [1]
qtimer_iomuxc           0x8001'39f9   0x628  Code  Gb  zf_qtimer.o [1]
qtimer_quad_clear       0x8001'40f3    0x30  Code  Gb  zf_qtimer.o [1]
qtimer_quad_get         0x8001'40c3    0x30  Code  Gb  zf_qtimer.o [1]
qtimer_quad_init        0x8001'4021    0xa2  Code  Gb  zf_qtimer.o [1]
receive                 0x2000'6944     0x4  Data  Gb  SEEKFREE_MT9V03X.o [1]
receive_num             0x2000'6948     0x1  Data  Gb  SEEKFREE_MT9V03X.o [1]
s_EDMAHandle            0x2000'087c    0x80  Data  Lc  fsl_edma.o [1]
s_ENETHandle            0x2000'08fc     0x8  Data  Lc  fsl_enet.o [1]
s_FlexioCameraDevice    0x2001'5300    0x1c  Data  Lc  zf_camera.o [1]
s_LpuartAdapterBase     0x8000'1594    0x24  Data  Lc  lpuart_adapter.o [1]
s_adcBases              0x8000'09fc     0xc  Data  Lc  fsl_adc.o [1]
s_adcClocks             0x8000'0a08     0x8  Data  Lc  fsl_adc.o [1]
s_cdcVcom               0x2001'533c    0x10  Data  Gb  zf_usb_cdc.o [1]
s_csiBases              0x8000'0bac     0x4  Data  Lc  fsl_csi.o [1]
s_csiClocks             0x8001'5862     0x2  Data  Lc  fsl_csi.o [1]
s_csiHandle             0x2000'0854     0x4  Data  Lc  fsl_csi.o [1]
s_csiIRQ                0x8001'5864     0x2  Data  Lc  fsl_csi.o [1]
s_csiIsr                0x2000'0858     0x4  Data  Lc  fsl_csi.o [1]
s_debugConsoleState     0x2000'085c    0x1c  Data  Lc  fsl_debug_console.o [1]
s_enetBases             0x8000'0d68     0xc  Data  Lc  fsl_enet.o [1]
s_enetErrIsr            0x2000'090c     0x4  Data  Lc  fsl_enet.o [1]
s_enetRxIsr             0x2000'0908     0x4  Data  Lc  fsl_enet.o [1]
s_enetTsIsr             0x2000'0910     0x4  Data  Lc  fsl_enet.o [1]
s_enetTxIsr             0x2000'0904     0x4  Data  Lc  fsl_enet.o [1]
s_flexcanHandle         0x2000'0914    0x10  Data  Lc  fsl_flexcan.o [1]
s_flexcanIsr            0x2000'0924     0x4  Data  Lc  fsl_flexcan.o [1]
s_flexioHandle          0x2000'0928     0x8  Data  Lc  fsl_flexio.o [1]
s_flexioIsr             0x2000'0938     0x8  Data  Lc  fsl_flexio.o [1]
s_flexioType            0x2000'0930     0x8  Data  Lc  fsl_flexio.o [1]
s_lpi2cMasterHandle     0x2000'0944    0x14  Data  Lc  fsl_lpi2c.o [1]
s_lpi2cMasterIsr        0x2000'0940     0x4  Data  Lc  fsl_lpi2c.o [1]
s_lpi2cSlaveHandle      0x2000'095c    0x14  Data  Lc  fsl_lpi2c.o [1]
s_lpi2cSlaveIsr         0x2000'0958     0x4  Data  Lc  fsl_lpi2c.o [1]
s_lpspiHandle           0x2000'0970    0x14  Data  Lc  fsl_lpspi.o [1]
s_lpspiMasterIsr        0x2000'0984     0x4  Data  Lc  fsl_lpspi.o [1]
s_lpspiSlaveIsr         0x2000'0988     0x4  Data  Lc  fsl_lpspi.o [1]
s_lpuartBases           0x8000'100c    0x24  Data  Lc  fsl_lpuart.o [1]
s_lpuartClock           0x8000'1044    0x14  Data  Lc  fsl_lpuart.o [1]
s_lpuartHandle          0x2000'098c    0x24  Data  Lc  fsl_lpuart.o [1]
s_lpuartIRQ             0x8000'1030    0x14  Data  Lc  fsl_lpuart.o [1]
s_lpuartIsr             0x2000'09b0     0x4  Data  Lc  fsl_lpuart.o [1]
s_pitBases              0x8000'114c     0x4  Data  Lc  fsl_pit.o [1]
s_pitClocks             0x8001'5866     0x2  Data  Lc  fsl_pit.o [1]
s_pwmBases              0x8000'12c8    0x14  Data  Lc  fsl_pwm.o [1]
s_pwmClocks             0x8000'12dc    0x28  Data  Lc  fsl_pwm.o [1]
s_qtmrBases             0x8000'13fc    0x14  Data  Lc  fsl_qtmr.o [1]
s_qtmrClocks            0x8000'1410     0xc  Data  Lc  fsl_qtmr.o [1]
s_saiHandle             0x2000'09b4    0x20  Data  Lc  fsl_sai.o [1]
s_saiRxIsr              0x2000'09d8     0x4  Data  Lc  fsl_sai.o [1]
s_saiTxIsr              0x2000'09d4     0x4  Data  Lc  fsl_sai.o [1]
s_spdifHandle           0x2000'09dc     0x8  Data  Gb  fsl_spdif.o [1]
s_spdifRxIsr            0x2000'09e8     0x4  Data  Lc  fsl_spdif.o [1]
s_spdifTxIsr            0x2000'09e4     0x4  Data  Lc  fsl_spdif.o [1]
s_usdhcBase             0x8000'1494     0xc  Data  Lc  fsl_usdhc.o [1]
s_usdhcHandle           0x2000'09ec     0xc  Data  Lc  fsl_usdhc.o [1]
s_usdhcIsr              0x2000'09f8     0x4  Data  Lc  fsl_usdhc.o [1]
scalbln                 0x8001'572d          Code  Gb  ldexp.o [3]
scalblnl                0x8001'572d          Code  Gb  ldexp.o [3]
scalbn                  0x8001'572d          Code  Gb  ldexp.o [3]
scalbnl                 0x8001'572d          Code  Gb  ldexp.o [3]
set_config              0x8000'ac71    0x7e  Code  Gb  SEEKFREE_MT9V03X.o [1]
sobel                   0x8000'b145   0x1a4  Code  Gb  SEEKFREE_MT9V03X_CSI_ME.o [1]
speed                   0x2001'52e4     0x4  Data  Lc  speed.o [1]
speedTarget1            0x2000'02a8     0x4  Data  Gb  control.o [1]
speedTarget2            0x2000'02ac     0x4  Data  Gb  control.o [1]
sqrt                    0x8001'4649          Code  Gb  sqrt.o [3]
sqrtl                   0x8001'4649          Code  Gb  sqrt.o [3]
start_stop_rec          0x8000'a859   0x398  Code  Gb  search.o [1]
start_stop_rec::start_stop_line
                        0x2000'1114     0x4  Data  Lc  search.o [1]
start_stop_rec::start_waited
                        0x2000'1118     0x4  Data  Lc  search.o [1]
start_stop_rec::stop_cnt
                        0x2000'1120     0x4  Data  Lc  search.o [1]
start_stop_rec::stop_line
                        0x2000'01d8     0x4  Data  Lc  search.o [1]
start_stop_rec::turn_cnt
                        0x2000'111c     0x4  Data  Lc  search.o [1]
strlen                  0x8001'4c49          Code  Gb  strlen.o [4]
systick_delay           0x8001'4131    0x38  Code  Gb  zf_systick.o [1]
systick_delay_ms        0x8001'4169    0x22  Code  Gb  zf_systick.o [1]
tan                     0x8001'4669   0x27c  Code  Gb  tan64.o [3]
tanl                    0x8001'4669   0x27c  Code  Gb  tan64.o [3]
temp1                   0x2000'07a4     0x4  Data  Gb  Data_Send.o [1]
threshold_offset        0x2000'01d4     0x4  Data  Gb  search.o [1]
uart_init               0x8001'44f7    0x6e  Code  Gb  zf_uart.o [1]
uart_iomuxc             0x8001'41a9   0x34e  Code  Gb  zf_uart.o [1]
uart_putbuff            0x8001'458d    0x1c  Code  Gb  zf_uart.o [1]
uart_putchar            0x8001'4565    0x28  Code  Gb  zf_uart.o [1]
uart_receive_flag       0x2000'6949     0x1  Data  Gb  SEEKFREE_MT9V03X.o [1]
uart_rx_irq             0x8001'45a9    0x36  Code  Gb  zf_uart.o [1]
uart_set_handle         0x8001'45df    0x3c  Code  Gb  zf_uart.o [1]
utility_s               0x2001'52e8    0x18  Data  Lc  speed.o [1]
whitecnt                0x2000'10d8     0x4  Data  Gb  search.o [1]


[1] = C:\Users\liuke\Desktop\iar64\Smart_Car\RT1064\IAR\program\nor_sdram_zf_dtcm\Obj
[2] = dl7M_tln.a
[3] = m7M_tlv.a
[4] = rt7M_tl.a
[5] = shb_l.a

   1'268 bytes of readonly  code memory
  81'300 bytes of readwrite code memory
  52'273 bytes of readonly  data memory
  97'440 bytes of readwrite data memory

Errors: none
Warnings: none
